******************************************************************************
                  TI ARM Linker PC v5.1.1                      
******************************************************************************
>> Linked Mon Oct 05 16:36:34 2015

OUTPUT FILE NAME:   <c_control.out>
ENTRY POINT SYMBOL: "_c_int00"  address: 000061bd


MEMORY CONFIGURATION

         name            origin    length      used     unused   attr    fill
----------------------  --------  ---------  --------  --------  ----  --------
  FLASH                 00000000   00040000  00006d60  000392a0  R  X
  SRAM                  20000000   00010000  000015c2  0000ea3e  RW X


SEGMENT ALLOCATION MAP

run origin  load origin   length   init length attrs members
----------  ----------- ---------- ----------- ----- -------
00000000    00000000    00006d68   00006d68    r-x
  00000000    00000000    000000f0   000000f0    r-- .intvecs
  000000f0    000000f0    00006544   00006544    r-x .text
  00006638    00006638    00000654   00000654    r-- .const
  00006c90    00006c90    000000d8   000000d8    r-- .cinit
20000000    20000000    000015c6   00000000    rw-
  20000000    20000000    0000026c   00000000    rw- .vtable
  2000026c    2000026c    00000800   00000000    rw- .stack
  20000a70    20000a70    00000800   00000000    rw- .sysmem
  20001270    20001270    00000220   00000000    rw- .data
  20001490    20001490    00000136   00000000    rw- .bss


SECTION ALLOCATION MAP

 output                                  attributes/
section   page    origin      length       input sections
--------  ----  ----------  ----------   ----------------
.intvecs   0    00000000    000000f0     
                  00000000    000000f0     lm3s1968_startup_ccs.obj (.intvecs)

.init_array 
*          0    00000000    00000000     UNINITIALIZED

.text      0    000000f0    00006544     
                  000000f0    00000e78     rtsv7M3_T_le_eabi.lib : _printfi.obj (.text)
                  00000f68    00000aac     data_process.obj (.text)
                  00001a14    00000850     speed.obj (.text)
                  00002264    00000546     display.obj (.text)
                  000027aa    00000002     --HOLE-- [fill = 0]
                  000027ac    00000510     rit128x96x4.obj (.text)
                  00002cbc    0000047c     main.obj (.text)
                  00003138    000003cc     rtsv7M3_T_le_eabi.lib : memory.obj (.text)
                  00003504    000002bc     debounce.obj (.text)
                  000037c0    00000294     rtsv7M3_T_le_eabi.lib : xsin.obj (.text)
                  00003a54    00000244     motor_control.obj (.text)
                  00003c98    00000238     rtsv7M3_T_le_eabi.lib : strtod.obj (.text)
                  00003ed0    00000238                           : tan.obj (.text)
                  00004108    0000020c     init.obj (.text)
                  00004314    000001f4     rtsv7M3_T_le_eabi.lib : ull_div_t2.obj (.text)
                  00004508    000001c8     driverlib-cm3.lib : sysctl.obj (.text:SysCtlClockGet)
                  000046d0    000001b6     rtsv7M3_T_le_eabi.lib : fd_add_t2.obj (.text)
                  00004886    00000002     --HOLE-- [fill = 0]
                  00004888    00000190                           : xatan.obj (.text)
                  00004a18    00000154                           : fmod.obj (.text)
                  00004b6c    00000148     driverlib-cm3.lib : sysctl.obj (.text:SysCtlClockSet)
                  00004cb4    00000140     rtsv7M3_T_le_eabi.lib : sqrt.obj (.text)
                  00004df4    00000136                           : fd_div_t2.obj (.text)
                  00004f2a    00000002     --HOLE-- [fill = 0]
                  00004f2c    00000110                           : xdscale.obj (.text)
                  0000503c    00000104                           : atan2.obj (.text)
                  00005140    000000fc     driverlib-cm3.lib : gpio.obj (.text:GPIOGetIntNumber)
                  0000523c    000000fc     rtsv7M3_T_le_eabi.lib : fd_mul_t2.obj (.text)
                  00005338    000000fa                           : fs_add_t2.obj (.text)
                  00005432    000000c4                           : xdnorm.obj (.text)
                  000054f6    000000b8     driverlib-cm3.lib : gpio.obj (.text:GPIOPadConfigSet)
                  000055ae    00000002     --HOLE-- [fill = 0]
                  000055b0    000000ac     rtsv7M3_T_le_eabi.lib : atan.obj (.text)
                  0000565c    0000009c                           : memcpy_t2.obj (.text)
                  000056f8    00000094                           : auto_init.obj (.text)
                  0000578c    00000092                           : fs_div_t2.obj (.text)
                  0000581e    00000002     --HOLE-- [fill = 0]
                  00005820    0000008c     driverlib-cm3.lib : sysctl.obj (.text:SysCtlPeripheralReset)
                  000058ac    0000007e     rtsv7M3_T_le_eabi.lib : fd_cmp_t2.obj (.text:__aeabi_cdcmple)
                  0000592a    0000007e                           : fd_cmp_t2.obj (.text:__aeabi_cdrcmple)
                  000059a8    0000007a                           : fs_mul_t2.obj (.text)
                  00005a22    00000078                           : memset_t2.obj (.text)
                  00005a9a    00000002     --HOLE-- [fill = 0]
                  00005a9c    00000068     driverlib-cm3.lib : interrupt.obj (.text:IntEnable)
                  00005b04    00000064     rtsv7M3_T_le_eabi.lib : xdunscal.obj (.text)
                  00005b68    00000060                           : fs_cmp_t2.obj (.text:__aeabi_cfcmple)
                  00005bc8    00000060                           : fs_cmp_t2.obj (.text:__aeabi_cfrcmple)
                  00005c28    00000060                           : sprintf.obj (.text)
                  00005c88    0000005e                           : copy_decompress_rle.obj (.text)
                  00005ce6    00000002     --HOLE-- [fill = 0]
                  00005ce8    0000005c     driverlib-cm3.lib : sysctl.obj (.text:SysCtlPeripheralEnable)
                  00005d44    0000005a     rtsv7M3_T_le_eabi.lib : ltoa.obj (.text)
                  00005d9e    00000002     --HOLE-- [fill = 0]
                  00005da0    0000004c                           : atoi.obj (.text)
                  00005dec    0000004c                           : atol.obj (.text)
                  00005e38    0000004a                           : fd_tos_t2.obj (.text)
                  00005e82    00000048                           : fd_toi_t2.obj (.text)
                  00005eca    00000002     --HOLE-- [fill = 0]
                  00005ecc    00000044                           : cpy_tbl.obj (.text)
                  00005f10    00000044                           : exit.obj (.text)
                  00005f54    00000044                           : fd_tou_t2.obj (.text)
                  00005f98    00000044                           : xdtest.obj (.text)
                  00005fdc    00000042     driverlib-cm3.lib : ssi.obj (.text:SSIConfigSetExpClk)
                  0000601e    00000042                       : uart.obj (.text:UARTConfigSetExpClk)
                  00006060    00000040     rtsv7M3_T_le_eabi.lib : signal.obj (.text)
                  000060a0    0000003e     driverlib-cm3.lib : gpio.obj (.text:GPIOIntTypeSet)
                  000060de    00000038     rtsv7M3_T_le_eabi.lib : fs_tod_t2.obj (.text)
                  00006116    00000038                           : fs_toi_t2.obj (.text)
                  0000614e    00000038                           : i_tofs_t2.obj (.text)
                  00006186    00000002     --HOLE-- [fill = 0]
                  00006188    00000034     driverlib-cm3.lib : interrupt.obj (.text:IntRegister)
                  000061bc    00000034     rtsv7M3_T_le_eabi.lib : boot.obj (.text)
                  000061f0    00000034                           : feraiseexcept.obj (.text)
                  00006224    00000034                           : fs_tou_t2.obj (.text)
                  00006258    00000032                           : strstr.obj (.text)
                  0000628a    00000030                           : strncpy.obj (.text)
                  000062ba    00000002     --HOLE-- [fill = 0]
                  000062bc    00000030                           : xferaise.obj (.text)
                  000062ec    0000002e                           : i_tofd_t2.obj (.text)
                  0000631a    0000002e                           : raise.obj (.text)
                  00006348    0000002a     driverlib-cm3.lib : gpio.obj (.text:GPIODirModeSet)
                  00006372    00000002     --HOLE-- [fill = 0]
                  00006374    00000028                       : timer.obj (.text:TimerConfigure)
                  0000639c    00000020     rtsv7M3_T_le_eabi.lib : u_tofd_t2.obj (.text)
                  000063bc    0000001c     driverlib-cm3.lib : uart.obj (.text:UARTDisable)
                  000063d8    0000001a     rtsv7M3_T_le_eabi.lib : memccpy.obj (.text)
                  000063f2    00000018     driverlib-cm3.lib : gpio.obj (.text:GPIOPortIntRegister)
                  0000640a    00000002     --HOLE-- [fill = 0]
                  0000640c    00000018     rtsv7M3_T_le_eabi.lib : args_main.obj (.text)
                  00006424    00000018                           : ll_mul_t2.obj (.text)
                  0000643c    00000016                           : strchr.obj (.text)
                  00006452    00000002     --HOLE-- [fill = 0]
                  00006454    00000014     driverlib-cm3.lib : systick.obj (.text:SysTickEnable)
                  00006468    00000014                       : uart.obj (.text:UARTEnable)
                  0000647c    00000014     rtsv7M3_T_le_eabi.lib : _lock.obj (.text)
                  00006490    00000014                           : strlen.obj (.text)
                  000064a4    00000012     driverlib-cm3.lib : gpio.obj (.text:GPIOPinTypeGPIOOutput)
                  000064b6    00000012                       : gpio.obj (.text:GPIOPinTypeSSI)
                  000064c8    00000012                       : gpio.obj (.text:GPIOPinTypeUART)
                  000064da    00000012                       : ssi.obj (.text:SSIDataGetNonBlocking)
                  000064ec    00000012                       : timer.obj (.text:TimerLoadSet)
                  000064fe    00000012     rtsv7M3_T_le_eabi.lib : copy_zero_init.obj (.text:decompress:ZI)
                  00006510    00000012                           : strcpy.obj (.text)
                  00006522    00000002     --HOLE-- [fill = 0]
                  00006524    00000010     driverlib-cm3.lib : systick.obj (.text:SysTickPeriodSet)
                  00006534    0000000e                       : timer.obj (.text:TimerEnable)
                  00006542    0000000e                       : uart.obj (.text:UARTCharGetNonBlocking)
                  00006550    0000000e     rtsv7M3_T_le_eabi.lib : copy_decompress_none.obj (.text:decompress:none)
                  0000655e    0000000e                           : xdclass.obj (.text)
                  0000656c    0000000c     driverlib-cm3.lib : cpu.obj (.text:CPUcpsie)
                  00006578    0000000c                       : gpio.obj (.text:GPIOPinIntEnable)
                  00006584    0000000c                       : systick.obj (.text:SysTickValueGet)
                  00006590    0000000c                       : uart.obj (.text:UARTCharsAvail)
                  0000659c    0000000c     lm3s1968_startup_ccs.obj (.text)
                  000065a8    0000000a     driverlib-cm3.lib : interrupt.obj (.text:IntMasterEnable)
                  000065b2    0000000a                       : ssi.obj (.text:SSIDataPut)
                  000065bc    0000000a                       : ssi.obj (.text:SSIDisable)
                  000065c6    0000000a                       : ssi.obj (.text:SSIEnable)
                  000065d0    0000000a                       : uart.obj (.text:UARTCharPut)
                  000065da    0000000a                       : uart.obj (.text:UARTIntStatus)
                  000065e4    00000008                       : ssi.obj (.text:SSIBusy)
                  000065ec    00000008                       : timer.obj (.text:TimerIntEnable)
                  000065f4    00000008                       : uart.obj (.text:UARTIntEnable)
                  000065fc    00000006                       : gpio.obj (.text:GPIOPinIntClear)
                  00006602    00000006                       : gpio.obj (.text:GPIOPinRead)
                  00006608    00000006                       : gpio.obj (.text:GPIOPinWrite)
                  0000660e    00000006                       : sysctl.obj (.text:SysCtlDelay)
                  00006614    00000006     rtsv7M3_T_le_eabi.lib : copy_decompress_rle.obj (.text:decompress:rle24)
                  0000661a    00000006                           : atof.obj (.text)
                  00006620    00000006                           : cos.obj (.text)
                  00006626    00000006                           : sin.obj (.text)
                  0000662c    00000004     driverlib-cm3.lib : timer.obj (.text:TimerIntClear)
                  00006630    00000004                       : uart.obj (.text:UARTIntClear)

.const     0    00006638    00000654     
                  00006638    000001e0     rit128x96x4.obj (.const:g_pucFont)
                  00006818    00000102     rtsv7M3_T_le_eabi.lib : ctype.obj (.const:.string:_ctypes_)
                  0000691a    00000006     --HOLE-- [fill = 0]
                  00006920    00000098                           : strtod.obj (.const)
                  000069b8    00000088                           : xatan.obj (.const)
                  00006a40    00000080                           : xsin.obj (.const)
                  00006ac0    00000070     driverlib-cm3.lib : interrupt.obj (.const)
                  00006b30    0000006c                       : sysctl.obj (.const:g_pulXtals)
                  00006b9c    00000004     --HOLE-- [fill = 0]
                  00006ba0    00000050     rtsv7M3_T_le_eabi.lib : tan.obj (.const)
                  00006bf0    0000004f     rit128x96x4.obj (.const:.string:g_pucRIT128x96x4Init)
                  00006c3f    00000001     --HOLE-- [fill = 0]
                  00006c40    00000040     driverlib-cm3.lib : sysctl.obj (.const)
                  00006c80    0000000c     rit128x96x4.obj (.const:.string)

.cinit     0    00006c90    000000d8     
                  00006c90    000000a1     (.cinit..data.load) [load image, compression = rle]
                  00006d31    00000003     --HOLE-- [fill = 0]
                  00006d34    0000000c     (__TI_handler_table)
                  00006d40    00000008     (.cinit..bss.load) [load image, compression = zero_init]
                  00006d48    00000008     (.cinit..vtable.load) [load image, compression = zero_init]
                  00006d50    00000018     (__TI_cinit_table)

.vtable    0    20000000    0000026c     UNINITIALIZED
                  20000000    0000026c     driverlib-cm3.lib : interrupt.obj (.vtable)

.stack     0    2000026c    00000800     UNINITIALIZED
                  2000026c    00000800     --HOLE--

.sysmem    0    20000a70    00000800     UNINITIALIZED
                  20000a70    00000008     rtsv7M3_T_le_eabi.lib : memory.obj (.sysmem)
                  20000a78    000007f8     --HOLE--

.data      0    20001270    00000220     UNINITIALIZED
                  20001270    000000b0     rtsv7M3_T_le_eabi.lib : signal.obj (.data:sigtable)
                  20001320    00000080                           : xvalues.obj (.data)
                  200013a0    00000060     data_process.obj (.data)
                  20001400    00000044     debounce.obj (.data)
                  20001444    00000018     main.obj (.data)
                  2000145c    0000000c     rtsv7M3_T_le_eabi.lib : memory.obj (.data)
                  20001468    00000008     motor_control.obj (.data)
                  20001470    00000008     rtsv7M3_T_le_eabi.lib : _lock.obj (.data)
                  20001478    00000008                           : exit.obj (.data)
                  20001480    00000008                           : feraiseexcept.obj (.data)
                  20001488    00000004                           : errno.obj (.data)
                  2000148c    00000004                           : stkdepth_vars.obj (.data)

.bss       0    20001490    00000136     UNINITIALIZED
                  20001490    00000078     main.obj (.bss:UART_char_data)
                  20001508    00000078     main.obj (.bss:UART_char_data_old)
                  20001580    00000014     (.common:speed_array)
                  20001594    00000010     (.common:speed_buffer)
                  200015a4    00000008     (.common:g_pucBuffer)
                  200015ac    00000008     (.common:location)
                  200015b4    00000008     (.common:real_time)
                  200015bc    00000004     (.common:flag1)
                  200015c0    00000004     (.common:g_ulSSIFlags)
                  200015c4    00000001     (.common:lat)
                  200015c5    00000001     (.common:lon)


LINKER GENERATED COPY TABLES

__TI_cinit_table @ 00006d50 records: 3, size/record: 8, table size: 24
	.data: load addr=00006c90, load size=000000a1 bytes, run addr=20001270, run size=00000220 bytes, compression=rle
	.bss: load addr=00006d40, load size=00000008 bytes, run addr=20001490, run size=00000136 bytes, compression=zero_init
	.vtable: load addr=00006d48, load size=00000008 bytes, run addr=20000000, run size=0000026c bytes, compression=zero_init


LINKER GENERATED HANDLER TABLE

__TI_handler_table @ 00006d34 records: 3, size/record: 4, table size: 12
	index: 0, handler: __TI_zero_init
	index: 1, handler: __TI_decompress_rle24
	index: 2, handler: __TI_decompress_none


GLOBAL SYMBOLS: SORTED ALPHABETICALLY BY Name 

address    name
--------   ----
00005f11   C$$EXIT
0000656d   CPUcpsie
2000140c   DebCwBut
20001404   DebDownBut
20001408   DebLeftBut
20001410   DebSelectBut
20001400   DebUpBut
00006349   GPIODirModeSet
000060a1   GPIOIntTypeSet
000054f7   GPIOPadConfigSet
000065fd   GPIOPinIntClear
00006579   GPIOPinIntEnable
00006603   GPIOPinRead
000064a5   GPIOPinTypeGPIOOutput
000064b7   GPIOPinTypeSSI
000064c9   GPIOPinTypeUART
00006609   GPIOPinWrite
000063f3   GPIOPortIntRegister
200013f4   HDOP
00005a9d   IntEnable
000065a9   IntMasterEnable
00006189   IntRegister
00002cbd   PinChangeIntHandler
000028b5   RIT128x96x4Clear
00002b33   RIT128x96x4Disable
00002c85   RIT128x96x4DisplayOff
00002c51   RIT128x96x4DisplayOn
00002ad9   RIT128x96x4Enable
00002a51   RIT128x96x4ImageDraw
00002bad   RIT128x96x4Init
00002911   RIT128x96x4StringDraw
0000659d   ResetISR
UNDEFED    SHT$$INIT_ARRAY$$Base
UNDEFED    SHT$$INIT_ARRAY$$Limit
000065e5   SSIBusy
00005fdd   SSIConfigSetExpClk
000064db   SSIDataGetNonBlocking
000065b3   SSIDataPut
000065bd   SSIDisable
000065c7   SSIEnable
00004509   SysCtlClockGet
00004b6d   SysCtlClockSet
0000660f   SysCtlDelay
00005ce9   SysCtlPeripheralEnable
00005821   SysCtlPeripheralReset
00006455   SysTickEnable
00006525   SysTickPeriodSet
00006585   SysTickValueGet
00001919   Timer0IntHandler
00003c6d   Timer1IntHandler
00006375   TimerConfigure
00006535   TimerEnable
0000662d   TimerIntClear
000065ed   TimerIntEnable
000064ed   TimerLoadSet
00006543   UARTCharGetNonBlocking
000065d1   UARTCharPut
00006591   UARTCharsAvail
0000601f   UARTConfigSetExpClk
000063bd   UARTDisable
00006469   UARTEnable
00006631   UARTIntClear
000065f5   UARTIntEnable
00002db1   UARTIntHandler
000065db   UARTIntStatus
000041dd   UARTSend
20001490   UART_char_data
20001508   UART_char_data_old
00004889   _Atan
0000655f   _Dclass
20001320   _Denorm
00005433   _Dnorm
00004f2d   _Dscale
00005f99   _Dtest
00005b05   _Dunscale
20001330   _Eps
20001488   _Errno
20001480   _Fenv
000062bd   _Feraise
20001340   _Hugeval
20001350   _Inf
20001360   _Nan
20001380   _Rteps
000037c1   _Sin
20001370   _Snan
20001484   _Tls_setup__Fenv
20001390   _Xbig
20001398   _Zero
20000a6c   __STACK_END
00000800   __STACK_SIZE
2000046c   __STACK_TOP
00000800   __SYSMEM_SIZE
00006d50   __TI_CINIT_Base
00006d68   __TI_CINIT_Limit
00006d34   __TI_Handler_Table_Base
00006d40   __TI_Handler_Table_Limit
00000001   __TI_args_main
000056f9   __TI_auto_init
20001478   __TI_cleanup_ptr
00006551   __TI_decompress_none
00006615   __TI_decompress_rle24
2000147c   __TI_dtors_ptr
00000c5f   __TI_printfi
00000000   __TI_static_base__
000064ff   __TI_zero_init
000058ad   __aeabi_cdcmpeq
000058ad   __aeabi_cdcmple
0000592b   __aeabi_cdrcmple
00005b69   __aeabi_cfcmpeq
00005b69   __aeabi_cfcmple
00005bc9   __aeabi_cfrcmple
00005e39   __aeabi_d2f
00005e83   __aeabi_d2iz
00005f55   __aeabi_d2uiz
000046db   __aeabi_dadd
00004df5   __aeabi_ddiv
0000523d   __aeabi_dmul
000046d1   __aeabi_dsub
000060df   __aeabi_f2d
00006117   __aeabi_f2iz
00006225   __aeabi_f2uiz
0000533d   __aeabi_fadd
0000578d   __aeabi_fdiv
000059a9   __aeabi_fmul
00005339   __aeabi_fsub
000062ed   __aeabi_i2d
0000614f   __aeabi_i2f
00006425   __aeabi_lmul
00005a23   __aeabi_memclr
00005a23   __aeabi_memclr4
00005a23   __aeabi_memclr8
0000565d   __aeabi_memcpy
0000565d   __aeabi_memcpy4
0000565d   __aeabi_memcpy8
00005a25   __aeabi_memset
00005a25   __aeabi_memset4
00005a25   __aeabi_memset8
0000639d   __aeabi_ui2d
00004315   __aeabi_uldivmod
ffffffff   __binit__
ffffffff   __c_args__
2000026c   __stack
0000640d   _args_main
000061bd   _c_int00
00006818   _ctypes_
20001470   _lock
0000648b   _nop
00006483   _register_lock
0000647d   _register_unlock
20000a70   _sys_memory
20001474   _unlock
00005f15   abort
200013b0   acceleration
200013fc   altitude
00002efd   analysis_speed
200013ac   angle
000055b1   atan
0000503d   atan2
0000661b   atof
00005da1   atoi
00005ded   atol
ffffffff   binit
0000370d   bit_check
200013a4   buffed_speed
200013a8   buffed_speed_1_old
00003505   button_choker
20001440   button_pressed
0000102d   calculate_accleration
00000f9d   calculate_distance
000034cd   calloc
00002265   clearDisplay
00005ecd   copy_in
00006621   cos
200013ec   count
0000352d   debounce_button
0000109d   decode_GGA
000014c9   decode_RMC
0000257d   display
200013bc   distance
20001444   encoder_1
20001448   encoder_2
000023b5   enter_fuel_display
00005f1d   exit
000061f1   feraiseexcept
200013d0   fix
200013e8   fixquality
200015bc   flag1
00004a19   fmod
00003227   free
20000000   g_pfnRAMVectors
00000000   g_pfnVectors
200013f8   geoidheight
00001b09   getDistance
00000f69   get_speed
20001454   index
000042a7   initCircBuf
00004145   initClock
00004205   initConsole
000041d3   initDisplay
0000415b   initGPIO
0000417f   initPin
0000423f   initTimer
00002303   init_password
2000143c   last_debounce
200013f0   last_time
200015c4   lat
200013b4   latitude
200013c8   latitudeDegrees
200013c0   latitude_fixed
200015ac   location
200015c5   lon
200013b8   longitude
200013cc   longitudeDegrees
200013c4   longitude_fixed
00005d45   ltoa
00002f65   main
2000148c   main_func_sp
000031c5   malloc
00002f39   max_acc_func
000033ed   memalign
000063d9   memccpy
0000565d   memcpy
00005a2b   memset
00003139   minit
00002491   no_fix_screen
0000226d   password_display
2000144c   prev_state
0000631b   raise
20001420   raw_cw
20001434   raw_cw_p
20001414   raw_down
20001428   raw_down_p
2000141c   raw_left
20001430   raw_left_p
20001424   raw_select
20001438   raw_select_p
20001418   raw_up
2000142c   raw_up_p
00001019   read_acceleration
00002de5   read_button_screen
20001458   read_data
00000f97   read_distance
00000f8b   read_fix
00000f81   read_location
00000f91   read_quality
00000f7b   read_satillite
00001a15   read_speed
00000f6f   read_time
200015b4   real_time
000032e7   realloc
00004109   reset_peripheral
0000365f   return_button
000023fb   review_fuel_display
200013e9   satellites
00002e5d   send_data
00001a39   set_speed
0000231b   set_speed_display
00006061   signal
00006627   sin
200013a0   speed
20001580   speed_array
00001955   split_data
00005c29   sprintf
00004cb5   sqrt
00003bb5   step
00003b63   step_mode_return
00003c31   step_motor_control
00003a55   stepper_motor
00003b69   stepper_motor_off
00003b95   stepper_system
00002d61   store_char
00002ec7   store_speed
0000643d   strchr
00006511   strcpy
00006491   strlen
0000628b   strncpy
00006259   strstr
00003c99   strtod
00003ed1   tan
20001450   thing
2000146c   thisStep
200013d4   time_array
20001468   time_last
00001abd   toRadians
000018d9   update_array


GLOBAL SYMBOLS: SORTED BY Symbol Address 

address    name
--------   ----
00000000   __TI_static_base__
00000000   g_pfnVectors
00000001   __TI_args_main
00000800   __STACK_SIZE
00000800   __SYSMEM_SIZE
00000c5f   __TI_printfi
00000f69   get_speed
00000f6f   read_time
00000f7b   read_satillite
00000f81   read_location
00000f8b   read_fix
00000f91   read_quality
00000f97   read_distance
00000f9d   calculate_distance
00001019   read_acceleration
0000102d   calculate_accleration
0000109d   decode_GGA
000014c9   decode_RMC
000018d9   update_array
00001919   Timer0IntHandler
00001955   split_data
00001a15   read_speed
00001a39   set_speed
00001abd   toRadians
00001b09   getDistance
00002265   clearDisplay
0000226d   password_display
00002303   init_password
0000231b   set_speed_display
000023b5   enter_fuel_display
000023fb   review_fuel_display
00002491   no_fix_screen
0000257d   display
000028b5   RIT128x96x4Clear
00002911   RIT128x96x4StringDraw
00002a51   RIT128x96x4ImageDraw
00002ad9   RIT128x96x4Enable
00002b33   RIT128x96x4Disable
00002bad   RIT128x96x4Init
00002c51   RIT128x96x4DisplayOn
00002c85   RIT128x96x4DisplayOff
00002cbd   PinChangeIntHandler
00002d61   store_char
00002db1   UARTIntHandler
00002de5   read_button_screen
00002e5d   send_data
00002ec7   store_speed
00002efd   analysis_speed
00002f39   max_acc_func
00002f65   main
00003139   minit
000031c5   malloc
00003227   free
000032e7   realloc
000033ed   memalign
000034cd   calloc
00003505   button_choker
0000352d   debounce_button
0000365f   return_button
0000370d   bit_check
000037c1   _Sin
00003a55   stepper_motor
00003b63   step_mode_return
00003b69   stepper_motor_off
00003b95   stepper_system
00003bb5   step
00003c31   step_motor_control
00003c6d   Timer1IntHandler
00003c99   strtod
00003ed1   tan
00004109   reset_peripheral
00004145   initClock
0000415b   initGPIO
0000417f   initPin
000041d3   initDisplay
000041dd   UARTSend
00004205   initConsole
0000423f   initTimer
000042a7   initCircBuf
00004315   __aeabi_uldivmod
00004509   SysCtlClockGet
000046d1   __aeabi_dsub
000046db   __aeabi_dadd
00004889   _Atan
00004a19   fmod
00004b6d   SysCtlClockSet
00004cb5   sqrt
00004df5   __aeabi_ddiv
00004f2d   _Dscale
0000503d   atan2
0000523d   __aeabi_dmul
00005339   __aeabi_fsub
0000533d   __aeabi_fadd
00005433   _Dnorm
000054f7   GPIOPadConfigSet
000055b1   atan
0000565d   __aeabi_memcpy
0000565d   __aeabi_memcpy4
0000565d   __aeabi_memcpy8
0000565d   memcpy
000056f9   __TI_auto_init
0000578d   __aeabi_fdiv
00005821   SysCtlPeripheralReset
000058ad   __aeabi_cdcmpeq
000058ad   __aeabi_cdcmple
0000592b   __aeabi_cdrcmple
000059a9   __aeabi_fmul
00005a23   __aeabi_memclr
00005a23   __aeabi_memclr4
00005a23   __aeabi_memclr8
00005a25   __aeabi_memset
00005a25   __aeabi_memset4
00005a25   __aeabi_memset8
00005a2b   memset
00005a9d   IntEnable
00005b05   _Dunscale
00005b69   __aeabi_cfcmpeq
00005b69   __aeabi_cfcmple
00005bc9   __aeabi_cfrcmple
00005c29   sprintf
00005ce9   SysCtlPeripheralEnable
00005d45   ltoa
00005da1   atoi
00005ded   atol
00005e39   __aeabi_d2f
00005e83   __aeabi_d2iz
00005ecd   copy_in
00005f11   C$$EXIT
00005f15   abort
00005f1d   exit
00005f55   __aeabi_d2uiz
00005f99   _Dtest
00005fdd   SSIConfigSetExpClk
0000601f   UARTConfigSetExpClk
00006061   signal
000060a1   GPIOIntTypeSet
000060df   __aeabi_f2d
00006117   __aeabi_f2iz
0000614f   __aeabi_i2f
00006189   IntRegister
000061bd   _c_int00
000061f1   feraiseexcept
00006225   __aeabi_f2uiz
00006259   strstr
0000628b   strncpy
000062bd   _Feraise
000062ed   __aeabi_i2d
0000631b   raise
00006349   GPIODirModeSet
00006375   TimerConfigure
0000639d   __aeabi_ui2d
000063bd   UARTDisable
000063d9   memccpy
000063f3   GPIOPortIntRegister
0000640d   _args_main
00006425   __aeabi_lmul
0000643d   strchr
00006455   SysTickEnable
00006469   UARTEnable
0000647d   _register_unlock
00006483   _register_lock
0000648b   _nop
00006491   strlen
000064a5   GPIOPinTypeGPIOOutput
000064b7   GPIOPinTypeSSI
000064c9   GPIOPinTypeUART
000064db   SSIDataGetNonBlocking
000064ed   TimerLoadSet
000064ff   __TI_zero_init
00006511   strcpy
00006525   SysTickPeriodSet
00006535   TimerEnable
00006543   UARTCharGetNonBlocking
00006551   __TI_decompress_none
0000655f   _Dclass
0000656d   CPUcpsie
00006579   GPIOPinIntEnable
00006585   SysTickValueGet
00006591   UARTCharsAvail
0000659d   ResetISR
000065a9   IntMasterEnable
000065b3   SSIDataPut
000065bd   SSIDisable
000065c7   SSIEnable
000065d1   UARTCharPut
000065db   UARTIntStatus
000065e5   SSIBusy
000065ed   TimerIntEnable
000065f5   UARTIntEnable
000065fd   GPIOPinIntClear
00006603   GPIOPinRead
00006609   GPIOPinWrite
0000660f   SysCtlDelay
00006615   __TI_decompress_rle24
0000661b   atof
00006621   cos
00006627   sin
0000662d   TimerIntClear
00006631   UARTIntClear
00006818   _ctypes_
00006d34   __TI_Handler_Table_Base
00006d40   __TI_Handler_Table_Limit
00006d50   __TI_CINIT_Base
00006d68   __TI_CINIT_Limit
20000000   g_pfnRAMVectors
2000026c   __stack
2000046c   __STACK_TOP
20000a6c   __STACK_END
20000a70   _sys_memory
20001320   _Denorm
20001330   _Eps
20001340   _Hugeval
20001350   _Inf
20001360   _Nan
20001370   _Snan
20001380   _Rteps
20001390   _Xbig
20001398   _Zero
200013a0   speed
200013a4   buffed_speed
200013a8   buffed_speed_1_old
200013ac   angle
200013b0   acceleration
200013b4   latitude
200013b8   longitude
200013bc   distance
200013c0   latitude_fixed
200013c4   longitude_fixed
200013c8   latitudeDegrees
200013cc   longitudeDegrees
200013d0   fix
200013d4   time_array
200013e8   fixquality
200013e9   satellites
200013ec   count
200013f0   last_time
200013f4   HDOP
200013f8   geoidheight
200013fc   altitude
20001400   DebUpBut
20001404   DebDownBut
20001408   DebLeftBut
2000140c   DebCwBut
20001410   DebSelectBut
20001414   raw_down
20001418   raw_up
2000141c   raw_left
20001420   raw_cw
20001424   raw_select
20001428   raw_down_p
2000142c   raw_up_p
20001430   raw_left_p
20001434   raw_cw_p
20001438   raw_select_p
2000143c   last_debounce
20001440   button_pressed
20001444   encoder_1
20001448   encoder_2
2000144c   prev_state
20001450   thing
20001454   index
20001458   read_data
20001468   time_last
2000146c   thisStep
20001470   _lock
20001474   _unlock
20001478   __TI_cleanup_ptr
2000147c   __TI_dtors_ptr
20001480   _Fenv
20001484   _Tls_setup__Fenv
20001488   _Errno
2000148c   main_func_sp
20001490   UART_char_data
20001508   UART_char_data_old
20001580   speed_array
200015ac   location
200015b4   real_time
200015bc   flag1
200015c4   lat
200015c5   lon
ffffffff   __binit__
ffffffff   __c_args__
ffffffff   binit
UNDEFED    SHT$$INIT_ARRAY$$Base
UNDEFED    SHT$$INIT_ARRAY$$Limit

[285 symbols]
