******************************************************************************
                  TI ARM Linker PC v15.12.1                    
******************************************************************************
>> Linked Wed Aug 10 09:17:34 2016

OUTPUT FILE NAME:   <c_control.out>
ENTRY POINT SYMBOL: "_c_int00"  address: 00005965


MEMORY CONFIGURATION

         name            origin    length      used     unused   attr    fill
----------------------  --------  ---------  --------  --------  ----  --------
  FLASH                 00000000   00040000  0000643e  00039bc2  R  X
  SRAM                  20000000   00010000  0000147c  0000eb84  RW X


SEGMENT ALLOCATION MAP

run origin  load origin   length   init length attrs members
----------  ----------- ---------- ----------- ----- -------
00000000    00000000    00006444   00006444    r-x
  00000000    00000000    000000f0   000000f0    r-- .intvecs
  000000f0    000000f0    00005dd0   00005dd0    r-x .text
  00005ec0    00005ec0    00000502   00000502    r-- .const
  000063c8    000063c8    0000007c   0000007c    r-- .cinit
20000000    20000000    00001480   00000000    rw-
  20000000    20000000    0000026c   00000000    rw- .vtable
  2000026c    2000026c    00000800   00000000    rw- .stack
  20000a70    20000a70    00000800   00000000    rw- .sysmem
  20001270    20001270    00000154   00000000    rw- .bss
  200013c4    200013c4    000000bc   00000000    rw- .data


SECTION ALLOCATION MAP

 output                                  attributes/
section   page    origin      length       input sections
--------  ----  ----------  ----------   ----------------
.intvecs   0    00000000    000000f0     
                  00000000    000000f0     lm3s1968_startup_ccs.obj (.intvecs)

.text      0    000000f0    00005dd0     
                  000000f0    000010f0     rtsv7M3_T_le_eabi.lib : _printfi.obj (.text)
                  000011e0    00000ac4     data_process.obj (.text)
                  00001ca4    00000844     main.obj (.text)
                  000024e8    00000692     display.obj (.text)
                  00002b7a    00000002     rtsv7M3_T_le_eabi.lib : mpu_init.obj (.text)
                  00002b7c    00000510     rit128x96x4.obj (.text)
                  0000308c    000003dc     rtsv7M3_T_le_eabi.lib : memory.obj (.text)
                  00003468    00000300     init.obj (.text)
                  00003768    000002f8     debounce.obj (.text)
                  00003a60    00000264     motor_control.obj (.text)
                  00003cc4    00000238     rtsv7M3_T_le_eabi.lib : strtod.obj (.text)
                  00003efc    00000224                           : e_fmod.obj (.text)
                  00004120    000001f4                           : ull_div_t2.obj (.text)
                  00004314    000001d8     driverlib-cm3.lib : sysctl.obj (.text:SysCtlClockGet)
                  000044ec    000001b6     rtsv7M3_T_le_eabi.lib : fd_add_t2.obj (.text)
                  000046a2    00000002                           : startup.obj (.text)
                  000046a4    00000144     driverlib-cm3.lib : sysctl.obj (.text:SysCtlClockSet)
                  000047e8    00000136     rtsv7M3_T_le_eabi.lib : fd_div_t2.obj (.text)
                  0000491e    00000002     --HOLE-- [fill = 0]
                  00004920    0000012c     speed.obj (.text)
                  00004a4c    000000fc     driverlib-cm3.lib : gpio.obj (.text:GPIOGetIntNumber)
                  00004b48    000000fc     rtsv7M3_T_le_eabi.lib : fd_mul_t2.obj (.text)
                  00004c44    000000fa                           : fs_add_t2.obj (.text)
                  00004d3e    00000002     --HOLE-- [fill = 0]
                  00004d40    000000d0                           : s_scalbn.obj (.text)
                  00004e10    000000c8     driverlib-cm3.lib : gpio.obj (.text:GPIOPadConfigSet)
                  00004ed8    0000009c     rtsv7M3_T_le_eabi.lib : memcpy_t2.obj (.text)
                  00004f74    00000092                           : fs_div_t2.obj (.text)
                  00005006    00000002     --HOLE-- [fill = 0]
                  00005008    00000088     driverlib-cm3.lib : sysctl.obj (.text:SysCtlPeripheralReset)
                  00005090    00000086     rtsv7M3_T_le_eabi.lib : fd_cmp_t2.obj (.text:__aeabi_cdcmple)
                  00005116    00000086                           : fd_cmp_t2.obj (.text:__aeabi_cdrcmple)
                  0000519c    0000007a                           : fs_mul_t2.obj (.text)
                  00005216    0000007a                           : memset_t2.obj (.text)
                  00005290    00000070                           : autoinit.obj (.text)
                  00005300    0000006e                           : fd_tos_t2.obj (.text)
                  0000536e    0000006c     driverlib-cm3.lib : adc.obj (.text:ADCSequenceStepConfigure)
                  000053da    0000006a     rtsv7M3_T_le_eabi.lib : copy_decompress_rle.obj (.text)
                  00005444    00000064     driverlib-cm3.lib : interrupt.obj (.text:IntEnable)
                  000054a8    00000060     rtsv7M3_T_le_eabi.lib : fs_cmp_t2.obj (.text:__aeabi_cfcmple)
                  00005508    00000060                           : fs_cmp_t2.obj (.text:__aeabi_cfrcmple)
                  00005568    00000060                           : sprintf.obj (.text)
                  000055c8    0000005c                           : s_frexp.obj (.text)
                  00005624    00000058     driverlib-cm3.lib : sysctl.obj (.text:SysCtlPeripheralEnable)
                  0000567c    00000056     rtsv7M3_T_le_eabi.lib : ltoa.obj (.text)
                  000056d2    00000002     --HOLE-- [fill = 0]
                  000056d4    00000054                           : exit.obj (.text)
                  00005728    0000004c                           : atoi.obj (.text)
                  00005774    0000004c                           : atol.obj (.text)
                  000057c0    0000004c                           : cpy_tbl.obj (.text)
                  0000580c    00000048                           : fd_toi_t2.obj (.text)
                  00005854    00000044     driverlib-cm3.lib : gpio.obj (.text:GPIOIntTypeSet)
                  00005898    00000044                       : ssi.obj (.text:SSIConfigSetExpClk)
                  000058dc    00000044     rtsv7M3_T_le_eabi.lib : fd_tou_t2.obj (.text)
                  00005920    00000042     driverlib-cm3.lib : uart.obj (.text:UARTConfigSetExpClk)
                  00005962    00000002     --HOLE-- [fill = 0]
                  00005964    00000040     rtsv7M3_T_le_eabi.lib : boot.obj (.text)
                  000059a4    00000038                           : fs_tod_t2.obj (.text)
                  000059dc    00000038                           : fs_toi_t2.obj (.text)
                  00005a14    00000038                           : i_tofs_t2.obj (.text)
                  00005a4c    00000034     driverlib-cm3.lib : interrupt.obj (.text:IntRegister)
                  00005a80    00000034     rtsv7M3_T_le_eabi.lib : fs_tou_t2.obj (.text)
                  00005ab4    00000034                           : strstr.obj (.text)
                  00005ae8    00000030                           : strncpy.obj (.text)
                  00005b18    0000002e     driverlib-cm3.lib : adc.obj (.text:ADCIntStatus)
                  00005b46    0000002e                       : gpio.obj (.text:GPIODirModeSet)
                  00005b74    0000002e     rtsv7M3_T_le_eabi.lib : i_tofd_t2.obj (.text)
                  00005ba2    0000002a     driverlib-cm3.lib : adc.obj (.text:ADCSequenceConfigure)
                  00005bcc    00000024                       : timer.obj (.text:TimerConfigure)
                  00005bf0    00000020                       : adc.obj (.text:ADCSequenceDataGet)
                  00005c10    00000020     rtsv7M3_T_le_eabi.lib : u_tofd_t2.obj (.text)
                  00005c30    0000001c     driverlib-cm3.lib : uart.obj (.text:UARTDisable)
                  00005c4c    0000001a     rtsv7M3_T_le_eabi.lib : memccpy.obj (.text)
                  00005c66    00000018     driverlib-cm3.lib : gpio.obj (.text:GPIOPortIntRegister)
                  00005c7e    00000002     --HOLE-- [fill = 0]
                  00005c80    00000018     rtsv7M3_T_le_eabi.lib : args_main.obj (.text)
                  00005c98    00000016     driverlib-cm3.lib : adc.obj (.text:ADCProcessorTrigger)
                  00005cae    00000016     rtsv7M3_T_le_eabi.lib : strchr.obj (.text)
                  00005cc4    00000016                           : strcpy.obj (.text)
                  00005cda    00000002     --HOLE-- [fill = 0]
                  00005cdc    00000014     driverlib-cm3.lib : systick.obj (.text:SysTickEnable)
                  00005cf0    00000014                       : uart.obj (.text:UARTEnable)
                  00005d04    00000014     rtsv7M3_T_le_eabi.lib : _lock.obj (.text)
                  00005d18    00000014                           : strlen.obj (.text)
                  00005d2c    00000012     driverlib-cm3.lib : gpio.obj (.text:GPIOPinTypeADC)
                  00005d3e    00000012                       : gpio.obj (.text:GPIOPinTypeGPIOOutput)
                  00005d50    00000012                       : gpio.obj (.text:GPIOPinTypeSSI)
                  00005d62    00000012                       : gpio.obj (.text:GPIOPinTypeUART)
                  00005d74    00000012                       : ssi.obj (.text:SSIDataGetNonBlocking)
                  00005d86    00000012                       : timer.obj (.text:TimerLoadSet)
                  00005d98    00000010                       : systick.obj (.text:SysTickPeriodSet)
                  00005da8    00000010                       : uart.obj (.text:UARTCharGetNonBlocking)
                  00005db8    0000000e                       : adc.obj (.text:ADCSequenceEnable)
                  00005dc6    0000000e                       : timer.obj (.text:TimerEnable)
                  00005dd4    0000000e     rtsv7M3_T_le_eabi.lib : copy_decompress_none.obj (.text:decompress:none)
                  00005de2    0000000c     driverlib-cm3.lib : cpu.obj (.text:CPUcpsie)
                  00005dee    0000000c                       : gpio.obj (.text:GPIOPinIntEnable)
                  00005dfa    00000002     --HOLE-- [fill = 0]
                  00005dfc    0000000c                       : systick.obj (.text:SysTickValueGet)
                  00005e08    0000000c                       : uart.obj (.text:UARTCharsAvail)
                  00005e14    0000000c     lm3s1968_startup_ccs.obj (.text)
                  00005e20    0000000a     driverlib-cm3.lib : adc.obj (.text:ADCIntClear)
                  00005e2a    0000000a                       : interrupt.obj (.text:IntMasterEnable)
                  00005e34    0000000a                       : ssi.obj (.text:SSIDataPut)
                  00005e3e    0000000a                       : ssi.obj (.text:SSIDisable)
                  00005e48    0000000a                       : ssi.obj (.text:SSIEnable)
                  00005e52    0000000a                       : uart.obj (.text:UARTCharPut)
                  00005e5c    0000000a                       : uart.obj (.text:UARTFIFOEnable)
                  00005e66    0000000a                       : uart.obj (.text:UARTIntStatus)
                  00005e70    00000008                       : ssi.obj (.text:SSIBusy)
                  00005e78    00000008                       : timer.obj (.text:TimerIntEnable)
                  00005e80    00000008                       : uart.obj (.text:UARTIntEnable)
                  00005e88    00000008     rtsv7M3_T_le_eabi.lib : s_copysign.obj (.text)
                  00005e90    00000006     driverlib-cm3.lib : gpio.obj (.text:GPIOPinIntClear)
                  00005e96    00000006                       : gpio.obj (.text:GPIOPinRead)
                  00005e9c    00000006                       : gpio.obj (.text:GPIOPinWrite)
                  00005ea2    00000006                       : sysctl.obj (.text:SysCtlDelay)
                  00005ea8    00000006     rtsv7M3_T_le_eabi.lib : copy_decompress_rle.obj (.text:decompress:rle24)
                  00005eae    00000006                           : atof.obj (.text)
                  00005eb4    00000004     driverlib-cm3.lib : timer.obj (.text:TimerIntClear)
                  00005eb8    00000004                       : uart.obj (.text:UARTIntClear)
                  00005ebc    00000004     rtsv7M3_T_le_eabi.lib : pre_init.obj (.text)

.const     0    00005ec0    00000502     
                  00005ec0    000001e0     rit128x96x4.obj (.const:g_pucFont)
                  000060a0    00000101     rtsv7M3_T_le_eabi.lib : ctype.obj (.const:.string:_ctypes_)
                  000061a1    00000003     rit128x96x4.obj (.const:.string:pucCommand1$1)
                  000061a4    00000003     rit128x96x4.obj (.const:.string:pucCommand2$2)
                  000061a7    00000001     --HOLE-- [fill = 0]
                  000061a8    00000098     rtsv7M3_T_le_eabi.lib : strtod.obj (.const:$O1$$)
                  00006240    00000070     driverlib-cm3.lib : interrupt.obj (.const)
                  000062b0    0000006c                       : sysctl.obj (.const:g_pulXtals)
                  0000631c    0000004f     rit128x96x4.obj (.const:.string:g_pucRIT128x96x4Init)
                  0000636b    00000001     --HOLE-- [fill = 0]
                  0000636c    00000040     driverlib-cm3.lib : sysctl.obj (.const)
                  000063ac    00000002     rit128x96x4.obj (.const:.string:g_pucRIT128x96x4HorizontalInc)
                  000063ae    00000002     rit128x96x4.obj (.const:.string:g_pucRIT128x96x4VerticalInc)
                  000063b0    00000010     rtsv7M3_T_le_eabi.lib : e_fmod.obj (.const:Zero)
                  000063c0    00000002     rit128x96x4.obj (.const:.string:pucCommand1$3)

.cinit     0    000063c8    0000007c     
                  000063c8    0000003d     (.cinit..data.load) [load image, compression = rle]
                  00006405    00000003     --HOLE-- [fill = 0]
                  00006408    0000000b     (.cinit..bss.load) [load image, compression = rle]
                  00006413    00000005     --HOLE-- [fill = 0]
                  00006418    0000000b     (.cinit..vtable.load) [load image, compression = rle]
                  00006423    00000001     --HOLE-- [fill = 0]
                  00006424    00000008     (__TI_handler_table)
                  0000642c    00000018     (__TI_cinit_table)

.init_array 
*          0    00000000    00000000     UNINITIALIZED

.vtable    0    20000000    0000026c     UNINITIALIZED
                  20000000    0000026c     driverlib-cm3.lib : interrupt.obj (.vtable)

.stack     0    2000026c    00000800     UNINITIALIZED
                  2000026c    00000800     --HOLE--

.sysmem    0    20000a70    00000800     UNINITIALIZED
                  20000a70    00000008     rtsv7M3_T_le_eabi.lib : memory.obj (.sysmem)
                  20000a78    000007f8     --HOLE--

.bss       0    20001270    00000154     UNINITIALIZED
                  20001270    00000078     (.common:UART_char_data)
                  200012e8    00000078     (.common:UART_char_data_old)
                  20001360    00000014     (.common:acc_times)
                  20001374    00000014     (.common:speed_array)
                  20001388    00000010     main.obj (.bss:speed_buffer)
                  20001398    0000000c     (.common:speed_set_data)
                  200013a4    00000008     rit128x96x4.obj (.bss:g_pucBuffer)
                  200013ac    00000008     (.common:location)
                  200013b4    00000008     (.common:real_time)
                  200013bc    00000004     rit128x96x4.obj (.bss)
                  200013c0    00000001     (.common:flag1)
                  200013c1    00000001     (.common:flag2)
                  200013c2    00000001     (.common:lat)
                  200013c3    00000001     (.common:lon)

.data      0    200013c4    000000bc     UNINITIALIZED
                  200013c4    00000048     data_process.obj (.data)
                  2000140c    0000002c     main.obj (.data)
                  20001438    00000015     debounce.obj (.data)
                  2000144d    00000003     --HOLE--
                  20001450    0000000c     rtsv7M3_T_le_eabi.lib : exit.obj (.data:$O1$$)
                  2000145c    0000000c                           : memory.obj (.data:$O1$$)
                  20001468    00000008                           : _lock.obj (.data:$O1$$)
                  20001470    00000008     motor_control.obj (.data)
                  20001478    00000004     rtsv7M3_T_le_eabi.lib : errno.obj (.data)
                  2000147c    00000004                           : stkdepth_vars.obj (.data)

MODULE SUMMARY

       Module                     code    ro data   rw data
       ------                     ----    -------   -------
    .\
       data_process.obj           2756    0         110    
       main.obj                   2116    0         332    
       rit128x96x4.obj            1296    571       12     
       display.obj                1682    0         0      
       debounce.obj               760     0         21     
       init.obj                   768     0         0      
       motor_control.obj          612     0         8      
       speed.obj                  300     0         2      
       lm3s1968_startup_ccs.obj   12      240       0      
    +--+--------------------------+-------+---------+---------+
       Total:                     10302   811       485    
                                                           
    C:/ti/StellarisWare/driverlib/ccs-cm3/Debug/driverlib-cm3.lib
       sysctl.obj                 1026    172       0      
       interrupt.obj              162     112       620    
       gpio.obj                   692     0         0      
       adc.obj                    274     0         0      
       uart.obj                   184     0         0      
       ssi.obj                    124     0         0      
       timer.obj                  80      0         0      
       systick.obj                48      0         0      
       cpu.obj                    12      0         0      
    +--+--------------------------+-------+---------+---------+
       Total:                     2602    284       620    
                                                           
    C:\ti\ccsv6\tools\compiler\ti-cgt-arm_15.12.1.LTS\lib\rtsv7M3_T_le_eabi.lib
       _printfi.obj               4336    0         0      
       memory.obj                 988     0         12     
       strtod.obj                 568     152       0      
       e_fmod.obj                 548     16        0      
       ull_div_t2.obj             500     0         0      
       fd_add_t2.obj              438     0         0      
       fd_div_t2.obj              310     0         0      
       fd_cmp_t2.obj              268     0         0      
       ctype.obj                  0       257       0      
       fd_mul_t2.obj              252     0         0      
       fs_add_t2.obj              250     0         0      
       s_scalbn.obj               208     0         0      
       fs_cmp_t2.obj              192     0         0      
       memcpy_t2.obj              156     0         0      
       fs_div_t2.obj              146     0         0      
       fs_mul_t2.obj              122     0         0      
       memset_t2.obj              122     0         0      
       autoinit.obj               112     0         0      
       copy_decompress_rle.obj    112     0         0      
       fd_tos_t2.obj              110     0         0      
       exit.obj                   84      0         12     
       sprintf.obj                96      0         0      
       s_frexp.obj                92      0         0      
       ltoa.obj                   86      0         0      
       atoi.obj                   76      0         0      
       atol.obj                   76      0         0      
       cpy_tbl.obj                76      0         0      
       fd_toi_t2.obj              72      0         0      
       fd_tou_t2.obj              68      0         0      
       boot.obj                   64      0         0      
       fs_tod_t2.obj              56      0         0      
       fs_toi_t2.obj              56      0         0      
       i_tofs_t2.obj              56      0         0      
       fs_tou_t2.obj              52      0         0      
       strstr.obj                 52      0         0      
       strncpy.obj                48      0         0      
       i_tofd_t2.obj              46      0         0      
       u_tofd_t2.obj              32      0         0      
       _lock.obj                  20      0         8      
       memccpy.obj                26      0         0      
       args_main.obj              24      0         0      
       strchr.obj                 22      0         0      
       strcpy.obj                 22      0         0      
       strlen.obj                 20      0         0      
       copy_decompress_none.obj   14      0         0      
       s_copysign.obj             8       0         0      
       atof.obj                   6       0         0      
       errno.obj                  0       0         4      
       pre_init.obj               4       0         0      
       stkdepth_vars.obj          0       0         4      
       mpu_init.obj               2       0         0      
       startup.obj                2       0         0      
    +--+--------------------------+-------+---------+---------+
       Total:                     11096   425       40     
                                                           
       Heap:                      0       0         2048   
       Stack:                     0       0         2048   
       Linker Generated:          0       115       0      
    +--+--------------------------+-------+---------+---------+
       Grand Total:               24000   1635      5241   


LINKER GENERATED COPY TABLES

__TI_cinit_table @ 0000642c records: 3, size/record: 8, table size: 24
	.data: load addr=000063c8, load size=0000003d bytes, run addr=200013c4, run size=000000bc bytes, compression=rle
	.bss: load addr=00006408, load size=0000000b bytes, run addr=20001270, run size=00000154 bytes, compression=rle
	.vtable: load addr=00006418, load size=0000000b bytes, run addr=20000000, run size=0000026c bytes, compression=rle


LINKER GENERATED HANDLER TABLE

__TI_handler_table @ 00006424 records: 2, size/record: 4, table size: 8
	index: 0, handler: __TI_decompress_rle24
	index: 1, handler: __TI_decompress_none


GLOBAL SYMBOLS: SORTED ALPHABETICALLY BY Name 

address   name                           
-------   ----                           
00005e21  ADCIntClear                    
00005b19  ADCIntStatus                   
00005c99  ADCProcessorTrigger            
00005ba3  ADCSequenceConfigure           
00005bf1  ADCSequenceDataGet             
00005db9  ADCSequenceEnable              
0000536f  ADCSequenceStepConfigure       
000056d5  C$$EXIT                        
00005de3  CPUcpsie                       
2000143b  DebCwBut                       
20001439  DebDownBut                     
2000143a  DebLeftBut                     
2000143c  DebSelectBut                   
20001438  DebUpBut                       
00005b47  GPIODirModeSet                 
00005855  GPIOIntTypeSet                 
00004e11  GPIOPadConfigSet               
00005e91  GPIOPinIntClear                
00005def  GPIOPinIntEnable               
00005e97  GPIOPinRead                    
00005d2d  GPIOPinTypeADC                 
00005d3f  GPIOPinTypeGPIOOutput          
00005d51  GPIOPinTypeSSI                 
00005d63  GPIOPinTypeUART                
00005e9d  GPIOPinWrite                   
00005c67  GPIOPortIntRegister            
20001400  HDOP                           
00005445  IntEnable                      
00005e2b  IntMasterEnable                
00005a4d  IntRegister                    
00001ca5  PinChangeIntHandler            
00002c85  RIT128x96x4Clear               
00002f03  RIT128x96x4Disable             
00003055  RIT128x96x4DisplayOff          
00003021  RIT128x96x4DisplayOn           
00002ea9  RIT128x96x4Enable              
00002e21  RIT128x96x4ImageDraw           
00002f7d  RIT128x96x4Init                
00002ce1  RIT128x96x4StringDraw          
00005e15  ResetISR                       
UNDEFED   SHT$$INIT_ARRAY$$Base          
UNDEFED   SHT$$INIT_ARRAY$$Limit         
00005e71  SSIBusy                        
00005899  SSIConfigSetExpClk             
00005d75  SSIDataGetNonBlocking          
00005e35  SSIDataPut                     
00005e3f  SSIDisable                     
00005e49  SSIEnable                      
00004315  SysCtlClockGet                 
000046a5  SysCtlClockSet                 
00005ea3  SysCtlDelay                    
00005625  SysCtlPeripheralEnable         
00005009  SysCtlPeripheralReset          
00005cdd  SysTickEnable                  
00005d99  SysTickPeriodSet               
00005dfd  SysTickValueGet                
00001b91  Timer0IntHandler               
00002047  Timer1IntHandler               
00005bcd  TimerConfigure                 
00005dc7  TimerEnable                    
00005eb5  TimerIntClear                  
00005e79  TimerIntEnable                 
00005d87  TimerLoadSet                   
00005da9  UARTCharGetNonBlocking         
00005e53  UARTCharPut                    
00005e09  UARTCharsAvail                 
00005921  UARTConfigSetExpClk            
00005c31  UARTDisable                    
00005cf1  UARTEnable                     
00005e5d  UARTFIFOEnable                 
00005eb9  UARTIntClear                   
00005e81  UARTIntEnable                  
00001d99  UARTIntHandler                 
00005e67  UARTIntStatus                  
0000357d  UARTSend                       
20001270  UART_char_data                 
200012e8  UART_char_data_old             
20000a6c  __STACK_END                    
00000800  __STACK_SIZE                   
2000046c  __STACK_TOP                    
00000800  __SYSMEM_SIZE                  
0000642c  __TI_CINIT_Base                
00006444  __TI_CINIT_Limit               
00006424  __TI_Handler_Table_Base        
0000642c  __TI_Handler_Table_Limit       
00005291  __TI_auto_init                 
20001450  __TI_cleanup_ptr               
00005dd5  __TI_decompress_none           
00005ea9  __TI_decompress_rle24          
20001454  __TI_dtors_ptr                 
20001458  __TI_enable_exit_profile_output
ffffffff  __TI_pprof_out_hndl            
00000edb  __TI_printfi                   
ffffffff  __TI_prof_data_size            
ffffffff  __TI_prof_data_start           
00000000  __TI_static_base__             
00005091  __aeabi_cdcmpeq                
00005091  __aeabi_cdcmple                
00005117  __aeabi_cdrcmple               
000054a9  __aeabi_cfcmpeq                
000054a9  __aeabi_cfcmple                
00005509  __aeabi_cfrcmple               
00005301  __aeabi_d2f                    
0000580d  __aeabi_d2iz                   
000058dd  __aeabi_d2uiz                  
000044f7  __aeabi_dadd                   
000047e9  __aeabi_ddiv                   
00004b49  __aeabi_dmul                   
000044ed  __aeabi_dsub                   
000059a5  __aeabi_f2d                    
000059dd  __aeabi_f2iz                   
00005a81  __aeabi_f2uiz                  
00004c49  __aeabi_fadd                   
00004f75  __aeabi_fdiv                   
0000519d  __aeabi_fmul                   
00004c45  __aeabi_fsub                   
00005b75  __aeabi_i2d                    
00005a15  __aeabi_i2f                    
00005217  __aeabi_memclr                 
00005217  __aeabi_memclr4                
00005217  __aeabi_memclr8                
00004ed9  __aeabi_memcpy                 
00004ed9  __aeabi_memcpy4                
00004ed9  __aeabi_memcpy8                
00005219  __aeabi_memset                 
00005219  __aeabi_memset4                
00005219  __aeabi_memset8                
00005c11  __aeabi_ui2d                   
00004121  __aeabi_uldivmod               
ffffffff  __binit__                      
ffffffff  __c_args__                     
00002b7b  __mpu_init                     
2000026c  __stack                        
00005c81  _args_main                     
00005965  _c_int00                       
000060a0  _ctypes_                       
20001468  _lock                          
00005d13  _nop                           
00005d0b  _register_lock                 
00005d05  _register_unlock               
20000a70  _sys_memory                    
000046a3  _system_post_cinit             
00005ebd  _system_pre_init               
2000146c  _unlock                        
000056d9  abort                          
20001360  acc_times                      
200013d4  acceleration                   
000020a1  acceleration_test              
000027f5  accleration_screen             
20001408  altitude                       
00001f7d  analysis_speed                 
200013d0  angle                          
00005eaf  atof                           
00005729  atoi                           
00005775  atol                           
ffffffff  binit                          
000039ad  bit_check                      
200013c8  buffed_speed                   
200013cc  buffed_speed_1_old             
00003769  button_choker                  
2000144c  button_pressed                 
000012a5  calculate_accleration          
00001215  calculate_distance             
00003435  calloc                         
000024e9  clearDisplay                   
000057c1  copy_in                        
00005e89  copysign                       
00005e89  copysignl                      
200013f8  count                          
20001428  current_acc_time               
000037a3  debounce_button                
00001315  decode_GGA                     
00001741  decode_RMC                     
00002963  display                        
200013e0  distance                       
2000140c  encoder_1                      
20001410  encoder_2                      
00002639  enter_fuel_display             
20001478  errno                          
000056e1  exit                           
200013f4  fix                            
200013f5  fixquality                     
200013c0  flag1                          
200013c1  flag2                          
00003efd  fmod                           
00003efd  fmodl                          
00003183  free                           
000055c9  frexp                          
000055c9  frexpl                         
20000000  g_pfnRAMVectors                
00000000  g_pfnVectors                   
20001404  geoidheight                    
000011e1  get_speed                      
20001420  index                          
0000353d  initADC                        
0000369d  initCircBuf                    
000034a5  initClock                      
000035c5  initConsole                    
00003533  initDisplay                    
000034bb  initGPIO                       
000034df  initPin                        
00003631  initTimer                      
000036e3  init_acc_time                  
00002587  init_password                  
00004a0b  init_set_speed                 
000036c7  init_set_speed_data            
20001448  last_debounce                  
200013fc  last_time                      
200013c2  lat                            
200013d8  latitude                       
200013ec  latitudeDegrees                
200013e4  latitude_fixed                 
00004d41  ldexp                          
00004d41  ldexpl                         
200013ac  location                       
200013c3  lon                            
200013dc  longitude                      
200013f0  longitudeDegrees               
200013e8  longitude_fixed                
0000567d  ltoa                           
000022b5  main                           
2000147c  main_func_sp                   
0000311b  malloc                         
00001fc9  max_acc_func                   
00003351  memalign                       
00005c4d  memccpy                        
00004ed9  memcpy                         
0000521f  memset                         
0000308d  minit                          
00002715  no_fix_screen                  
000024f1  password_display               
20001414  prev_state                     
20001440  raw_cw                         
20001445  raw_cw_p                       
2000143d  raw_down                       
20001442  raw_down_p                     
2000143f  raw_left                       
20001444  raw_left_p                     
20001441  raw_select                     
20001446  raw_select_p                   
2000143e  raw_up                         
20001443  raw_up_p                       
00001291  read_acceleration              
00001dcd  read_button_screen             
20001424  read_data                      
0000120f  read_distance                  
00001203  read_fix                       
000011f9  read_location                  
00001209  read_quality                   
000011f3  read_satillite                 
00004921  read_speed                     
000011e7  read_time                      
200013b4  real_time                      
00003245  realloc                        
20001430  refresh_rate                   
00003469  reset_peripheral               
000038ff  return_button                  
0000267f  review_fuel_display            
00002181  run_adc                        
200013f6  satellites                     
00004d41  scalbn                         
00004d41  scalbnl                        
2000141d  select_prev                    
00001e7b  select_read                    
00001ec9  send_data                      
00001fe5  send_info                      
00004945  set_speed                      
0000259f  set_speed_display              
200013c4  speed                          
20001374  speed_array                    
00004a11  speed_feedback                 
20001398  speed_set_data                 
00001bc9  split_data                     
00005569  sprintf                        
2000142c  started                        
00003bdd  step                           
00003b6f  step_mode_return               
00003c63  step_motor_control             
00003a61  stepper_motor                  
00003b75  stepper_motor_off              
00003ba1  stepper_system                 
00001d49  store_char                     
00001f3d  store_speed                    
00005caf  strchr                         
00005cc5  strcpy                         
00005d19  strlen                         
00005ae9  strncpy                        
00005ab5  strstr                         
00003cc5  strtod                         
00003cc5  strtold                        
20001434  system_timer                   
2000141c  thing                          
20001474  thisStep                       
20001470  time_last                      
20001418  time_last_2                    
00001b51  update_array                   


GLOBAL SYMBOLS: SORTED BY Symbol Address 

address   name                           
-------   ----                           
00000000  __TI_static_base__             
00000000  g_pfnVectors                   
00000800  __STACK_SIZE                   
00000800  __SYSMEM_SIZE                  
00000edb  __TI_printfi                   
000011e1  get_speed                      
000011e7  read_time                      
000011f3  read_satillite                 
000011f9  read_location                  
00001203  read_fix                       
00001209  read_quality                   
0000120f  read_distance                  
00001215  calculate_distance             
00001291  read_acceleration              
000012a5  calculate_accleration          
00001315  decode_GGA                     
00001741  decode_RMC                     
00001b51  update_array                   
00001b91  Timer0IntHandler               
00001bc9  split_data                     
00001ca5  PinChangeIntHandler            
00001d49  store_char                     
00001d99  UARTIntHandler                 
00001dcd  read_button_screen             
00001e7b  select_read                    
00001ec9  send_data                      
00001f3d  store_speed                    
00001f7d  analysis_speed                 
00001fc9  max_acc_func                   
00001fe5  send_info                      
00002047  Timer1IntHandler               
000020a1  acceleration_test              
00002181  run_adc                        
000022b5  main                           
000024e9  clearDisplay                   
000024f1  password_display               
00002587  init_password                  
0000259f  set_speed_display              
00002639  enter_fuel_display             
0000267f  review_fuel_display            
00002715  no_fix_screen                  
000027f5  accleration_screen             
00002963  display                        
00002b7b  __mpu_init                     
00002c85  RIT128x96x4Clear               
00002ce1  RIT128x96x4StringDraw          
00002e21  RIT128x96x4ImageDraw           
00002ea9  RIT128x96x4Enable              
00002f03  RIT128x96x4Disable             
00002f7d  RIT128x96x4Init                
00003021  RIT128x96x4DisplayOn           
00003055  RIT128x96x4DisplayOff          
0000308d  minit                          
0000311b  malloc                         
00003183  free                           
00003245  realloc                        
00003351  memalign                       
00003435  calloc                         
00003469  reset_peripheral               
000034a5  initClock                      
000034bb  initGPIO                       
000034df  initPin                        
00003533  initDisplay                    
0000353d  initADC                        
0000357d  UARTSend                       
000035c5  initConsole                    
00003631  initTimer                      
0000369d  initCircBuf                    
000036c7  init_set_speed_data            
000036e3  init_acc_time                  
00003769  button_choker                  
000037a3  debounce_button                
000038ff  return_button                  
000039ad  bit_check                      
00003a61  stepper_motor                  
00003b6f  step_mode_return               
00003b75  stepper_motor_off              
00003ba1  stepper_system                 
00003bdd  step                           
00003c63  step_motor_control             
00003cc5  strtod                         
00003cc5  strtold                        
00003efd  fmod                           
00003efd  fmodl                          
00004121  __aeabi_uldivmod               
00004315  SysCtlClockGet                 
000044ed  __aeabi_dsub                   
000044f7  __aeabi_dadd                   
000046a3  _system_post_cinit             
000046a5  SysCtlClockSet                 
000047e9  __aeabi_ddiv                   
00004921  read_speed                     
00004945  set_speed                      
00004a0b  init_set_speed                 
00004a11  speed_feedback                 
00004b49  __aeabi_dmul                   
00004c45  __aeabi_fsub                   
00004c49  __aeabi_fadd                   
00004d41  ldexp                          
00004d41  ldexpl                         
00004d41  scalbn                         
00004d41  scalbnl                        
00004e11  GPIOPadConfigSet               
00004ed9  __aeabi_memcpy                 
00004ed9  __aeabi_memcpy4                
00004ed9  __aeabi_memcpy8                
00004ed9  memcpy                         
00004f75  __aeabi_fdiv                   
00005009  SysCtlPeripheralReset          
00005091  __aeabi_cdcmpeq                
00005091  __aeabi_cdcmple                
00005117  __aeabi_cdrcmple               
0000519d  __aeabi_fmul                   
00005217  __aeabi_memclr                 
00005217  __aeabi_memclr4                
00005217  __aeabi_memclr8                
00005219  __aeabi_memset                 
00005219  __aeabi_memset4                
00005219  __aeabi_memset8                
0000521f  memset                         
00005291  __TI_auto_init                 
00005301  __aeabi_d2f                    
0000536f  ADCSequenceStepConfigure       
00005445  IntEnable                      
000054a9  __aeabi_cfcmpeq                
000054a9  __aeabi_cfcmple                
00005509  __aeabi_cfrcmple               
00005569  sprintf                        
000055c9  frexp                          
000055c9  frexpl                         
00005625  SysCtlPeripheralEnable         
0000567d  ltoa                           
000056d5  C$$EXIT                        
000056d9  abort                          
000056e1  exit                           
00005729  atoi                           
00005775  atol                           
000057c1  copy_in                        
0000580d  __aeabi_d2iz                   
00005855  GPIOIntTypeSet                 
00005899  SSIConfigSetExpClk             
000058dd  __aeabi_d2uiz                  
00005921  UARTConfigSetExpClk            
00005965  _c_int00                       
000059a5  __aeabi_f2d                    
000059dd  __aeabi_f2iz                   
00005a15  __aeabi_i2f                    
00005a4d  IntRegister                    
00005a81  __aeabi_f2uiz                  
00005ab5  strstr                         
00005ae9  strncpy                        
00005b19  ADCIntStatus                   
00005b47  GPIODirModeSet                 
00005b75  __aeabi_i2d                    
00005ba3  ADCSequenceConfigure           
00005bcd  TimerConfigure                 
00005bf1  ADCSequenceDataGet             
00005c11  __aeabi_ui2d                   
00005c31  UARTDisable                    
00005c4d  memccpy                        
00005c67  GPIOPortIntRegister            
00005c81  _args_main                     
00005c99  ADCProcessorTrigger            
00005caf  strchr                         
00005cc5  strcpy                         
00005cdd  SysTickEnable                  
00005cf1  UARTEnable                     
00005d05  _register_unlock               
00005d0b  _register_lock                 
00005d13  _nop                           
00005d19  strlen                         
00005d2d  GPIOPinTypeADC                 
00005d3f  GPIOPinTypeGPIOOutput          
00005d51  GPIOPinTypeSSI                 
00005d63  GPIOPinTypeUART                
00005d75  SSIDataGetNonBlocking          
00005d87  TimerLoadSet                   
00005d99  SysTickPeriodSet               
00005da9  UARTCharGetNonBlocking         
00005db9  ADCSequenceEnable              
00005dc7  TimerEnable                    
00005dd5  __TI_decompress_none           
00005de3  CPUcpsie                       
00005def  GPIOPinIntEnable               
00005dfd  SysTickValueGet                
00005e09  UARTCharsAvail                 
00005e15  ResetISR                       
00005e21  ADCIntClear                    
00005e2b  IntMasterEnable                
00005e35  SSIDataPut                     
00005e3f  SSIDisable                     
00005e49  SSIEnable                      
00005e53  UARTCharPut                    
00005e5d  UARTFIFOEnable                 
00005e67  UARTIntStatus                  
00005e71  SSIBusy                        
00005e79  TimerIntEnable                 
00005e81  UARTIntEnable                  
00005e89  copysign                       
00005e89  copysignl                      
00005e91  GPIOPinIntClear                
00005e97  GPIOPinRead                    
00005e9d  GPIOPinWrite                   
00005ea3  SysCtlDelay                    
00005ea9  __TI_decompress_rle24          
00005eaf  atof                           
00005eb5  TimerIntClear                  
00005eb9  UARTIntClear                   
00005ebd  _system_pre_init               
000060a0  _ctypes_                       
00006424  __TI_Handler_Table_Base        
0000642c  __TI_CINIT_Base                
0000642c  __TI_Handler_Table_Limit       
00006444  __TI_CINIT_Limit               
20000000  g_pfnRAMVectors                
2000026c  __stack                        
2000046c  __STACK_TOP                    
20000a6c  __STACK_END                    
20000a70  _sys_memory                    
20001270  UART_char_data                 
200012e8  UART_char_data_old             
20001360  acc_times                      
20001374  speed_array                    
20001398  speed_set_data                 
200013ac  location                       
200013b4  real_time                      
200013c0  flag1                          
200013c1  flag2                          
200013c2  lat                            
200013c3  lon                            
200013c4  speed                          
200013c8  buffed_speed                   
200013cc  buffed_speed_1_old             
200013d0  angle                          
200013d4  acceleration                   
200013d8  latitude                       
200013dc  longitude                      
200013e0  distance                       
200013e4  latitude_fixed                 
200013e8  longitude_fixed                
200013ec  latitudeDegrees                
200013f0  longitudeDegrees               
200013f4  fix                            
200013f5  fixquality                     
200013f6  satellites                     
200013f8  count                          
200013fc  last_time                      
20001400  HDOP                           
20001404  geoidheight                    
20001408  altitude                       
2000140c  encoder_1                      
20001410  encoder_2                      
20001414  prev_state                     
20001418  time_last_2                    
2000141c  thing                          
2000141d  select_prev                    
20001420  index                          
20001424  read_data                      
20001428  current_acc_time               
2000142c  started                        
20001430  refresh_rate                   
20001434  system_timer                   
20001438  DebUpBut                       
20001439  DebDownBut                     
2000143a  DebLeftBut                     
2000143b  DebCwBut                       
2000143c  DebSelectBut                   
2000143d  raw_down                       
2000143e  raw_up                         
2000143f  raw_left                       
20001440  raw_cw                         
20001441  raw_select                     
20001442  raw_down_p                     
20001443  raw_up_p                       
20001444  raw_left_p                     
20001445  raw_cw_p                       
20001446  raw_select_p                   
20001448  last_debounce                  
2000144c  button_pressed                 
20001450  __TI_cleanup_ptr               
20001454  __TI_dtors_ptr                 
20001458  __TI_enable_exit_profile_output
20001468  _lock                          
2000146c  _unlock                        
20001470  time_last                      
20001474  thisStep                       
20001478  errno                          
2000147c  main_func_sp                   
ffffffff  __TI_pprof_out_hndl            
ffffffff  __TI_prof_data_size            
ffffffff  __TI_prof_data_start           
ffffffff  __binit__                      
ffffffff  __c_args__                     
ffffffff  binit                          
UNDEFED   SHT$$INIT_ARRAY$$Base          
UNDEFED   SHT$$INIT_ARRAY$$Limit         

[296 symbols]
