******************************************************************************
                  TI ARM Linker PC v5.1.1                      
******************************************************************************
>> Linked Mon Oct 19 16:19:39 2015

OUTPUT FILE NAME:   <c_control.out>
ENTRY POINT SYMBOL: "_c_int00"  address: 000053c5


MEMORY CONFIGURATION

         name            origin    length      used     unused   attr    fill
----------------------  --------  ---------  --------  --------  ----  --------
  FLASH                 00000000   00040000  00005ec0  0003a140  R  X
  SRAM                  20000000   00010000  000015d6  0000ea2a  RW X


SEGMENT ALLOCATION MAP

run origin  load origin   length   init length attrs members
----------  ----------- ---------- ----------- ----- -------
00000000    00000000    00005ec0   00005ec0    r-x
  00000000    00000000    000000f0   000000f0    r-- .intvecs
  000000f0    000000f0    00005800   00005800    r-x .text
  000058f0    000058f0    000004f8   000004f8    r-- .const
  00005de8    00005de8    000000d8   000000d8    r-- .cinit
20000000    20000000    000015da   00000000    rw-
  20000000    20000000    0000026c   00000000    rw- .vtable
  2000026c    2000026c    00000800   00000000    rw- .stack
  20000a70    20000a70    00000800   00000000    rw- .sysmem
  20001270    20001270    00000228   00000000    rw- .data
  20001498    20001498    00000142   00000000    rw- .bss


SECTION ALLOCATION MAP

 output                                  attributes/
section   page    origin      length       input sections
--------  ----  ----------  ----------   ----------------
.intvecs   0    00000000    000000f0     
                  00000000    000000f0     lm3s1968_startup_ccs.obj (.intvecs)

.init_array 
*          0    00000000    00000000     UNINITIALIZED

.text      0    000000f0    00005800     
                  000000f0    00000e78     rtsv7M3_T_le_eabi.lib : _printfi.obj (.text)
                  00000f68    00000aac     data_process.obj (.text)
                  00001a14    00000634     main.obj (.text)
                  00002048    0000052a     display.obj (.text)
                  00002572    00000002     --HOLE-- [fill = 0]
                  00002574    00000510     rit128x96x4.obj (.text)
                  00002a84    000003cc     rtsv7M3_T_le_eabi.lib : memory.obj (.text)
                  00002e50    000002c8     init.obj (.text)
                  00003118    000002bc     debounce.obj (.text)
                  000033d4    00000264     motor_control.obj (.text)
                  00003638    00000238     rtsv7M3_T_le_eabi.lib : strtod.obj (.text)
                  00003870    000001f4                           : ull_div_t2.obj (.text)
                  00003a64    000001c8     driverlib-cm3.lib : sysctl.obj (.text:SysCtlClockGet)
                  00003c2c    000001b6     rtsv7M3_T_le_eabi.lib : fd_add_t2.obj (.text)
                  00003de2    00000002     --HOLE-- [fill = 0]
                  00003de4    00000154                           : fmod.obj (.text)
                  00003f38    00000148     driverlib-cm3.lib : sysctl.obj (.text:SysCtlClockSet)
                  00004080    00000136     rtsv7M3_T_le_eabi.lib : fd_div_t2.obj (.text)
                  000041b6    00000002     --HOLE-- [fill = 0]
                  000041b8    00000124     speed.obj (.text)
                  000042dc    00000110     rtsv7M3_T_le_eabi.lib : xdscale.obj (.text)
                  000043ec    000000fc     driverlib-cm3.lib : gpio.obj (.text:GPIOGetIntNumber)
                  000044e8    000000fc     rtsv7M3_T_le_eabi.lib : fd_mul_t2.obj (.text)
                  000045e4    000000fa                           : fs_add_t2.obj (.text)
                  000046de    000000c4                           : xdnorm.obj (.text)
                  000047a2    000000b8     driverlib-cm3.lib : gpio.obj (.text:GPIOPadConfigSet)
                  0000485a    0000009c     rtsv7M3_T_le_eabi.lib : memcpy_t2.obj (.text)
                  000048f6    00000002     --HOLE-- [fill = 0]
                  000048f8    00000094                           : auto_init.obj (.text)
                  0000498c    00000092                           : fs_div_t2.obj (.text)
                  00004a1e    00000002     --HOLE-- [fill = 0]
                  00004a20    0000008c     driverlib-cm3.lib : sysctl.obj (.text:SysCtlPeripheralReset)
                  00004aac    0000007e     rtsv7M3_T_le_eabi.lib : fd_cmp_t2.obj (.text:__aeabi_cdcmple)
                  00004b2a    0000007e                           : fd_cmp_t2.obj (.text:__aeabi_cdrcmple)
                  00004ba8    0000007a                           : fs_mul_t2.obj (.text)
                  00004c22    00000078                           : memset_t2.obj (.text)
                  00004c9a    0000006c     driverlib-cm3.lib : adc.obj (.text:ADCSequenceStepConfigure)
                  00004d06    00000002     --HOLE-- [fill = 0]
                  00004d08    00000068                       : interrupt.obj (.text:IntEnable)
                  00004d70    00000060     rtsv7M3_T_le_eabi.lib : fs_cmp_t2.obj (.text:__aeabi_cfcmple)
                  00004dd0    00000060                           : fs_cmp_t2.obj (.text:__aeabi_cfrcmple)
                  00004e30    00000060                           : sprintf.obj (.text)
                  00004e90    0000005e                           : copy_decompress_rle.obj (.text)
                  00004eee    00000002     --HOLE-- [fill = 0]
                  00004ef0    0000005c     driverlib-cm3.lib : sysctl.obj (.text:SysCtlPeripheralEnable)
                  00004f4c    0000005a     rtsv7M3_T_le_eabi.lib : ltoa.obj (.text)
                  00004fa6    00000002     --HOLE-- [fill = 0]
                  00004fa8    0000004c                           : atoi.obj (.text)
                  00004ff4    0000004c                           : atol.obj (.text)
                  00005040    0000004a                           : fd_tos_t2.obj (.text)
                  0000508a    00000048                           : fd_toi_t2.obj (.text)
                  000050d2    00000002     --HOLE-- [fill = 0]
                  000050d4    00000044                           : cpy_tbl.obj (.text)
                  00005118    00000044                           : exit.obj (.text)
                  0000515c    00000044                           : fd_tou_t2.obj (.text)
                  000051a0    00000044                           : xdtest.obj (.text)
                  000051e4    00000042     driverlib-cm3.lib : ssi.obj (.text:SSIConfigSetExpClk)
                  00005226    00000042                       : uart.obj (.text:UARTConfigSetExpClk)
                  00005268    00000040     rtsv7M3_T_le_eabi.lib : signal.obj (.text)
                  000052a8    0000003e     driverlib-cm3.lib : gpio.obj (.text:GPIOIntTypeSet)
                  000052e6    00000038     rtsv7M3_T_le_eabi.lib : fs_tod_t2.obj (.text)
                  0000531e    00000038                           : fs_toi_t2.obj (.text)
                  00005356    00000038                           : i_tofs_t2.obj (.text)
                  0000538e    00000002     --HOLE-- [fill = 0]
                  00005390    00000034     driverlib-cm3.lib : interrupt.obj (.text:IntRegister)
                  000053c4    00000034     rtsv7M3_T_le_eabi.lib : boot.obj (.text)
                  000053f8    00000034                           : feraiseexcept.obj (.text)
                  0000542c    00000034                           : fs_tou_t2.obj (.text)
                  00005460    00000032                           : strstr.obj (.text)
                  00005492    00000030                           : strncpy.obj (.text)
                  000054c2    00000002     --HOLE-- [fill = 0]
                  000054c4    00000030                           : xferaise.obj (.text)
                  000054f4    0000002e                           : i_tofd_t2.obj (.text)
                  00005522    0000002e                           : raise.obj (.text)
                  00005550    0000002c     driverlib-cm3.lib : adc.obj (.text:ADCIntStatus)
                  0000557c    0000002a                       : adc.obj (.text:ADCSequenceConfigure)
                  000055a6    0000002a                       : gpio.obj (.text:GPIODirModeSet)
                  000055d0    00000028                       : timer.obj (.text:TimerConfigure)
                  000055f8    00000020     rtsv7M3_T_le_eabi.lib : u_tofd_t2.obj (.text)
                  00005618    0000001e     driverlib-cm3.lib : adc.obj (.text:ADCSequenceDataGet)
                  00005636    00000002     --HOLE-- [fill = 0]
                  00005638    0000001c                       : uart.obj (.text:UARTDisable)
                  00005654    0000001a                       : adc.obj (.text:ADCProcessorTrigger)
                  0000566e    0000001a     rtsv7M3_T_le_eabi.lib : memccpy.obj (.text)
                  00005688    00000018     driverlib-cm3.lib : gpio.obj (.text:GPIOPortIntRegister)
                  000056a0    00000018     rtsv7M3_T_le_eabi.lib : args_main.obj (.text)
                  000056b8    00000018                           : ll_mul_t2.obj (.text)
                  000056d0    00000016                           : strchr.obj (.text)
                  000056e6    00000002     --HOLE-- [fill = 0]
                  000056e8    00000014     driverlib-cm3.lib : systick.obj (.text:SysTickEnable)
                  000056fc    00000014                       : uart.obj (.text:UARTEnable)
                  00005710    00000014     rtsv7M3_T_le_eabi.lib : _lock.obj (.text)
                  00005724    00000014                           : strlen.obj (.text)
                  00005738    00000012     driverlib-cm3.lib : gpio.obj (.text:GPIOPinTypeADC)
                  0000574a    00000012                       : gpio.obj (.text:GPIOPinTypeGPIOOutput)
                  0000575c    00000012                       : gpio.obj (.text:GPIOPinTypeSSI)
                  0000576e    00000012                       : gpio.obj (.text:GPIOPinTypeUART)
                  00005780    00000012                       : ssi.obj (.text:SSIDataGetNonBlocking)
                  00005792    00000012                       : timer.obj (.text:TimerLoadSet)
                  000057a4    00000012     rtsv7M3_T_le_eabi.lib : copy_zero_init.obj (.text:decompress:ZI)
                  000057b6    00000012                           : strcpy.obj (.text)
                  000057c8    00000010     driverlib-cm3.lib : systick.obj (.text:SysTickPeriodSet)
                  000057d8    0000000e                       : adc.obj (.text:ADCSequenceEnable)
                  000057e6    0000000e                       : timer.obj (.text:TimerEnable)
                  000057f4    0000000e                       : uart.obj (.text:UARTCharGetNonBlocking)
                  00005802    0000000e     rtsv7M3_T_le_eabi.lib : copy_decompress_none.obj (.text:decompress:none)
                  00005810    0000000e                           : xdclass.obj (.text)
                  0000581e    0000000c     driverlib-cm3.lib : cpu.obj (.text:CPUcpsie)
                  0000582a    0000000c                       : gpio.obj (.text:GPIOPinIntEnable)
                  00005836    00000002     --HOLE-- [fill = 0]
                  00005838    0000000c                       : systick.obj (.text:SysTickValueGet)
                  00005844    0000000c                       : uart.obj (.text:UARTCharsAvail)
                  00005850    0000000c     lm3s1968_startup_ccs.obj (.text)
                  0000585c    0000000a     driverlib-cm3.lib : adc.obj (.text:ADCIntClear)
                  00005866    0000000a                       : interrupt.obj (.text:IntMasterEnable)
                  00005870    0000000a                       : ssi.obj (.text:SSIDataPut)
                  0000587a    0000000a                       : ssi.obj (.text:SSIDisable)
                  00005884    0000000a                       : ssi.obj (.text:SSIEnable)
                  0000588e    0000000a                       : uart.obj (.text:UARTCharPut)
                  00005898    0000000a                       : uart.obj (.text:UARTFIFOEnable)
                  000058a2    0000000a                       : uart.obj (.text:UARTIntStatus)
                  000058ac    00000008                       : ssi.obj (.text:SSIBusy)
                  000058b4    00000008                       : timer.obj (.text:TimerIntEnable)
                  000058bc    00000008                       : uart.obj (.text:UARTIntEnable)
                  000058c4    00000006                       : gpio.obj (.text:GPIOPinIntClear)
                  000058ca    00000006                       : gpio.obj (.text:GPIOPinRead)
                  000058d0    00000006                       : gpio.obj (.text:GPIOPinWrite)
                  000058d6    00000006                       : sysctl.obj (.text:SysCtlDelay)
                  000058dc    00000006     rtsv7M3_T_le_eabi.lib : copy_decompress_rle.obj (.text:decompress:rle24)
                  000058e2    00000006                           : atof.obj (.text)
                  000058e8    00000004     driverlib-cm3.lib : timer.obj (.text:TimerIntClear)
                  000058ec    00000004                       : uart.obj (.text:UARTIntClear)

.const     0    000058f0    000004f8     
                  000058f0    000001e0     rit128x96x4.obj (.const:g_pucFont)
                  00005ad0    00000102     rtsv7M3_T_le_eabi.lib : ctype.obj (.const:.string:_ctypes_)
                  00005bd2    00000006     --HOLE-- [fill = 0]
                  00005bd8    00000098                           : strtod.obj (.const)
                  00005c70    00000070     driverlib-cm3.lib : interrupt.obj (.const)
                  00005ce0    0000006c                       : sysctl.obj (.const:g_pulXtals)
                  00005d4c    0000004f     rit128x96x4.obj (.const:.string:g_pucRIT128x96x4Init)
                  00005d9b    00000001     --HOLE-- [fill = 0]
                  00005d9c    00000040     driverlib-cm3.lib : sysctl.obj (.const)
                  00005ddc    0000000c     rit128x96x4.obj (.const:.string)

.cinit     0    00005de8    000000d8     
                  00005de8    000000a1     (.cinit..data.load) [load image, compression = rle]
                  00005e89    00000003     --HOLE-- [fill = 0]
                  00005e8c    0000000c     (__TI_handler_table)
                  00005e98    00000008     (.cinit..bss.load) [load image, compression = zero_init]
                  00005ea0    00000008     (.cinit..vtable.load) [load image, compression = zero_init]
                  00005ea8    00000018     (__TI_cinit_table)

.vtable    0    20000000    0000026c     UNINITIALIZED
                  20000000    0000026c     driverlib-cm3.lib : interrupt.obj (.vtable)

.stack     0    2000026c    00000800     UNINITIALIZED
                  2000026c    00000800     --HOLE--

.sysmem    0    20000a70    00000800     UNINITIALIZED
                  20000a70    00000008     rtsv7M3_T_le_eabi.lib : memory.obj (.sysmem)
                  20000a78    000007f8     --HOLE--

.data      0    20001270    00000228     UNINITIALIZED
                  20001270    000000b0     rtsv7M3_T_le_eabi.lib : signal.obj (.data:sigtable)
                  20001320    00000080                           : xvalues.obj (.data)
                  200013a0    00000060     data_process.obj (.data)
                  20001400    00000044     debounce.obj (.data)
                  20001444    00000020     main.obj (.data)
                  20001464    0000000c     rtsv7M3_T_le_eabi.lib : memory.obj (.data)
                  20001470    00000008     motor_control.obj (.data)
                  20001478    00000008     rtsv7M3_T_le_eabi.lib : _lock.obj (.data)
                  20001480    00000008                           : exit.obj (.data)
                  20001488    00000008                           : feraiseexcept.obj (.data)
                  20001490    00000004                           : errno.obj (.data)
                  20001494    00000004                           : stkdepth_vars.obj (.data)

.bss       0    20001498    00000142     UNINITIALIZED
                  20001498    00000078     main.obj (.bss:UART_char_data)
                  20001510    00000078     main.obj (.bss:UART_char_data_old)
                  20001588    00000014     (.common:speed_array)
                  2000159c    00000010     (.common:speed_buffer)
                  200015ac    00000008     (.common:g_pucBuffer)
                  200015b4    00000008     (.common:location)
                  200015bc    00000008     (.common:real_time)
                  200015c4    00000008     (.common:speed_set_data)
                  200015cc    00000004     (.common:flag1)
                  200015d0    00000004     (.common:flag2)
                  200015d4    00000004     (.common:g_ulSSIFlags)
                  200015d8    00000001     (.common:lat)
                  200015d9    00000001     (.common:lon)


LINKER GENERATED COPY TABLES

__TI_cinit_table @ 00005ea8 records: 3, size/record: 8, table size: 24
	.data: load addr=00005de8, load size=000000a1 bytes, run addr=20001270, run size=00000228 bytes, compression=rle
	.bss: load addr=00005e98, load size=00000008 bytes, run addr=20001498, run size=00000142 bytes, compression=zero_init
	.vtable: load addr=00005ea0, load size=00000008 bytes, run addr=20000000, run size=0000026c bytes, compression=zero_init


LINKER GENERATED HANDLER TABLE

__TI_handler_table @ 00005e8c records: 3, size/record: 4, table size: 12
	index: 0, handler: __TI_zero_init
	index: 1, handler: __TI_decompress_rle24
	index: 2, handler: __TI_decompress_none


GLOBAL SYMBOLS: SORTED ALPHABETICALLY BY Name 

address    name
--------   ----
0000585d   ADCIntClear
00005551   ADCIntStatus
00005655   ADCProcessorTrigger
0000557d   ADCSequenceConfigure
00005619   ADCSequenceDataGet
000057d9   ADCSequenceEnable
00004c9b   ADCSequenceStepConfigure
00005119   C$$EXIT
0000581f   CPUcpsie
2000140c   DebCwBut
20001404   DebDownBut
20001408   DebLeftBut
20001410   DebSelectBut
20001400   DebUpBut
000055a7   GPIODirModeSet
000052a9   GPIOIntTypeSet
000047a3   GPIOPadConfigSet
000058c5   GPIOPinIntClear
0000582b   GPIOPinIntEnable
000058cb   GPIOPinRead
00005739   GPIOPinTypeADC
0000574b   GPIOPinTypeGPIOOutput
0000575d   GPIOPinTypeSSI
0000576f   GPIOPinTypeUART
000058d1   GPIOPinWrite
00005689   GPIOPortIntRegister
200013f4   HDOP
00004d09   IntEnable
00005867   IntMasterEnable
00005391   IntRegister
00001a15   PinChangeIntHandler
0000267d   RIT128x96x4Clear
000028fb   RIT128x96x4Disable
00002a4d   RIT128x96x4DisplayOff
00002a19   RIT128x96x4DisplayOn
000028a1   RIT128x96x4Enable
00002819   RIT128x96x4ImageDraw
00002975   RIT128x96x4Init
000026d9   RIT128x96x4StringDraw
00005851   ResetISR
UNDEFED    SHT$$INIT_ARRAY$$Base
UNDEFED    SHT$$INIT_ARRAY$$Limit
000058ad   SSIBusy
000051e5   SSIConfigSetExpClk
00005781   SSIDataGetNonBlocking
00005871   SSIDataPut
0000587b   SSIDisable
00005885   SSIEnable
00003a65   SysCtlClockGet
00003f39   SysCtlClockSet
000058d7   SysCtlDelay
00004ef1   SysCtlPeripheralEnable
00004a21   SysCtlPeripheralReset
000056e9   SysTickEnable
000057c9   SysTickPeriodSet
00005839   SysTickValueGet
00001919   Timer0IntHandler
00001d73   Timer1IntHandler
000055d1   TimerConfigure
000057e7   TimerEnable
000058e9   TimerIntClear
000058b5   TimerIntEnable
00005793   TimerLoadSet
000057f5   UARTCharGetNonBlocking
0000588f   UARTCharPut
00005845   UARTCharsAvail
00005227   UARTConfigSetExpClk
00005639   UARTDisable
000056fd   UARTEnable
00005899   UARTFIFOEnable
000058ed   UARTIntClear
000058bd   UARTIntEnable
00001b09   UARTIntHandler
000058a3   UARTIntStatus
00002f65   UARTSend
20001498   UART_char_data
20001510   UART_char_data_old
00005811   _Dclass
20001320   _Denorm
000046df   _Dnorm
000042dd   _Dscale
000051a1   _Dtest
20001330   _Eps
20001490   _Errno
20001488   _Fenv
000054c5   _Feraise
20001340   _Hugeval
20001350   _Inf
20001360   _Nan
20001380   _Rteps
20001370   _Snan
2000148c   _Tls_setup__Fenv
20001390   _Xbig
20001398   _Zero
20000a6c   __STACK_END
00000800   __STACK_SIZE
2000046c   __STACK_TOP
00000800   __SYSMEM_SIZE
00005ea8   __TI_CINIT_Base
00005ec0   __TI_CINIT_Limit
00005e8c   __TI_Handler_Table_Base
00005e98   __TI_Handler_Table_Limit
00000001   __TI_args_main
000048f9   __TI_auto_init
20001480   __TI_cleanup_ptr
00005803   __TI_decompress_none
000058dd   __TI_decompress_rle24
20001484   __TI_dtors_ptr
00000c5f   __TI_printfi
00000000   __TI_static_base__
000057a5   __TI_zero_init
00004aad   __aeabi_cdcmpeq
00004aad   __aeabi_cdcmple
00004b2b   __aeabi_cdrcmple
00004d71   __aeabi_cfcmpeq
00004d71   __aeabi_cfcmple
00004dd1   __aeabi_cfrcmple
00005041   __aeabi_d2f
0000508b   __aeabi_d2iz
0000515d   __aeabi_d2uiz
00003c37   __aeabi_dadd
00004081   __aeabi_ddiv
000044e9   __aeabi_dmul
00003c2d   __aeabi_dsub
000052e7   __aeabi_f2d
0000531f   __aeabi_f2iz
0000542d   __aeabi_f2uiz
000045e9   __aeabi_fadd
0000498d   __aeabi_fdiv
00004ba9   __aeabi_fmul
000045e5   __aeabi_fsub
000054f5   __aeabi_i2d
00005357   __aeabi_i2f
000056b9   __aeabi_lmul
00004c23   __aeabi_memclr
00004c23   __aeabi_memclr4
00004c23   __aeabi_memclr8
0000485b   __aeabi_memcpy
0000485b   __aeabi_memcpy4
0000485b   __aeabi_memcpy8
00004c25   __aeabi_memset
00004c25   __aeabi_memset4
00004c25   __aeabi_memset8
000055f9   __aeabi_ui2d
00003871   __aeabi_uldivmod
ffffffff   __binit__
ffffffff   __c_args__
2000026c   __stack
000056a1   _args_main
000053c5   _c_int00
00005ad0   _ctypes_
20001478   _lock
0000571f   _nop
00005717   _register_lock
00005711   _register_unlock
20000a70   _sys_memory
2000147c   _unlock
0000511d   abort
200013b0   acceleration
200013fc   altitude
00001cad   analysis_speed
200013ac   angle
000058e3   atof
00004fa9   atoi
00004ff5   atol
ffffffff   binit
00003321   bit_check
200013a4   buffed_speed
200013a8   buffed_speed_1_old
00003119   button_choker
20001440   button_pressed
0000102d   calculate_accleration
00000f9d   calculate_distance
00002e19   calloc
00002049   clearDisplay
000050d5   copy_in
200013ec   count
00003141   debounce_button
0000109d   decode_GGA
000014c9   decode_RMC
00002359   display
200013bc   distance
20001444   encoder_1
20001448   encoder_2
00002199   enter_fuel_display
00005125   exit
000053f9   feraiseexcept
200013d0   fix
200013e8   fixquality
200015cc   flag1
200015d0   flag2
00003de5   fmod
00002b73   free
20000000   g_pfnRAMVectors
00000000   g_pfnVectors
200013f8   geoidheight
00000f69   get_speed
2000145c   index
00002f25   initADC
00003081   initCircBuf
00002e8d   initClock
00002fad   initConsole
00002f1b   initDisplay
00002ea3   initGPIO
00002ec7   initPin
00003019   initTimer
000020e7   init_password
0000429d   init_set_speed
000030ab   init_set_speed_data
2000143c   last_debounce
200013f0   last_time
200015d8   lat
200013b4   latitude
200013c8   latitudeDegrees
200013c0   latitude_fixed
200015b4   location
200015d9   lon
200013b8   longitude
200013cc   longitudeDegrees
200013c4   longitude_fixed
00004f4d   ltoa
00001e2d   main
20001494   main_func_sp
00002b11   malloc
00001ce9   max_acc_func
00002d39   memalign
0000566f   memccpy
0000485b   memcpy
00004c2b   memset
00002a85   minit
00002275   no_fix_screen
00002051   password_display
2000144c   prev_state
00005523   raise
20001420   raw_cw
20001434   raw_cw_p
20001414   raw_down
20001428   raw_down_p
2000141c   raw_left
20001430   raw_left_p
20001424   raw_select
20001438   raw_select_p
20001418   raw_up
2000142c   raw_up_p
00001019   read_acceleration
00001b3d   read_button_screen
20001460   read_data
00000f97   read_distance
00000f8b   read_fix
00000f81   read_location
00000f91   read_quality
00000f7b   read_satillite
000041b9   read_speed
00000f6f   read_time
200015bc   real_time
00002c33   realloc
00002e51   reset_peripheral
00003273   return_button
000021df   review_fuel_display
00001d7f   run_adc
200013e9   satellites
20001458   select_prev
00001bb5   select_read
00001bf5   send_data
00001d15   send_info
000041dd   set_speed
000020ff   set_speed_display
00005269   signal
200013a0   speed
20001588   speed_array
000042a3   speed_feedback
200015c4   speed_set_data
00001955   split_data
00004e31   sprintf
00003551   step
000034e3   step_mode_return
000035d7   step_motor_control
000033d5   stepper_motor
000034e9   stepper_motor_off
00003515   stepper_system
00001ab9   store_char
00001c69   store_speed
000056d1   strchr
000057b7   strcpy
00005725   strlen
00005493   strncpy
00005461   strstr
00003639   strtod
20001454   thing
20001474   thisStep
200013d4   time_array
20001470   time_last
20001450   time_last_2
000018d9   update_array


GLOBAL SYMBOLS: SORTED BY Symbol Address 

address    name
--------   ----
00000000   __TI_static_base__
00000000   g_pfnVectors
00000001   __TI_args_main
00000800   __STACK_SIZE
00000800   __SYSMEM_SIZE
00000c5f   __TI_printfi
00000f69   get_speed
00000f6f   read_time
00000f7b   read_satillite
00000f81   read_location
00000f8b   read_fix
00000f91   read_quality
00000f97   read_distance
00000f9d   calculate_distance
00001019   read_acceleration
0000102d   calculate_accleration
0000109d   decode_GGA
000014c9   decode_RMC
000018d9   update_array
00001919   Timer0IntHandler
00001955   split_data
00001a15   PinChangeIntHandler
00001ab9   store_char
00001b09   UARTIntHandler
00001b3d   read_button_screen
00001bb5   select_read
00001bf5   send_data
00001c69   store_speed
00001cad   analysis_speed
00001ce9   max_acc_func
00001d15   send_info
00001d73   Timer1IntHandler
00001d7f   run_adc
00001e2d   main
00002049   clearDisplay
00002051   password_display
000020e7   init_password
000020ff   set_speed_display
00002199   enter_fuel_display
000021df   review_fuel_display
00002275   no_fix_screen
00002359   display
0000267d   RIT128x96x4Clear
000026d9   RIT128x96x4StringDraw
00002819   RIT128x96x4ImageDraw
000028a1   RIT128x96x4Enable
000028fb   RIT128x96x4Disable
00002975   RIT128x96x4Init
00002a19   RIT128x96x4DisplayOn
00002a4d   RIT128x96x4DisplayOff
00002a85   minit
00002b11   malloc
00002b73   free
00002c33   realloc
00002d39   memalign
00002e19   calloc
00002e51   reset_peripheral
00002e8d   initClock
00002ea3   initGPIO
00002ec7   initPin
00002f1b   initDisplay
00002f25   initADC
00002f65   UARTSend
00002fad   initConsole
00003019   initTimer
00003081   initCircBuf
000030ab   init_set_speed_data
00003119   button_choker
00003141   debounce_button
00003273   return_button
00003321   bit_check
000033d5   stepper_motor
000034e3   step_mode_return
000034e9   stepper_motor_off
00003515   stepper_system
00003551   step
000035d7   step_motor_control
00003639   strtod
00003871   __aeabi_uldivmod
00003a65   SysCtlClockGet
00003c2d   __aeabi_dsub
00003c37   __aeabi_dadd
00003de5   fmod
00003f39   SysCtlClockSet
00004081   __aeabi_ddiv
000041b9   read_speed
000041dd   set_speed
0000429d   init_set_speed
000042a3   speed_feedback
000042dd   _Dscale
000044e9   __aeabi_dmul
000045e5   __aeabi_fsub
000045e9   __aeabi_fadd
000046df   _Dnorm
000047a3   GPIOPadConfigSet
0000485b   __aeabi_memcpy
0000485b   __aeabi_memcpy4
0000485b   __aeabi_memcpy8
0000485b   memcpy
000048f9   __TI_auto_init
0000498d   __aeabi_fdiv
00004a21   SysCtlPeripheralReset
00004aad   __aeabi_cdcmpeq
00004aad   __aeabi_cdcmple
00004b2b   __aeabi_cdrcmple
00004ba9   __aeabi_fmul
00004c23   __aeabi_memclr
00004c23   __aeabi_memclr4
00004c23   __aeabi_memclr8
00004c25   __aeabi_memset
00004c25   __aeabi_memset4
00004c25   __aeabi_memset8
00004c2b   memset
00004c9b   ADCSequenceStepConfigure
00004d09   IntEnable
00004d71   __aeabi_cfcmpeq
00004d71   __aeabi_cfcmple
00004dd1   __aeabi_cfrcmple
00004e31   sprintf
00004ef1   SysCtlPeripheralEnable
00004f4d   ltoa
00004fa9   atoi
00004ff5   atol
00005041   __aeabi_d2f
0000508b   __aeabi_d2iz
000050d5   copy_in
00005119   C$$EXIT
0000511d   abort
00005125   exit
0000515d   __aeabi_d2uiz
000051a1   _Dtest
000051e5   SSIConfigSetExpClk
00005227   UARTConfigSetExpClk
00005269   signal
000052a9   GPIOIntTypeSet
000052e7   __aeabi_f2d
0000531f   __aeabi_f2iz
00005357   __aeabi_i2f
00005391   IntRegister
000053c5   _c_int00
000053f9   feraiseexcept
0000542d   __aeabi_f2uiz
00005461   strstr
00005493   strncpy
000054c5   _Feraise
000054f5   __aeabi_i2d
00005523   raise
00005551   ADCIntStatus
0000557d   ADCSequenceConfigure
000055a7   GPIODirModeSet
000055d1   TimerConfigure
000055f9   __aeabi_ui2d
00005619   ADCSequenceDataGet
00005639   UARTDisable
00005655   ADCProcessorTrigger
0000566f   memccpy
00005689   GPIOPortIntRegister
000056a1   _args_main
000056b9   __aeabi_lmul
000056d1   strchr
000056e9   SysTickEnable
000056fd   UARTEnable
00005711   _register_unlock
00005717   _register_lock
0000571f   _nop
00005725   strlen
00005739   GPIOPinTypeADC
0000574b   GPIOPinTypeGPIOOutput
0000575d   GPIOPinTypeSSI
0000576f   GPIOPinTypeUART
00005781   SSIDataGetNonBlocking
00005793   TimerLoadSet
000057a5   __TI_zero_init
000057b7   strcpy
000057c9   SysTickPeriodSet
000057d9   ADCSequenceEnable
000057e7   TimerEnable
000057f5   UARTCharGetNonBlocking
00005803   __TI_decompress_none
00005811   _Dclass
0000581f   CPUcpsie
0000582b   GPIOPinIntEnable
00005839   SysTickValueGet
00005845   UARTCharsAvail
00005851   ResetISR
0000585d   ADCIntClear
00005867   IntMasterEnable
00005871   SSIDataPut
0000587b   SSIDisable
00005885   SSIEnable
0000588f   UARTCharPut
00005899   UARTFIFOEnable
000058a3   UARTIntStatus
000058ad   SSIBusy
000058b5   TimerIntEnable
000058bd   UARTIntEnable
000058c5   GPIOPinIntClear
000058cb   GPIOPinRead
000058d1   GPIOPinWrite
000058d7   SysCtlDelay
000058dd   __TI_decompress_rle24
000058e3   atof
000058e9   TimerIntClear
000058ed   UARTIntClear
00005ad0   _ctypes_
00005e8c   __TI_Handler_Table_Base
00005e98   __TI_Handler_Table_Limit
00005ea8   __TI_CINIT_Base
00005ec0   __TI_CINIT_Limit
20000000   g_pfnRAMVectors
2000026c   __stack
2000046c   __STACK_TOP
20000a6c   __STACK_END
20000a70   _sys_memory
20001320   _Denorm
20001330   _Eps
20001340   _Hugeval
20001350   _Inf
20001360   _Nan
20001370   _Snan
20001380   _Rteps
20001390   _Xbig
20001398   _Zero
200013a0   speed
200013a4   buffed_speed
200013a8   buffed_speed_1_old
200013ac   angle
200013b0   acceleration
200013b4   latitude
200013b8   longitude
200013bc   distance
200013c0   latitude_fixed
200013c4   longitude_fixed
200013c8   latitudeDegrees
200013cc   longitudeDegrees
200013d0   fix
200013d4   time_array
200013e8   fixquality
200013e9   satellites
200013ec   count
200013f0   last_time
200013f4   HDOP
200013f8   geoidheight
200013fc   altitude
20001400   DebUpBut
20001404   DebDownBut
20001408   DebLeftBut
2000140c   DebCwBut
20001410   DebSelectBut
20001414   raw_down
20001418   raw_up
2000141c   raw_left
20001420   raw_cw
20001424   raw_select
20001428   raw_down_p
2000142c   raw_up_p
20001430   raw_left_p
20001434   raw_cw_p
20001438   raw_select_p
2000143c   last_debounce
20001440   button_pressed
20001444   encoder_1
20001448   encoder_2
2000144c   prev_state
20001450   time_last_2
20001454   thing
20001458   select_prev
2000145c   index
20001460   read_data
20001470   time_last
20001474   thisStep
20001478   _lock
2000147c   _unlock
20001480   __TI_cleanup_ptr
20001484   __TI_dtors_ptr
20001488   _Fenv
2000148c   _Tls_setup__Fenv
20001490   _Errno
20001494   main_func_sp
20001498   UART_char_data
20001510   UART_char_data_old
20001588   speed_array
200015b4   location
200015bc   real_time
200015c4   speed_set_data
200015cc   flag1
200015d0   flag2
200015d8   lat
200015d9   lon
ffffffff   __binit__
ffffffff   __c_args__
ffffffff   binit
UNDEFED    SHT$$INIT_ARRAY$$Base
UNDEFED    SHT$$INIT_ARRAY$$Limit

[294 symbols]
