<?xml version="1.0"?>
<link_info>
   <banner>TI ARM Linker PC v5.1.1</banner>
   <copyright>Copyright (c) 1996-2013 Texas Instruments Incorporated</copyright>
   <link_time>0x56232c24</link_time>
   <link_errors>0x0</link_errors>
   <output_file>c_control.out</output_file>
   <entry_point>
      <name>_c_int00</name>
      <address>0x528d</address>
   </entry_point>
   <input_file_list>
      <input_file id="fl-2">
         <path>.\</path>
         <kind>object</kind>
         <file>speed.obj</file>
         <name>speed.obj</name>
      </input_file>
      <input_file id="fl-3">
         <path>.\</path>
         <kind>object</kind>
         <file>rit128x96x4.obj</file>
         <name>rit128x96x4.obj</name>
      </input_file>
      <input_file id="fl-4">
         <path>.\</path>
         <kind>object</kind>
         <file>motor_control.obj</file>
         <name>motor_control.obj</name>
      </input_file>
      <input_file id="fl-5">
         <path>.\</path>
         <kind>object</kind>
         <file>main.obj</file>
         <name>main.obj</name>
      </input_file>
      <input_file id="fl-6">
         <path>.\</path>
         <kind>object</kind>
         <file>lm3s1968_startup_ccs.obj</file>
         <name>lm3s1968_startup_ccs.obj</name>
      </input_file>
      <input_file id="fl-7">
         <path>.\</path>
         <kind>object</kind>
         <file>init.obj</file>
         <name>init.obj</name>
      </input_file>
      <input_file id="fl-8">
         <path>.\</path>
         <kind>object</kind>
         <file>display.obj</file>
         <name>display.obj</name>
      </input_file>
      <input_file id="fl-9">
         <path>.\</path>
         <kind>object</kind>
         <file>debounce.obj</file>
         <name>debounce.obj</name>
      </input_file>
      <input_file id="fl-a">
         <path>.\</path>
         <kind>object</kind>
         <file>data_process.obj</file>
         <name>data_process.obj</name>
      </input_file>
      <input_file id="fl-138">
         <path>C:\ti\ccsv5\tools\compiler\arm_5.1.1\lib\</path>
         <kind>archive</kind>
         <file>rtsv7M3_T_le_eabi.lib</file>
         <name>atof.obj</name>
      </input_file>
      <input_file id="fl-139">
         <path>C:\ti\ccsv5\tools\compiler\arm_5.1.1\lib\</path>
         <kind>archive</kind>
         <file>rtsv7M3_T_le_eabi.lib</file>
         <name>atoi.obj</name>
      </input_file>
      <input_file id="fl-13a">
         <path>C:\ti\ccsv5\tools\compiler\arm_5.1.1\lib\</path>
         <kind>archive</kind>
         <file>rtsv7M3_T_le_eabi.lib</file>
         <name>atol.obj</name>
      </input_file>
      <input_file id="fl-13b">
         <path>C:\ti\ccsv5\tools\compiler\arm_5.1.1\lib\</path>
         <kind>archive</kind>
         <file>rtsv7M3_T_le_eabi.lib</file>
         <name>boot.obj</name>
      </input_file>
      <input_file id="fl-13c">
         <path>C:\ti\ccsv5\tools\compiler\arm_5.1.1\lib\</path>
         <kind>archive</kind>
         <file>rtsv7M3_T_le_eabi.lib</file>
         <name>copy_decompress_none.obj</name>
      </input_file>
      <input_file id="fl-13d">
         <path>C:\ti\ccsv5\tools\compiler\arm_5.1.1\lib\</path>
         <kind>archive</kind>
         <file>rtsv7M3_T_le_eabi.lib</file>
         <name>copy_decompress_rle.obj</name>
      </input_file>
      <input_file id="fl-13e">
         <path>C:\ti\ccsv5\tools\compiler\arm_5.1.1\lib\</path>
         <kind>archive</kind>
         <file>rtsv7M3_T_le_eabi.lib</file>
         <name>copy_zero_init.obj</name>
      </input_file>
      <input_file id="fl-13f">
         <path>C:\ti\ccsv5\tools\compiler\arm_5.1.1\lib\</path>
         <kind>archive</kind>
         <file>rtsv7M3_T_le_eabi.lib</file>
         <name>ctype.obj</name>
      </input_file>
      <input_file id="fl-140">
         <path>C:\ti\ccsv5\tools\compiler\arm_5.1.1\lib\</path>
         <kind>archive</kind>
         <file>rtsv7M3_T_le_eabi.lib</file>
         <name>exit.obj</name>
      </input_file>
      <input_file id="fl-141">
         <path>C:\ti\ccsv5\tools\compiler\arm_5.1.1\lib\</path>
         <kind>archive</kind>
         <file>rtsv7M3_T_le_eabi.lib</file>
         <name>fd_div_t2.obj</name>
      </input_file>
      <input_file id="fl-142">
         <path>C:\ti\ccsv5\tools\compiler\arm_5.1.1\lib\</path>
         <kind>archive</kind>
         <file>rtsv7M3_T_le_eabi.lib</file>
         <name>fd_mul_t2.obj</name>
      </input_file>
      <input_file id="fl-143">
         <path>C:\ti\ccsv5\tools\compiler\arm_5.1.1\lib\</path>
         <kind>archive</kind>
         <file>rtsv7M3_T_le_eabi.lib</file>
         <name>fd_tos_t2.obj</name>
      </input_file>
      <input_file id="fl-144">
         <path>C:\ti\ccsv5\tools\compiler\arm_5.1.1\lib\</path>
         <kind>archive</kind>
         <file>rtsv7M3_T_le_eabi.lib</file>
         <name>fd_tou_t2.obj</name>
      </input_file>
      <input_file id="fl-145">
         <path>C:\ti\ccsv5\tools\compiler\arm_5.1.1\lib\</path>
         <kind>archive</kind>
         <file>rtsv7M3_T_le_eabi.lib</file>
         <name>fmod.obj</name>
      </input_file>
      <input_file id="fl-146">
         <path>C:\ti\ccsv5\tools\compiler\arm_5.1.1\lib\</path>
         <kind>archive</kind>
         <file>rtsv7M3_T_le_eabi.lib</file>
         <name>fs_add_t2.obj</name>
      </input_file>
      <input_file id="fl-147">
         <path>C:\ti\ccsv5\tools\compiler\arm_5.1.1\lib\</path>
         <kind>archive</kind>
         <file>rtsv7M3_T_le_eabi.lib</file>
         <name>fs_cmp_t2.obj</name>
      </input_file>
      <input_file id="fl-148">
         <path>C:\ti\ccsv5\tools\compiler\arm_5.1.1\lib\</path>
         <kind>archive</kind>
         <file>rtsv7M3_T_le_eabi.lib</file>
         <name>fs_div_t2.obj</name>
      </input_file>
      <input_file id="fl-149">
         <path>C:\ti\ccsv5\tools\compiler\arm_5.1.1\lib\</path>
         <kind>archive</kind>
         <file>rtsv7M3_T_le_eabi.lib</file>
         <name>fs_mul_t2.obj</name>
      </input_file>
      <input_file id="fl-14a">
         <path>C:\ti\ccsv5\tools\compiler\arm_5.1.1\lib\</path>
         <kind>archive</kind>
         <file>rtsv7M3_T_le_eabi.lib</file>
         <name>fs_tod_t2.obj</name>
      </input_file>
      <input_file id="fl-14b">
         <path>C:\ti\ccsv5\tools\compiler\arm_5.1.1\lib\</path>
         <kind>archive</kind>
         <file>rtsv7M3_T_le_eabi.lib</file>
         <name>fs_toi_t2.obj</name>
      </input_file>
      <input_file id="fl-14c">
         <path>C:\ti\ccsv5\tools\compiler\arm_5.1.1\lib\</path>
         <kind>archive</kind>
         <file>rtsv7M3_T_le_eabi.lib</file>
         <name>fs_tou_t2.obj</name>
      </input_file>
      <input_file id="fl-14d">
         <path>C:\ti\ccsv5\tools\compiler\arm_5.1.1\lib\</path>
         <kind>archive</kind>
         <file>rtsv7M3_T_le_eabi.lib</file>
         <name>i_tofd_t2.obj</name>
      </input_file>
      <input_file id="fl-14e">
         <path>C:\ti\ccsv5\tools\compiler\arm_5.1.1\lib\</path>
         <kind>archive</kind>
         <file>rtsv7M3_T_le_eabi.lib</file>
         <name>i_tofs_t2.obj</name>
      </input_file>
      <input_file id="fl-14f">
         <path>C:\ti\ccsv5\tools\compiler\arm_5.1.1\lib\</path>
         <kind>archive</kind>
         <file>rtsv7M3_T_le_eabi.lib</file>
         <name>memcpy_t2.obj</name>
      </input_file>
      <input_file id="fl-150">
         <path>C:\ti\ccsv5\tools\compiler\arm_5.1.1\lib\</path>
         <kind>archive</kind>
         <file>rtsv7M3_T_le_eabi.lib</file>
         <name>memory.obj</name>
      </input_file>
      <input_file id="fl-151">
         <path>C:\ti\ccsv5\tools\compiler\arm_5.1.1\lib\</path>
         <kind>archive</kind>
         <file>rtsv7M3_T_le_eabi.lib</file>
         <name>rand.obj</name>
      </input_file>
      <input_file id="fl-152">
         <path>C:\ti\ccsv5\tools\compiler\arm_5.1.1\lib\</path>
         <kind>archive</kind>
         <file>rtsv7M3_T_le_eabi.lib</file>
         <name>sprintf.obj</name>
      </input_file>
      <input_file id="fl-153">
         <path>C:\ti\ccsv5\tools\compiler\arm_5.1.1\lib\</path>
         <kind>archive</kind>
         <file>rtsv7M3_T_le_eabi.lib</file>
         <name>stkdepth_vars.obj</name>
      </input_file>
      <input_file id="fl-154">
         <path>C:\ti\ccsv5\tools\compiler\arm_5.1.1\lib\</path>
         <kind>archive</kind>
         <file>rtsv7M3_T_le_eabi.lib</file>
         <name>strchr.obj</name>
      </input_file>
      <input_file id="fl-155">
         <path>C:\ti\ccsv5\tools\compiler\arm_5.1.1\lib\</path>
         <kind>archive</kind>
         <file>rtsv7M3_T_le_eabi.lib</file>
         <name>strcpy.obj</name>
      </input_file>
      <input_file id="fl-156">
         <path>C:\ti\ccsv5\tools\compiler\arm_5.1.1\lib\</path>
         <kind>archive</kind>
         <file>rtsv7M3_T_le_eabi.lib</file>
         <name>strncpy.obj</name>
      </input_file>
      <input_file id="fl-157">
         <path>C:\ti\ccsv5\tools\compiler\arm_5.1.1\lib\</path>
         <kind>archive</kind>
         <file>rtsv7M3_T_le_eabi.lib</file>
         <name>strstr.obj</name>
      </input_file>
      <input_file id="fl-158">
         <path>C:\ti\ccsv5\tools\compiler\arm_5.1.1\lib\</path>
         <kind>archive</kind>
         <file>rtsv7M3_T_le_eabi.lib</file>
         <name>strtod.obj</name>
      </input_file>
      <input_file id="fl-159">
         <path>C:\ti\ccsv5\tools\compiler\arm_5.1.1\lib\</path>
         <kind>archive</kind>
         <file>rtsv7M3_T_le_eabi.lib</file>
         <name>u_tofd_t2.obj</name>
      </input_file>
      <input_file id="fl-15a">
         <path>C:\ti\ccsv5\tools\compiler\arm_5.1.1\lib\</path>
         <kind>archive</kind>
         <file>rtsv7M3_T_le_eabi.lib</file>
         <name>xdnorm.obj</name>
      </input_file>
      <input_file id="fl-15b">
         <path>C:\ti\ccsv5\tools\compiler\arm_5.1.1\lib\</path>
         <kind>archive</kind>
         <file>rtsv7M3_T_le_eabi.lib</file>
         <name>xdscale.obj</name>
      </input_file>
      <input_file id="fl-15c">
         <path>C:\ti\ccsv5\tools\compiler\arm_5.1.1\lib\</path>
         <kind>archive</kind>
         <file>rtsv7M3_T_le_eabi.lib</file>
         <name>xdtest.obj</name>
      </input_file>
      <input_file id="fl-15d">
         <path>C:\ti\ccsv5\tools\compiler\arm_5.1.1\lib\</path>
         <kind>archive</kind>
         <file>rtsv7M3_T_le_eabi.lib</file>
         <name>xferaise.obj</name>
      </input_file>
      <input_file id="fl-15e">
         <path>C:\ti\ccsv5\tools\compiler\arm_5.1.1\lib\</path>
         <kind>archive</kind>
         <file>rtsv7M3_T_le_eabi.lib</file>
         <name>xvalues.obj</name>
      </input_file>
      <input_file id="fl-15f">
         <path>C:\ti\ccsv5\tools\compiler\arm_5.1.1\lib\</path>
         <kind>archive</kind>
         <file>rtsv7M3_T_le_eabi.lib</file>
         <name>_lock.obj</name>
      </input_file>
      <input_file id="fl-160">
         <path>C:\ti\ccsv5\tools\compiler\arm_5.1.1\lib\</path>
         <kind>archive</kind>
         <file>rtsv7M3_T_le_eabi.lib</file>
         <name>_printfi.obj</name>
      </input_file>
      <input_file id="fl-161">
         <path>C:\ti\ccsv5\tools\compiler\arm_5.1.1\lib\</path>
         <kind>archive</kind>
         <file>rtsv7M3_T_le_eabi.lib</file>
         <name>args_main.obj</name>
      </input_file>
      <input_file id="fl-162">
         <path>C:\ti\ccsv5\tools\compiler\arm_5.1.1\lib\</path>
         <kind>archive</kind>
         <file>rtsv7M3_T_le_eabi.lib</file>
         <name>auto_init.obj</name>
      </input_file>
      <input_file id="fl-163">
         <path>C:\ti\ccsv5\tools\compiler\arm_5.1.1\lib\</path>
         <kind>archive</kind>
         <file>rtsv7M3_T_le_eabi.lib</file>
         <name>cpy_tbl.obj</name>
      </input_file>
      <input_file id="fl-164">
         <path>C:\ti\ccsv5\tools\compiler\arm_5.1.1\lib\</path>
         <kind>archive</kind>
         <file>rtsv7M3_T_le_eabi.lib</file>
         <name>errno.obj</name>
      </input_file>
      <input_file id="fl-165">
         <path>C:\ti\ccsv5\tools\compiler\arm_5.1.1\lib\</path>
         <kind>archive</kind>
         <file>rtsv7M3_T_le_eabi.lib</file>
         <name>fd_add_t2.obj</name>
      </input_file>
      <input_file id="fl-166">
         <path>C:\ti\ccsv5\tools\compiler\arm_5.1.1\lib\</path>
         <kind>archive</kind>
         <file>rtsv7M3_T_le_eabi.lib</file>
         <name>fd_cmp_t2.obj</name>
      </input_file>
      <input_file id="fl-167">
         <path>C:\ti\ccsv5\tools\compiler\arm_5.1.1\lib\</path>
         <kind>archive</kind>
         <file>rtsv7M3_T_le_eabi.lib</file>
         <name>fd_toi_t2.obj</name>
      </input_file>
      <input_file id="fl-168">
         <path>C:\ti\ccsv5\tools\compiler\arm_5.1.1\lib\</path>
         <kind>archive</kind>
         <file>rtsv7M3_T_le_eabi.lib</file>
         <name>feraiseexcept.obj</name>
      </input_file>
      <input_file id="fl-169">
         <path>C:\ti\ccsv5\tools\compiler\arm_5.1.1\lib\</path>
         <kind>archive</kind>
         <file>rtsv7M3_T_le_eabi.lib</file>
         <name>ll_mul_t2.obj</name>
      </input_file>
      <input_file id="fl-16a">
         <path>C:\ti\ccsv5\tools\compiler\arm_5.1.1\lib\</path>
         <kind>archive</kind>
         <file>rtsv7M3_T_le_eabi.lib</file>
         <name>ltoa.obj</name>
      </input_file>
      <input_file id="fl-16b">
         <path>C:\ti\ccsv5\tools\compiler\arm_5.1.1\lib\</path>
         <kind>archive</kind>
         <file>rtsv7M3_T_le_eabi.lib</file>
         <name>memccpy.obj</name>
      </input_file>
      <input_file id="fl-16c">
         <path>C:\ti\ccsv5\tools\compiler\arm_5.1.1\lib\</path>
         <kind>archive</kind>
         <file>rtsv7M3_T_le_eabi.lib</file>
         <name>memset_t2.obj</name>
      </input_file>
      <input_file id="fl-16d">
         <path>C:\ti\ccsv5\tools\compiler\arm_5.1.1\lib\</path>
         <kind>archive</kind>
         <file>rtsv7M3_T_le_eabi.lib</file>
         <name>raise.obj</name>
      </input_file>
      <input_file id="fl-16e">
         <path>C:\ti\ccsv5\tools\compiler\arm_5.1.1\lib\</path>
         <kind>archive</kind>
         <file>rtsv7M3_T_le_eabi.lib</file>
         <name>signal.obj</name>
      </input_file>
      <input_file id="fl-16f">
         <path>C:\ti\ccsv5\tools\compiler\arm_5.1.1\lib\</path>
         <kind>archive</kind>
         <file>rtsv7M3_T_le_eabi.lib</file>
         <name>strlen.obj</name>
      </input_file>
      <input_file id="fl-170">
         <path>C:\ti\ccsv5\tools\compiler\arm_5.1.1\lib\</path>
         <kind>archive</kind>
         <file>rtsv7M3_T_le_eabi.lib</file>
         <name>ull_div_t2.obj</name>
      </input_file>
      <input_file id="fl-171">
         <path>C:\ti\ccsv5\tools\compiler\arm_5.1.1\lib\</path>
         <kind>archive</kind>
         <file>rtsv7M3_T_le_eabi.lib</file>
         <name>xdclass.obj</name>
      </input_file>
      <input_file id="fl-172">
         <path>C:\ti\StellarisWare\driverlib\ccs-cm3\Debug\</path>
         <kind>archive</kind>
         <file>driverlib-cm3.lib</file>
         <name>uart.obj</name>
      </input_file>
      <input_file id="fl-173">
         <path>C:\ti\StellarisWare\driverlib\ccs-cm3\Debug\</path>
         <kind>archive</kind>
         <file>driverlib-cm3.lib</file>
         <name>timer.obj</name>
      </input_file>
      <input_file id="fl-174">
         <path>C:\ti\StellarisWare\driverlib\ccs-cm3\Debug\</path>
         <kind>archive</kind>
         <file>driverlib-cm3.lib</file>
         <name>systick.obj</name>
      </input_file>
      <input_file id="fl-175">
         <path>C:\ti\StellarisWare\driverlib\ccs-cm3\Debug\</path>
         <kind>archive</kind>
         <file>driverlib-cm3.lib</file>
         <name>sysctl.obj</name>
      </input_file>
      <input_file id="fl-176">
         <path>C:\ti\StellarisWare\driverlib\ccs-cm3\Debug\</path>
         <kind>archive</kind>
         <file>driverlib-cm3.lib</file>
         <name>ssi.obj</name>
      </input_file>
      <input_file id="fl-177">
         <path>C:\ti\StellarisWare\driverlib\ccs-cm3\Debug\</path>
         <kind>archive</kind>
         <file>driverlib-cm3.lib</file>
         <name>interrupt.obj</name>
      </input_file>
      <input_file id="fl-178">
         <path>C:\ti\StellarisWare\driverlib\ccs-cm3\Debug\</path>
         <kind>archive</kind>
         <file>driverlib-cm3.lib</file>
         <name>gpio.obj</name>
      </input_file>
      <input_file id="fl-179">
         <path>C:\ti\StellarisWare\driverlib\ccs-cm3\Debug\</path>
         <kind>archive</kind>
         <file>driverlib-cm3.lib</file>
         <name>cpu.obj</name>
      </input_file>
   </input_file_list>
   <object_component_list>
      <object_component id="oc-e">
         <name>.intvecs</name>
         <load_address>0x0</load_address>
         <run_address>0x0</run_address>
         <size>0xf0</size>
         <input_file_ref idref="fl-6"/>
      </object_component>
      <object_component id="oc-223">
         <name>.text</name>
         <load_address>0xf0</load_address>
         <run_address>0xf0</run_address>
         <size>0xe78</size>
         <input_file_ref idref="fl-160"/>
      </object_component>
      <object_component id="oc-30">
         <name>.text</name>
         <load_address>0xf68</load_address>
         <run_address>0xf68</run_address>
         <size>0xaac</size>
         <input_file_ref idref="fl-a"/>
      </object_component>
      <object_component id="oc-2b">
         <name>.text</name>
         <load_address>0x1a14</load_address>
         <run_address>0x1a14</run_address>
         <size>0x5b0</size>
         <input_file_ref idref="fl-5"/>
      </object_component>
      <object_component id="oc-93">
         <name>.text</name>
         <load_address>0x1fc4</load_address>
         <run_address>0x1fc4</run_address>
         <size>0x536</size>
         <input_file_ref idref="fl-8"/>
      </object_component>
      <object_component id="oc-199">
         <name>.text</name>
         <load_address>0x24fc</load_address>
         <run_address>0x24fc</run_address>
         <size>0x510</size>
         <input_file_ref idref="fl-3"/>
      </object_component>
      <object_component id="oc-20e">
         <name>.text</name>
         <load_address>0x2a0c</load_address>
         <run_address>0x2a0c</run_address>
         <size>0x3cc</size>
         <input_file_ref idref="fl-150"/>
      </object_component>
      <object_component id="oc-8e">
         <name>.text</name>
         <load_address>0x2dd8</load_address>
         <run_address>0x2dd8</run_address>
         <size>0x2bc</size>
         <input_file_ref idref="fl-9"/>
      </object_component>
      <object_component id="oc-98">
         <name>.text</name>
         <load_address>0x3094</load_address>
         <run_address>0x3094</run_address>
         <size>0x26c</size>
         <input_file_ref idref="fl-7"/>
      </object_component>
      <object_component id="oc-d0">
         <name>.text</name>
         <load_address>0x3300</load_address>
         <run_address>0x3300</run_address>
         <size>0x264</size>
         <input_file_ref idref="fl-4"/>
      </object_component>
      <object_component id="oc-256">
         <name>.text</name>
         <load_address>0x3564</load_address>
         <run_address>0x3564</run_address>
         <size>0x238</size>
         <input_file_ref idref="fl-158"/>
      </object_component>
      <object_component id="oc-31e">
         <name>.text</name>
         <load_address>0x379c</load_address>
         <run_address>0x379c</run_address>
         <size>0x1f4</size>
         <input_file_ref idref="fl-170"/>
      </object_component>
      <object_component id="oc-1e1">
         <name>.text:SysCtlClockGet</name>
         <load_address>0x3990</load_address>
         <run_address>0x3990</run_address>
         <size>0x1c8</size>
         <input_file_ref idref="fl-175"/>
      </object_component>
      <object_component id="oc-271">
         <name>.text</name>
         <load_address>0x3b58</load_address>
         <run_address>0x3b58</run_address>
         <size>0x1b6</size>
         <input_file_ref idref="fl-165"/>
      </object_component>
      <object_component id="oc-11a">
         <name>.text</name>
         <load_address>0x3d10</load_address>
         <run_address>0x3d10</run_address>
         <size>0x154</size>
         <input_file_ref idref="fl-145"/>
      </object_component>
      <object_component id="oc-1a5">
         <name>.text:SysCtlClockSet</name>
         <load_address>0x3e64</load_address>
         <run_address>0x3e64</run_address>
         <size>0x148</size>
         <input_file_ref idref="fl-175"/>
      </object_component>
      <object_component id="oc-f3">
         <name>.text</name>
         <load_address>0x3fac</load_address>
         <run_address>0x3fac</run_address>
         <size>0x136</size>
         <input_file_ref idref="fl-141"/>
      </object_component>
      <object_component id="oc-26c">
         <name>.text</name>
         <load_address>0x40e4</load_address>
         <run_address>0x40e4</run_address>
         <size>0x110</size>
         <input_file_ref idref="fl-15b"/>
      </object_component>
      <object_component id="oc-2ed">
         <name>.text:GPIOGetIntNumber</name>
         <load_address>0x41f4</load_address>
         <run_address>0x41f4</run_address>
         <size>0xfc</size>
         <input_file_ref idref="fl-178"/>
      </object_component>
      <object_component id="oc-fb">
         <name>.text</name>
         <load_address>0x42f0</load_address>
         <run_address>0x42f0</run_address>
         <size>0xfc</size>
         <input_file_ref idref="fl-142"/>
      </object_component>
      <object_component id="oc-9d">
         <name>.text</name>
         <load_address>0x43ec</load_address>
         <run_address>0x43ec</run_address>
         <size>0xfa</size>
         <input_file_ref idref="fl-146"/>
      </object_component>
      <object_component id="oc-cb">
         <name>.text</name>
         <load_address>0x44e8</load_address>
         <run_address>0x44e8</run_address>
         <size>0xe0</size>
         <input_file_ref idref="fl-2"/>
      </object_component>
      <object_component id="oc-267">
         <name>.text</name>
         <load_address>0x45c8</load_address>
         <run_address>0x45c8</run_address>
         <size>0xc4</size>
         <input_file_ref idref="fl-15a"/>
      </object_component>
      <object_component id="oc-1b9">
         <name>.text:GPIOPadConfigSet</name>
         <load_address>0x468c</load_address>
         <run_address>0x468c</run_address>
         <size>0xb8</size>
         <input_file_ref idref="fl-178"/>
      </object_component>
      <object_component id="oc-49">
         <name>.text</name>
         <load_address>0x4744</load_address>
         <run_address>0x4744</run_address>
         <size>0x9c</size>
         <input_file_ref idref="fl-14f"/>
      </object_component>
      <object_component id="oc-38">
         <name>.text</name>
         <load_address>0x47e0</load_address>
         <run_address>0x47e0</run_address>
         <size>0x94</size>
         <input_file_ref idref="fl-162"/>
      </object_component>
      <object_component id="oc-a1">
         <name>.text</name>
         <load_address>0x4874</load_address>
         <run_address>0x4874</run_address>
         <size>0x92</size>
         <input_file_ref idref="fl-148"/>
      </object_component>
      <object_component id="oc-1a0">
         <name>.text:SysCtlPeripheralReset</name>
         <load_address>0x4908</load_address>
         <run_address>0x4908</run_address>
         <size>0x8c</size>
         <input_file_ref idref="fl-175"/>
      </object_component>
      <object_component id="oc-263">
         <name>.text:__aeabi_cdcmple</name>
         <load_address>0x4994</load_address>
         <run_address>0x4994</run_address>
         <size>0x7e</size>
         <input_file_ref idref="fl-166"/>
      </object_component>
      <object_component id="oc-32b">
         <name>.text:__aeabi_cdrcmple</name>
         <load_address>0x4a12</load_address>
         <run_address>0x4a12</run_address>
         <size>0x7e</size>
         <input_file_ref idref="fl-166"/>
      </object_component>
      <object_component id="oc-131">
         <name>.text</name>
         <load_address>0x4a90</load_address>
         <run_address>0x4a90</run_address>
         <size>0x7a</size>
         <input_file_ref idref="fl-149"/>
      </object_component>
      <object_component id="oc-338">
         <name>.text</name>
         <load_address>0x4b0a</load_address>
         <run_address>0x4b0a</run_address>
         <size>0x78</size>
         <input_file_ref idref="fl-16c"/>
      </object_component>
      <object_component id="oc-1d2">
         <name>.text:IntEnable</name>
         <load_address>0x4b84</load_address>
         <run_address>0x4b84</run_address>
         <size>0x68</size>
         <input_file_ref idref="fl-177"/>
      </object_component>
      <object_component id="oc-103">
         <name>.text:__aeabi_cfcmple</name>
         <load_address>0x4bec</load_address>
         <run_address>0x4bec</run_address>
         <size>0x60</size>
         <input_file_ref idref="fl-147"/>
      </object_component>
      <object_component id="oc-a5">
         <name>.text:__aeabi_cfrcmple</name>
         <load_address>0x4c4c</load_address>
         <run_address>0x4c4c</run_address>
         <size>0x60</size>
         <input_file_ref idref="fl-147"/>
      </object_component>
      <object_component id="oc-b9">
         <name>.text</name>
         <load_address>0x4cac</load_address>
         <run_address>0x4cac</run_address>
         <size>0x60</size>
         <input_file_ref idref="fl-152"/>
      </object_component>
      <object_component id="oc-5b">
         <name>.text</name>
         <load_address>0x4d0c</load_address>
         <run_address>0x4d0c</run_address>
         <size>0x5e</size>
         <input_file_ref idref="fl-13d"/>
      </object_component>
      <object_component id="oc-1b4">
         <name>.text:SysCtlPeripheralEnable</name>
         <load_address>0x4d6c</load_address>
         <run_address>0x4d6c</run_address>
         <size>0x5c</size>
         <input_file_ref idref="fl-175"/>
      </object_component>
      <object_component id="oc-333">
         <name>.text</name>
         <load_address>0x4dc8</load_address>
         <run_address>0x4dc8</run_address>
         <size>0x5a</size>
         <input_file_ref idref="fl-16a"/>
      </object_component>
      <object_component id="oc-13e">
         <name>.text</name>
         <load_address>0x4e24</load_address>
         <run_address>0x4e24</run_address>
         <size>0x4c</size>
         <input_file_ref idref="fl-139"/>
      </object_component>
      <object_component id="oc-128">
         <name>.text</name>
         <load_address>0x4e70</load_address>
         <run_address>0x4e70</run_address>
         <size>0x4c</size>
         <input_file_ref idref="fl-13a"/>
      </object_component>
      <object_component id="oc-ab">
         <name>.text</name>
         <load_address>0x4ebc</load_address>
         <run_address>0x4ebc</run_address>
         <size>0x4c</size>
         <input_file_ref idref="fl-151"/>
      </object_component>
      <object_component id="oc-ff">
         <name>.text</name>
         <load_address>0x4f08</load_address>
         <run_address>0x4f08</run_address>
         <size>0x4a</size>
         <input_file_ref idref="fl-143"/>
      </object_component>
      <object_component id="oc-32f">
         <name>.text</name>
         <load_address>0x4f52</load_address>
         <run_address>0x4f52</run_address>
         <size>0x48</size>
         <input_file_ref idref="fl-167"/>
      </object_component>
      <object_component id="oc-159">
         <name>.text</name>
         <load_address>0x4f9c</load_address>
         <run_address>0x4f9c</run_address>
         <size>0x44</size>
         <input_file_ref idref="fl-163"/>
      </object_component>
      <object_component id="oc-41">
         <name>.text</name>
         <load_address>0x4fe0</load_address>
         <run_address>0x4fe0</run_address>
         <size>0x44</size>
         <input_file_ref idref="fl-140"/>
      </object_component>
      <object_component id="oc-11f">
         <name>.text</name>
         <load_address>0x5024</load_address>
         <run_address>0x5024</run_address>
         <size>0x44</size>
         <input_file_ref idref="fl-144"/>
      </object_component>
      <object_component id="oc-25e">
         <name>.text</name>
         <load_address>0x5068</load_address>
         <run_address>0x5068</run_address>
         <size>0x44</size>
         <input_file_ref idref="fl-15c"/>
      </object_component>
      <object_component id="oc-2ba">
         <name>.text:SSIConfigSetExpClk</name>
         <load_address>0x50ac</load_address>
         <run_address>0x50ac</run_address>
         <size>0x42</size>
         <input_file_ref idref="fl-176"/>
      </object_component>
      <object_component id="oc-1e6">
         <name>.text:UARTConfigSetExpClk</name>
         <load_address>0x50ee</load_address>
         <run_address>0x50ee</run_address>
         <size>0x42</size>
         <input_file_ref idref="fl-172"/>
      </object_component>
      <object_component id="oc-3ee">
         <name>.text</name>
         <load_address>0x5130</load_address>
         <run_address>0x5130</run_address>
         <size>0x40</size>
         <input_file_ref idref="fl-16e"/>
      </object_component>
      <object_component id="oc-1c8">
         <name>.text:GPIOIntTypeSet</name>
         <load_address>0x5170</load_address>
         <run_address>0x5170</run_address>
         <size>0x3e</size>
         <input_file_ref idref="fl-178"/>
      </object_component>
      <object_component id="oc-ef">
         <name>.text</name>
         <load_address>0x51ae</load_address>
         <run_address>0x51ae</run_address>
         <size>0x38</size>
         <input_file_ref idref="fl-14a"/>
      </object_component>
      <object_component id="oc-d5">
         <name>.text</name>
         <load_address>0x51e6</load_address>
         <run_address>0x51e6</run_address>
         <size>0x38</size>
         <input_file_ref idref="fl-14b"/>
      </object_component>
      <object_component id="oc-12d">
         <name>.text</name>
         <load_address>0x521e</load_address>
         <run_address>0x521e</run_address>
         <size>0x38</size>
         <input_file_ref idref="fl-14e"/>
      </object_component>
      <object_component id="oc-2f2">
         <name>.text:IntRegister</name>
         <load_address>0x5258</load_address>
         <run_address>0x5258</run_address>
         <size>0x34</size>
         <input_file_ref idref="fl-177"/>
      </object_component>
      <object_component id="oc-10">
         <name>.text</name>
         <load_address>0x528c</load_address>
         <run_address>0x528c</run_address>
         <size>0x34</size>
         <input_file_ref idref="fl-13b"/>
      </object_component>
      <object_component id="oc-373">
         <name>.text</name>
         <load_address>0x52c0</load_address>
         <run_address>0x52c0</run_address>
         <size>0x34</size>
         <input_file_ref idref="fl-168"/>
      </object_component>
      <object_component id="oc-116">
         <name>.text</name>
         <load_address>0x52f4</load_address>
         <run_address>0x52f4</run_address>
         <size>0x34</size>
         <input_file_ref idref="fl-14c"/>
      </object_component>
      <object_component id="oc-14b">
         <name>.text</name>
         <load_address>0x5328</load_address>
         <run_address>0x5328</run_address>
         <size>0x32</size>
         <input_file_ref idref="fl-157"/>
      </object_component>
      <object_component id="oc-123">
         <name>.text</name>
         <load_address>0x535a</load_address>
         <run_address>0x535a</run_address>
         <size>0x30</size>
         <input_file_ref idref="fl-156"/>
      </object_component>
      <object_component id="oc-275">
         <name>.text</name>
         <load_address>0x538c</load_address>
         <run_address>0x538c</run_address>
         <size>0x30</size>
         <input_file_ref idref="fl-15d"/>
      </object_component>
      <object_component id="oc-f7">
         <name>.text</name>
         <load_address>0x53bc</load_address>
         <run_address>0x53bc</run_address>
         <size>0x2e</size>
         <input_file_ref idref="fl-14d"/>
      </object_component>
      <object_component id="oc-3da">
         <name>.text</name>
         <load_address>0x53ea</load_address>
         <run_address>0x53ea</run_address>
         <size>0x2e</size>
         <input_file_ref idref="fl-16d"/>
      </object_component>
      <object_component id="oc-2e7">
         <name>.text:GPIODirModeSet</name>
         <load_address>0x5418</load_address>
         <run_address>0x5418</run_address>
         <size>0x2a</size>
         <input_file_ref idref="fl-178"/>
      </object_component>
      <object_component id="oc-1fa">
         <name>.text:TimerConfigure</name>
         <load_address>0x5444</load_address>
         <run_address>0x5444</run_address>
         <size>0x28</size>
         <input_file_ref idref="fl-173"/>
      </object_component>
      <object_component id="oc-135">
         <name>.text</name>
         <load_address>0x546c</load_address>
         <run_address>0x546c</run_address>
         <size>0x20</size>
         <input_file_ref idref="fl-159"/>
      </object_component>
      <object_component id="oc-303">
         <name>.text:UARTDisable</name>
         <load_address>0x548c</load_address>
         <run_address>0x548c</run_address>
         <size>0x1c</size>
         <input_file_ref idref="fl-172"/>
      </object_component>
      <object_component id="oc-341">
         <name>.text</name>
         <load_address>0x54a8</load_address>
         <run_address>0x54a8</run_address>
         <size>0x1a</size>
         <input_file_ref idref="fl-16b"/>
      </object_component>
      <object_component id="oc-1c3">
         <name>.text:GPIOPortIntRegister</name>
         <load_address>0x54c2</load_address>
         <run_address>0x54c2</run_address>
         <size>0x18</size>
         <input_file_ref idref="fl-178"/>
      </object_component>
      <object_component id="oc-3c">
         <name>.text</name>
         <load_address>0x54dc</load_address>
         <run_address>0x54dc</run_address>
         <size>0x18</size>
         <input_file_ref idref="fl-161"/>
      </object_component>
      <object_component id="oc-322">
         <name>.text</name>
         <load_address>0x54f4</load_address>
         <run_address>0x54f4</run_address>
         <size>0x18</size>
         <input_file_ref idref="fl-169"/>
      </object_component>
      <object_component id="oc-10c">
         <name>.text</name>
         <load_address>0x550c</load_address>
         <run_address>0x550c</run_address>
         <size>0x16</size>
         <input_file_ref idref="fl-154"/>
      </object_component>
      <object_component id="oc-1af">
         <name>.text:SysTickEnable</name>
         <load_address>0x5524</load_address>
         <run_address>0x5524</run_address>
         <size>0x14</size>
         <input_file_ref idref="fl-174"/>
      </object_component>
      <object_component id="oc-1f5">
         <name>.text:UARTEnable</name>
         <load_address>0x5538</load_address>
         <run_address>0x5538</run_address>
         <size>0x14</size>
         <input_file_ref idref="fl-172"/>
      </object_component>
      <object_component id="oc-295">
         <name>.text</name>
         <load_address>0x554c</load_address>
         <run_address>0x554c</run_address>
         <size>0x14</size>
         <input_file_ref idref="fl-15f"/>
      </object_component>
      <object_component id="oc-326">
         <name>.text</name>
         <load_address>0x5560</load_address>
         <run_address>0x5560</run_address>
         <size>0x14</size>
         <input_file_ref idref="fl-16f"/>
      </object_component>
      <object_component id="oc-1be">
         <name>.text:GPIOPinTypeGPIOOutput</name>
         <load_address>0x5574</load_address>
         <run_address>0x5574</run_address>
         <size>0x12</size>
         <input_file_ref idref="fl-178"/>
      </object_component>
      <object_component id="oc-2bf">
         <name>.text:GPIOPinTypeSSI</name>
         <load_address>0x5586</load_address>
         <run_address>0x5586</run_address>
         <size>0x12</size>
         <input_file_ref idref="fl-178"/>
      </object_component>
      <object_component id="oc-1dc">
         <name>.text:GPIOPinTypeUART</name>
         <load_address>0x5598</load_address>
         <run_address>0x5598</run_address>
         <size>0x12</size>
         <input_file_ref idref="fl-178"/>
      </object_component>
      <object_component id="oc-2c9">
         <name>.text:SSIDataGetNonBlocking</name>
         <load_address>0x55aa</load_address>
         <run_address>0x55aa</run_address>
         <size>0x12</size>
         <input_file_ref idref="fl-176"/>
      </object_component>
      <object_component id="oc-1ff">
         <name>.text:TimerLoadSet</name>
         <load_address>0x55bc</load_address>
         <run_address>0x55bc</run_address>
         <size>0x12</size>
         <input_file_ref idref="fl-173"/>
      </object_component>
      <object_component id="oc-19">
         <name>.text:decompress:ZI</name>
         <load_address>0x55ce</load_address>
         <run_address>0x55ce</run_address>
         <size>0x12</size>
         <input_file_ref idref="fl-13e"/>
      </object_component>
      <object_component id="oc-75">
         <name>.text</name>
         <load_address>0x55e0</load_address>
         <run_address>0x55e0</run_address>
         <size>0x12</size>
         <input_file_ref idref="fl-155"/>
      </object_component>
      <object_component id="oc-1aa">
         <name>.text:SysTickPeriodSet</name>
         <load_address>0x55f4</load_address>
         <run_address>0x55f4</run_address>
         <size>0x10</size>
         <input_file_ref idref="fl-174"/>
      </object_component>
      <object_component id="oc-209">
         <name>.text:TimerEnable</name>
         <load_address>0x5604</load_address>
         <run_address>0x5604</run_address>
         <size>0xe</size>
         <input_file_ref idref="fl-173"/>
      </object_component>
      <object_component id="oc-84">
         <name>.text:UARTCharGetNonBlocking</name>
         <load_address>0x5612</load_address>
         <run_address>0x5612</run_address>
         <size>0xe</size>
         <input_file_ref idref="fl-172"/>
      </object_component>
      <object_component id="oc-14">
         <name>.text:decompress:none</name>
         <load_address>0x5620</load_address>
         <run_address>0x5620</run_address>
         <size>0xe</size>
         <input_file_ref idref="fl-13c"/>
      </object_component>
      <object_component id="oc-33c">
         <name>.text</name>
         <load_address>0x562e</load_address>
         <run_address>0x562e</run_address>
         <size>0xe</size>
         <input_file_ref idref="fl-171"/>
      </object_component>
      <object_component id="oc-233">
         <name>.text:CPUcpsie</name>
         <load_address>0x563c</load_address>
         <run_address>0x563c</run_address>
         <size>0xc</size>
         <input_file_ref idref="fl-179"/>
      </object_component>
      <object_component id="oc-1cd">
         <name>.text:GPIOPinIntEnable</name>
         <load_address>0x5648</load_address>
         <run_address>0x5648</run_address>
         <size>0xc</size>
         <input_file_ref idref="fl-178"/>
      </object_component>
      <object_component id="oc-b4">
         <name>.text:SysTickValueGet</name>
         <load_address>0x5654</load_address>
         <run_address>0x5654</run_address>
         <size>0xc</size>
         <input_file_ref idref="fl-174"/>
      </object_component>
      <object_component id="oc-89">
         <name>.text:UARTCharsAvail</name>
         <load_address>0x5660</load_address>
         <run_address>0x5660</run_address>
         <size>0xc</size>
         <input_file_ref idref="fl-172"/>
      </object_component>
      <object_component id="oc-26">
         <name>.text</name>
         <load_address>0x566c</load_address>
         <run_address>0x566c</run_address>
         <size>0xc</size>
         <input_file_ref idref="fl-6"/>
      </object_component>
      <object_component id="oc-c6">
         <name>.text:IntMasterEnable</name>
         <load_address>0x5678</load_address>
         <run_address>0x5678</run_address>
         <size>0xa</size>
         <input_file_ref idref="fl-177"/>
      </object_component>
      <object_component id="oc-2ae">
         <name>.text:SSIDataPut</name>
         <load_address>0x5682</load_address>
         <run_address>0x5682</run_address>
         <size>0xa</size>
         <input_file_ref idref="fl-176"/>
      </object_component>
      <object_component id="oc-2b5">
         <name>.text:SSIDisable</name>
         <load_address>0x568c</load_address>
         <run_address>0x568c</run_address>
         <size>0xa</size>
         <input_file_ref idref="fl-176"/>
      </object_component>
      <object_component id="oc-2c4">
         <name>.text:SSIEnable</name>
         <load_address>0x5696</load_address>
         <run_address>0x5696</run_address>
         <size>0xa</size>
         <input_file_ref idref="fl-176"/>
      </object_component>
      <object_component id="oc-1d7">
         <name>.text:UARTCharPut</name>
         <load_address>0x56a0</load_address>
         <run_address>0x56a0</run_address>
         <size>0xa</size>
         <input_file_ref idref="fl-172"/>
      </object_component>
      <object_component id="oc-1f0">
         <name>.text:UARTFIFOEnable</name>
         <load_address>0x56aa</load_address>
         <run_address>0x56aa</run_address>
         <size>0xa</size>
         <input_file_ref idref="fl-172"/>
      </object_component>
      <object_component id="oc-7a">
         <name>.text:UARTIntStatus</name>
         <load_address>0x56b4</load_address>
         <run_address>0x56b4</run_address>
         <size>0xa</size>
         <input_file_ref idref="fl-172"/>
      </object_component>
      <object_component id="oc-2a9">
         <name>.text:SSIBusy</name>
         <load_address>0x56be</load_address>
         <run_address>0x56be</run_address>
         <size>0x8</size>
         <input_file_ref idref="fl-176"/>
      </object_component>
      <object_component id="oc-204">
         <name>.text:TimerIntEnable</name>
         <load_address>0x56c6</load_address>
         <run_address>0x56c6</run_address>
         <size>0x8</size>
         <input_file_ref idref="fl-173"/>
      </object_component>
      <object_component id="oc-1eb">
         <name>.text:UARTIntEnable</name>
         <load_address>0x56ce</load_address>
         <run_address>0x56ce</run_address>
         <size>0x8</size>
         <input_file_ref idref="fl-172"/>
      </object_component>
      <object_component id="oc-6b">
         <name>.text:GPIOPinIntClear</name>
         <load_address>0x56d6</load_address>
         <run_address>0x56d6</run_address>
         <size>0x6</size>
         <input_file_ref idref="fl-178"/>
      </object_component>
      <object_component id="oc-70">
         <name>.text:GPIOPinRead</name>
         <load_address>0x56dc</load_address>
         <run_address>0x56dc</run_address>
         <size>0x6</size>
         <input_file_ref idref="fl-178"/>
      </object_component>
      <object_component id="oc-23c">
         <name>.text:GPIOPinWrite</name>
         <load_address>0x56e2</load_address>
         <run_address>0x56e2</run_address>
         <size>0x6</size>
         <input_file_ref idref="fl-178"/>
      </object_component>
      <object_component id="oc-2e0">
         <name>.text:SysCtlDelay</name>
         <load_address>0x56e8</load_address>
         <run_address>0x56e8</run_address>
         <size>0x6</size>
         <input_file_ref idref="fl-175"/>
      </object_component>
      <object_component id="oc-1e">
         <name>.text:decompress:rle24</name>
         <load_address>0x56ee</load_address>
         <run_address>0x56ee</run_address>
         <size>0x6</size>
         <input_file_ref idref="fl-13d"/>
      </object_component>
      <object_component id="oc-111">
         <name>.text</name>
         <load_address>0x56f4</load_address>
         <run_address>0x56f4</run_address>
         <size>0x6</size>
         <input_file_ref idref="fl-138"/>
      </object_component>
      <object_component id="oc-be">
         <name>.text:TimerIntClear</name>
         <load_address>0x56fa</load_address>
         <run_address>0x56fa</run_address>
         <size>0x4</size>
         <input_file_ref idref="fl-173"/>
      </object_component>
      <object_component id="oc-7f">
         <name>.text:UARTIntClear</name>
         <load_address>0x56fe</load_address>
         <run_address>0x56fe</run_address>
         <size>0x4</size>
         <input_file_ref idref="fl-172"/>
      </object_component>
      <object_component id="oc-2d4">
         <name>.const:g_pucFont</name>
         <load_address>0x5708</load_address>
         <run_address>0x5708</run_address>
         <size>0x1e0</size>
         <input_file_ref idref="fl-3"/>
      </object_component>
      <object_component id="oc-281">
         <name>.const:.string:_ctypes_</name>
         <load_address>0x58e8</load_address>
         <run_address>0x58e8</run_address>
         <size>0x102</size>
         <input_file_ref idref="fl-13f"/>
      </object_component>
      <object_component id="oc-363">
         <name>.const</name>
         <load_address>0x59f0</load_address>
         <run_address>0x59f0</run_address>
         <size>0x98</size>
         <input_file_ref idref="fl-158"/>
      </object_component>
      <object_component id="oc-2fa">
         <name>.const</name>
         <load_address>0x5a88</load_address>
         <run_address>0x5a88</run_address>
         <size>0x70</size>
         <input_file_ref idref="fl-177"/>
      </object_component>
      <object_component id="oc-300">
         <name>.const:g_pulXtals</name>
         <load_address>0x5af8</load_address>
         <run_address>0x5af8</run_address>
         <size>0x6c</size>
         <input_file_ref idref="fl-175"/>
      </object_component>
      <object_component id="oc-2d7">
         <name>.const:.string:g_pucRIT128x96x4Init</name>
         <load_address>0x5b64</load_address>
         <run_address>0x5b64</run_address>
         <size>0x4f</size>
         <input_file_ref idref="fl-3"/>
      </object_component>
      <object_component id="oc-2dc">
         <name>.const</name>
         <load_address>0x5bb4</load_address>
         <run_address>0x5bb4</run_address>
         <size>0x40</size>
         <input_file_ref idref="fl-175"/>
      </object_component>
      <object_component id="oc-2d0">
         <name>.const:.string</name>
         <load_address>0x5bf4</load_address>
         <run_address>0x5bf4</run_address>
         <size>0xc</size>
         <input_file_ref idref="fl-3"/>
      </object_component>
      <object_component id="oc-42b">
         <name>.cinit..data.load</name>
         <load_address>0x5c00</load_address>
         <run_address>0x5c00</run_address>
         <size>0xa5</size>
      </object_component>
      <object_component id="oc-428">
         <name>__TI_handler_table</name>
         <load_address>0x5ca8</load_address>
         <run_address>0x5ca8</run_address>
         <size>0xc</size>
      </object_component>
      <object_component id="oc-42c">
         <name>.cinit..bss.load</name>
         <load_address>0x5cb8</load_address>
         <run_address>0x5cb8</run_address>
         <size>0x8</size>
      </object_component>
      <object_component id="oc-42a">
         <name>.cinit..vtable.load</name>
         <load_address>0x5cc0</load_address>
         <run_address>0x5cc0</run_address>
         <size>0x8</size>
      </object_component>
      <object_component id="oc-429">
         <name>__TI_cinit_table</name>
         <load_address>0x5cc8</load_address>
         <run_address>0x5cc8</run_address>
         <size>0x18</size>
      </object_component>
      <object_component id="oc-3af">
         <name>.vtable</name>
         <uninitialized>true</uninitialized>
         <run_address>0x20000000</run_address>
         <size>0x26c</size>
         <input_file_ref idref="fl-177"/>
      </object_component>
      <object_component id="oc-46">
         <name>.data</name>
         <load_address>0x20001494</load_address>
         <run_address>0x20001494</run_address>
         <size>0x4</size>
         <input_file_ref idref="fl-153"/>
      </object_component>
      <object_component id="oc-a9">
         <name>.data</name>
         <load_address>0x20001444</load_address>
         <run_address>0x20001444</run_address>
         <size>0x1c</size>
         <input_file_ref idref="fl-5"/>
      </object_component>
      <object_component id="oc-107">
         <name>.data</name>
         <load_address>0x200013a0</load_address>
         <run_address>0x200013a0</run_address>
         <size>0x60</size>
         <input_file_ref idref="fl-a"/>
      </object_component>
      <object_component id="oc-161">
         <name>.data</name>
         <load_address>0x20001474</load_address>
         <run_address>0x20001474</run_address>
         <size>0x8</size>
         <input_file_ref idref="fl-15f"/>
      </object_component>
      <object_component id="oc-163">
         <name>.data</name>
         <load_address>0x2000147c</load_address>
         <run_address>0x2000147c</run_address>
         <size>0x8</size>
         <input_file_ref idref="fl-140"/>
      </object_component>
      <object_component id="oc-196">
         <name>.data</name>
         <load_address>0x20001400</load_address>
         <run_address>0x20001400</run_address>
         <size>0x44</size>
         <input_file_ref idref="fl-9"/>
      </object_component>
      <object_component id="oc-21a">
         <name>.data</name>
         <load_address>0x20001490</load_address>
         <run_address>0x20001490</run_address>
         <size>0x4</size>
         <input_file_ref idref="fl-151"/>
      </object_component>
      <object_component id="oc-241">
         <name>.data</name>
         <load_address>0x2000146c</load_address>
         <run_address>0x2000146c</run_address>
         <size>0x8</size>
         <input_file_ref idref="fl-4"/>
      </object_component>
      <object_component id="oc-27a">
         <name>.data</name>
         <load_address>0x20001320</load_address>
         <run_address>0x20001320</run_address>
         <size>0x80</size>
         <input_file_ref idref="fl-15e"/>
      </object_component>
      <object_component id="oc-310">
         <name>.data</name>
         <load_address>0x20001460</load_address>
         <run_address>0x20001460</run_address>
         <size>0xc</size>
         <input_file_ref idref="fl-150"/>
      </object_component>
      <object_component id="oc-365">
         <name>.data</name>
         <load_address>0x2000148c</load_address>
         <run_address>0x2000148c</run_address>
         <size>0x4</size>
         <input_file_ref idref="fl-164"/>
      </object_component>
      <object_component id="oc-3df">
         <name>.data</name>
         <load_address>0x20001484</load_address>
         <run_address>0x20001484</run_address>
         <size>0x8</size>
         <input_file_ref idref="fl-168"/>
      </object_component>
      <object_component id="oc-3fd">
         <name>.data:sigtable</name>
         <load_address>0x20001270</load_address>
         <run_address>0x20001270</run_address>
         <size>0xb0</size>
         <input_file_ref idref="fl-16e"/>
      </object_component>
      <object_component id="oc-b0">
         <name>.bss:UART_char_data_old</name>
         <uninitialized>true</uninitialized>
         <run_address>0x20001510</run_address>
         <size>0x78</size>
         <input_file_ref idref="fl-5"/>
      </object_component>
      <object_component id="oc-b2">
         <name>.bss:UART_char_data</name>
         <uninitialized>true</uninitialized>
         <run_address>0x20001498</run_address>
         <size>0x78</size>
         <input_file_ref idref="fl-5"/>
      </object_component>
      <object_component id="oc-239">
         <name>.common:flag1</name>
         <uninitialized>true</uninitialized>
         <run_address>0x200015c4</run_address>
         <size>0x4</size>
      </object_component>
      <object_component id="oc-2d6">
         <name>.common:g_ulSSIFlags</name>
         <uninitialized>true</uninitialized>
         <run_address>0x200015c8</run_address>
         <size>0x4</size>
      </object_component>
      <object_component id="oc-2d3">
         <name>.common:g_pucBuffer</name>
         <uninitialized>true</uninitialized>
         <run_address>0x200015ac</run_address>
         <size>0x8</size>
      </object_component>
      <object_component id="oc-d9">
         <name>.common:speed_buffer</name>
         <uninitialized>true</uninitialized>
         <run_address>0x2000159c</run_address>
         <size>0x10</size>
      </object_component>
      <object_component id="oc-14a">
         <name>.common:lat</name>
         <uninitialized>true</uninitialized>
         <run_address>0x200015cc</run_address>
         <size>0x1</size>
      </object_component>
      <object_component id="oc-152">
         <name>.common:lon</name>
         <uninitialized>true</uninitialized>
         <run_address>0x200015cd</run_address>
         <size>0x1</size>
      </object_component>
      <object_component id="oc-155">
         <name>.common:speed_array</name>
         <uninitialized>true</uninitialized>
         <run_address>0x20001588</run_address>
         <size>0x14</size>
      </object_component>
      <object_component id="oc-153">
         <name>.common:real_time</name>
         <uninitialized>true</uninitialized>
         <run_address>0x200015bc</run_address>
         <size>0x8</size>
      </object_component>
      <object_component id="oc-145">
         <name>.common:location</name>
         <uninitialized>true</uninitialized>
         <run_address>0x200015b4</run_address>
         <size>0x8</size>
      </object_component>
      <object_component id="oc-24">
         <name>.sysmem</name>
         <uninitialized>true</uninitialized>
         <run_address>0x20000a70</run_address>
         <size>0x8</size>
         <input_file_ref idref="fl-150"/>
      </object_component>
      <object_component id="oc-42e">
         <name>.sysmem</name>
         <uninitialized>true</uninitialized>
         <run_address>0x20000a70</run_address>
         <size>0x0</size>
      </object_component>
      <object_component id="oc-23">
         <name>.stack</name>
         <uninitialized>true</uninitialized>
         <run_address>0x2000026c</run_address>
         <size>0x0</size>
         <input_file_ref idref="fl-13b"/>
      </object_component>
      <object_component id="oc-42d">
         <name>.stack</name>
         <uninitialized>true</uninitialized>
         <run_address>0x2000026c</run_address>
         <size>0x0</size>
      </object_component>
      <object_component id="oc-f">
         <name>.debug_info</name>
         <load_address>0x0</load_address>
         <run_address>0x0</run_address>
         <size>0xe6</size>
         <input_file_ref idref="fl-6"/>
      </object_component>
      <object_component id="oc-13">
         <name>.debug_info</name>
         <load_address>0xe6</load_address>
         <run_address>0xe6</run_address>
         <size>0xf3</size>
         <input_file_ref idref="fl-13b"/>
      </object_component>
      <object_component id="oc-15">
         <name>.debug_info</name>
         <load_address>0x1d9</load_address>
         <run_address>0x1d9</run_address>
         <size>0x194</size>
         <input_file_ref idref="fl-13c"/>
      </object_component>
      <object_component id="oc-1d">
         <name>.debug_info</name>
         <load_address>0x36d</load_address>
         <run_address>0x36d</run_address>
         <size>0x16a</size>
         <input_file_ref idref="fl-13e"/>
      </object_component>
      <object_component id="oc-20">
         <name>.debug_info</name>
         <load_address>0x4d7</load_address>
         <run_address>0x4d7</run_address>
         <size>0x18e</size>
         <input_file_ref idref="fl-13d"/>
      </object_component>
      <object_component id="oc-25">
         <name>.debug_info</name>
         <load_address>0x665</load_address>
         <run_address>0x665</run_address>
         <size>0xb6</size>
         <input_file_ref idref="fl-150"/>
      </object_component>
      <object_component id="oc-28">
         <name>.debug_info</name>
         <load_address>0x71b</load_address>
         <run_address>0x71b</run_address>
         <size>0x239</size>
         <input_file_ref idref="fl-6"/>
      </object_component>
      <object_component id="oc-2c">
         <name>.debug_info</name>
         <load_address>0x954</load_address>
         <run_address>0x954</run_address>
         <size>0xd2e</size>
         <input_file_ref idref="fl-5"/>
      </object_component>
      <object_component id="oc-33">
         <name>.debug_info</name>
         <load_address>0x1682</load_address>
         <run_address>0x1682</run_address>
         <size>0x12f5</size>
         <input_file_ref idref="fl-a"/>
      </object_component>
      <object_component id="oc-37">
         <name>.debug_info</name>
         <load_address>0x2977</load_address>
         <run_address>0x2977</run_address>
         <size>0x16e</size>
         <input_file_ref idref="fl-6"/>
      </object_component>
      <object_component id="oc-39">
         <name>.debug_info</name>
         <load_address>0x2ae5</load_address>
         <run_address>0x2ae5</run_address>
         <size>0x13d</size>
         <input_file_ref idref="fl-162"/>
      </object_component>
      <object_component id="oc-3f">
         <name>.debug_info</name>
         <load_address>0x2c22</load_address>
         <run_address>0x2c22</run_address>
         <size>0x11c</size>
         <input_file_ref idref="fl-161"/>
      </object_component>
      <object_component id="oc-45">
         <name>.debug_info</name>
         <load_address>0x2d3e</load_address>
         <run_address>0x2d3e</run_address>
         <size>0x1c2</size>
         <input_file_ref idref="fl-140"/>
      </object_component>
      <object_component id="oc-47">
         <name>.debug_info</name>
         <load_address>0x2f00</load_address>
         <run_address>0x2f00</run_address>
         <size>0xbe</size>
         <input_file_ref idref="fl-153"/>
      </object_component>
      <object_component id="oc-4a">
         <name>.debug_info</name>
         <load_address>0x2fbe</load_address>
         <run_address>0x2fbe</run_address>
         <size>0xcc</size>
         <input_file_ref idref="fl-14f"/>
      </object_component>
      <object_component id="oc-4e">
         <name>.debug_info</name>
         <load_address>0x308a</load_address>
         <run_address>0x308a</run_address>
         <size>0x46</size>
         <input_file_ref idref="fl-13c"/>
      </object_component>
      <object_component id="oc-53">
         <name>.debug_info</name>
         <load_address>0x30d0</load_address>
         <run_address>0x30d0</run_address>
         <size>0xf2</size>
         <input_file_ref idref="fl-13c"/>
      </object_component>
      <object_component id="oc-55">
         <name>.debug_info</name>
         <load_address>0x31c2</load_address>
         <run_address>0x31c2</run_address>
         <size>0x46</size>
         <input_file_ref idref="fl-13e"/>
      </object_component>
      <object_component id="oc-5a">
         <name>.debug_info</name>
         <load_address>0x3208</load_address>
         <run_address>0x3208</run_address>
         <size>0xad</size>
         <input_file_ref idref="fl-13e"/>
      </object_component>
      <object_component id="oc-5e">
         <name>.debug_info</name>
         <load_address>0x32b5</load_address>
         <run_address>0x32b5</run_address>
         <size>0x1ef</size>
         <input_file_ref idref="fl-13d"/>
      </object_component>
      <object_component id="oc-61">
         <name>.debug_info</name>
         <load_address>0x34a4</load_address>
         <run_address>0x34a4</run_address>
         <size>0xb7</size>
         <input_file_ref idref="fl-13d"/>
      </object_component>
      <object_component id="oc-62">
         <name>.debug_info</name>
         <load_address>0x355b</load_address>
         <run_address>0x355b</run_address>
         <size>0x39</size>
         <input_file_ref idref="fl-13d"/>
      </object_component>
      <object_component id="oc-69">
         <name>.debug_info</name>
         <load_address>0x3594</load_address>
         <run_address>0x3594</run_address>
         <size>0x1d7</size>
         <input_file_ref idref="fl-150"/>
      </object_component>
      <object_component id="oc-6c">
         <name>.debug_info</name>
         <load_address>0x376b</load_address>
         <run_address>0x376b</run_address>
         <size>0x1a3</size>
         <input_file_ref idref="fl-178"/>
      </object_component>
      <object_component id="oc-71">
         <name>.debug_info</name>
         <load_address>0x390e</load_address>
         <run_address>0x390e</run_address>
         <size>0x19f</size>
         <input_file_ref idref="fl-178"/>
      </object_component>
      <object_component id="oc-76">
         <name>.debug_info</name>
         <load_address>0x3aad</load_address>
         <run_address>0x3aad</run_address>
         <size>0x169</size>
         <input_file_ref idref="fl-155"/>
      </object_component>
      <object_component id="oc-7c">
         <name>.debug_info</name>
         <load_address>0x3c16</load_address>
         <run_address>0x3c16</run_address>
         <size>0x1a7</size>
         <input_file_ref idref="fl-172"/>
      </object_component>
      <object_component id="oc-81">
         <name>.debug_info</name>
         <load_address>0x3dbd</load_address>
         <run_address>0x3dbd</run_address>
         <size>0x1ad</size>
         <input_file_ref idref="fl-172"/>
      </object_component>
      <object_component id="oc-86">
         <name>.debug_info</name>
         <load_address>0x3f6a</load_address>
         <run_address>0x3f6a</run_address>
         <size>0x18b</size>
         <input_file_ref idref="fl-172"/>
      </object_component>
      <object_component id="oc-8b">
         <name>.debug_info</name>
         <load_address>0x40f5</load_address>
         <run_address>0x40f5</run_address>
         <size>0x17b</size>
         <input_file_ref idref="fl-172"/>
      </object_component>
      <object_component id="oc-90">
         <name>.debug_info</name>
         <load_address>0x4270</load_address>
         <run_address>0x4270</run_address>
         <size>0x420</size>
         <input_file_ref idref="fl-9"/>
      </object_component>
      <object_component id="oc-96">
         <name>.debug_info</name>
         <load_address>0x4690</load_address>
         <run_address>0x4690</run_address>
         <size>0x1033</size>
         <input_file_ref idref="fl-8"/>
      </object_component>
      <object_component id="oc-99">
         <name>.debug_info</name>
         <load_address>0x56c3</load_address>
         <run_address>0x56c3</run_address>
         <size>0x937</size>
         <input_file_ref idref="fl-7"/>
      </object_component>
      <object_component id="oc-a0">
         <name>.debug_info</name>
         <load_address>0x5ffa</load_address>
         <run_address>0x5ffa</run_address>
         <size>0xf3</size>
         <input_file_ref idref="fl-146"/>
      </object_component>
      <object_component id="oc-a3">
         <name>.debug_info</name>
         <load_address>0x60ed</load_address>
         <run_address>0x60ed</run_address>
         <size>0xed</size>
         <input_file_ref idref="fl-148"/>
      </object_component>
      <object_component id="oc-a6">
         <name>.debug_info</name>
         <load_address>0x61da</load_address>
         <run_address>0x61da</run_address>
         <size>0x101</size>
         <input_file_ref idref="fl-147"/>
      </object_component>
      <object_component id="oc-aa">
         <name>.debug_info</name>
         <load_address>0x62db</load_address>
         <run_address>0x62db</run_address>
         <size>0x198</size>
         <input_file_ref idref="fl-5"/>
      </object_component>
      <object_component id="oc-ad">
         <name>.debug_info</name>
         <load_address>0x6473</load_address>
         <run_address>0x6473</run_address>
         <size>0x159</size>
         <input_file_ref idref="fl-151"/>
      </object_component>
      <object_component id="oc-b1">
         <name>.debug_info</name>
         <load_address>0x65cc</load_address>
         <run_address>0x65cc</run_address>
         <size>0xe2</size>
         <input_file_ref idref="fl-5"/>
      </object_component>
      <object_component id="oc-b3">
         <name>.debug_info</name>
         <load_address>0x66ae</load_address>
         <run_address>0x66ae</run_address>
         <size>0xda</size>
         <input_file_ref idref="fl-5"/>
      </object_component>
      <object_component id="oc-b6">
         <name>.debug_info</name>
         <load_address>0x6788</load_address>
         <run_address>0x6788</run_address>
         <size>0x15c</size>
         <input_file_ref idref="fl-174"/>
      </object_component>
      <object_component id="oc-ba">
         <name>.debug_info</name>
         <load_address>0x68e4</load_address>
         <run_address>0x68e4</run_address>
         <size>0x2b5</size>
         <input_file_ref idref="fl-152"/>
      </object_component>
      <object_component id="oc-c0">
         <name>.debug_info</name>
         <load_address>0x6b99</load_address>
         <run_address>0x6b99</run_address>
         <size>0x1b2</size>
         <input_file_ref idref="fl-173"/>
      </object_component>
      <object_component id="oc-c4">
         <name>.debug_info</name>
         <load_address>0x6d4b</load_address>
         <run_address>0x6d4b</run_address>
         <size>0x78e</size>
         <input_file_ref idref="fl-5"/>
      </object_component>
      <object_component id="oc-c8">
         <name>.debug_info</name>
         <load_address>0x74d9</load_address>
         <run_address>0x74d9</run_address>
         <size>0x16e</size>
         <input_file_ref idref="fl-177"/>
      </object_component>
      <object_component id="oc-cc">
         <name>.debug_info</name>
         <load_address>0x7647</load_address>
         <run_address>0x7647</run_address>
         <size>0x388</size>
         <input_file_ref idref="fl-2"/>
      </object_component>
      <object_component id="oc-d3">
         <name>.debug_info</name>
         <load_address>0x79cf</load_address>
         <run_address>0x79cf</run_address>
         <size>0x760</size>
         <input_file_ref idref="fl-4"/>
      </object_component>
      <object_component id="oc-d6">
         <name>.debug_info</name>
         <load_address>0x812f</load_address>
         <run_address>0x812f</run_address>
         <size>0xe1</size>
         <input_file_ref idref="fl-14b"/>
      </object_component>
      <object_component id="oc-db">
         <name>.debug_info</name>
         <load_address>0x8210</load_address>
         <run_address>0x8210</run_address>
         <size>0x84</size>
         <input_file_ref idref="fl-2"/>
      </object_component>
      <object_component id="oc-e0">
         <name>.debug_info</name>
         <load_address>0x8294</load_address>
         <run_address>0x8294</run_address>
         <size>0x2c</size>
         <input_file_ref idref="fl-2"/>
      </object_component>
      <object_component id="oc-e5">
         <name>.debug_info</name>
         <load_address>0x82c0</load_address>
         <run_address>0x82c0</run_address>
         <size>0x18b</size>
         <input_file_ref idref="fl-2"/>
      </object_component>
      <object_component id="oc-ea">
         <name>.debug_info</name>
         <load_address>0x844b</load_address>
         <run_address>0x844b</run_address>
         <size>0x168</size>
         <input_file_ref idref="fl-2"/>
      </object_component>
      <object_component id="oc-f0">
         <name>.debug_info</name>
         <load_address>0x85b3</load_address>
         <run_address>0x85b3</run_address>
         <size>0xdf</size>
         <input_file_ref idref="fl-14a"/>
      </object_component>
      <object_component id="oc-f6">
         <name>.debug_info</name>
         <load_address>0x8692</load_address>
         <run_address>0x8692</run_address>
         <size>0xed</size>
         <input_file_ref idref="fl-141"/>
      </object_component>
      <object_component id="oc-f9">
         <name>.debug_info</name>
         <load_address>0x877f</load_address>
         <run_address>0x877f</run_address>
         <size>0xdf</size>
         <input_file_ref idref="fl-14d"/>
      </object_component>
      <object_component id="oc-fc">
         <name>.debug_info</name>
         <load_address>0x885e</load_address>
         <run_address>0x885e</run_address>
         <size>0xed</size>
         <input_file_ref idref="fl-142"/>
      </object_component>
      <object_component id="oc-101">
         <name>.debug_info</name>
         <load_address>0x894b</load_address>
         <run_address>0x894b</run_address>
         <size>0xe8</size>
         <input_file_ref idref="fl-143"/>
      </object_component>
      <object_component id="oc-104">
         <name>.debug_info</name>
         <load_address>0x8a33</load_address>
         <run_address>0x8a33</run_address>
         <size>0xff</size>
         <input_file_ref idref="fl-147"/>
      </object_component>
      <object_component id="oc-108">
         <name>.debug_info</name>
         <load_address>0x8b32</load_address>
         <run_address>0x8b32</run_address>
         <size>0x3b8</size>
         <input_file_ref idref="fl-a"/>
      </object_component>
      <object_component id="oc-10a">
         <name>.debug_info</name>
         <load_address>0x8eea</load_address>
         <run_address>0x8eea</run_address>
         <size>0x31e</size>
         <input_file_ref idref="fl-a"/>
      </object_component>
      <object_component id="oc-10d">
         <name>.debug_info</name>
         <load_address>0x9208</load_address>
         <run_address>0x9208</run_address>
         <size>0x16d</size>
         <input_file_ref idref="fl-154"/>
      </object_component>
      <object_component id="oc-112">
         <name>.debug_info</name>
         <load_address>0x9375</load_address>
         <run_address>0x9375</run_address>
         <size>0xfb</size>
         <input_file_ref idref="fl-138"/>
      </object_component>
      <object_component id="oc-117">
         <name>.debug_info</name>
         <load_address>0x9470</load_address>
         <run_address>0x9470</run_address>
         <size>0xfc</size>
         <input_file_ref idref="fl-14c"/>
      </object_component>
      <object_component id="oc-11d">
         <name>.debug_info</name>
         <load_address>0x956c</load_address>
         <run_address>0x956c</run_address>
         <size>0x253</size>
         <input_file_ref idref="fl-145"/>
      </object_component>
      <object_component id="oc-120">
         <name>.debug_info</name>
         <load_address>0x97bf</load_address>
         <run_address>0x97bf</run_address>
         <size>0xec</size>
         <input_file_ref idref="fl-144"/>
      </object_component>
      <object_component id="oc-127">
         <name>.debug_info</name>
         <load_address>0x98ab</load_address>
         <run_address>0x98ab</run_address>
         <size>0x182</size>
         <input_file_ref idref="fl-156"/>
      </object_component>
      <object_component id="oc-12a">
         <name>.debug_info</name>
         <load_address>0x9a2d</load_address>
         <run_address>0x9a2d</run_address>
         <size>0x126</size>
         <input_file_ref idref="fl-13a"/>
      </object_component>
      <object_component id="oc-12e">
         <name>.debug_info</name>
         <load_address>0x9b53</load_address>
         <run_address>0x9b53</run_address>
         <size>0xdc</size>
         <input_file_ref idref="fl-14e"/>
      </object_component>
      <object_component id="oc-134">
         <name>.debug_info</name>
         <load_address>0x9c2f</load_address>
         <run_address>0x9c2f</run_address>
         <size>0xed</size>
         <input_file_ref idref="fl-149"/>
      </object_component>
      <object_component id="oc-136">
         <name>.debug_info</name>
         <load_address>0x9d1c</load_address>
         <run_address>0x9d1c</run_address>
         <size>0xe1</size>
         <input_file_ref idref="fl-159"/>
      </object_component>
      <object_component id="oc-142">
         <name>.debug_info</name>
         <load_address>0x9dfd</load_address>
         <run_address>0x9dfd</run_address>
         <size>0x126</size>
         <input_file_ref idref="fl-139"/>
      </object_component>
      <object_component id="oc-14d">
         <name>.debug_info</name>
         <load_address>0x9f23</load_address>
         <run_address>0x9f23</run_address>
         <size>0x16c</size>
         <input_file_ref idref="fl-157"/>
      </object_component>
      <object_component id="oc-15d">
         <name>.debug_info</name>
         <load_address>0xa08f</load_address>
         <run_address>0xa08f</run_address>
         <size>0x14b</size>
         <input_file_ref idref="fl-163"/>
      </object_component>
      <object_component id="oc-160">
         <name>.debug_info</name>
         <load_address>0xa1da</load_address>
         <run_address>0xa1da</run_address>
         <size>0x11b</size>
         <input_file_ref idref="fl-161"/>
      </object_component>
      <object_component id="oc-162">
         <name>.debug_info</name>
         <load_address>0xa2f5</load_address>
         <run_address>0xa2f5</run_address>
         <size>0xc8</size>
         <input_file_ref idref="fl-15f"/>
      </object_component>
      <object_component id="oc-164">
         <name>.debug_info</name>
         <load_address>0xa3bd</load_address>
         <run_address>0xa3bd</run_address>
         <size>0xeb</size>
         <input_file_ref idref="fl-140"/>
      </object_component>
      <object_component id="oc-166">
         <name>.debug_info</name>
         <load_address>0xa4a8</load_address>
         <run_address>0xa4a8</run_address>
         <size>0x146</size>
         <input_file_ref idref="fl-140"/>
      </object_component>
      <object_component id="oc-16a">
         <name>.debug_info</name>
         <load_address>0xa5ee</load_address>
         <run_address>0xa5ee</run_address>
         <size>0x2c</size>
         <input_file_ref idref="fl-13c"/>
      </object_component>
      <object_component id="oc-171">
         <name>.debug_info</name>
         <load_address>0xa61a</load_address>
         <run_address>0xa61a</run_address>
         <size>0x2c</size>
         <input_file_ref idref="fl-13e"/>
      </object_component>
      <object_component id="oc-17d">
         <name>.debug_info</name>
         <load_address>0xa646</load_address>
         <run_address>0xa646</run_address>
         <size>0x2c</size>
         <input_file_ref idref="fl-150"/>
      </object_component>
      <object_component id="oc-182">
         <name>.debug_info</name>
         <load_address>0xa672</load_address>
         <run_address>0xa672</run_address>
         <size>0x62</size>
         <input_file_ref idref="fl-150"/>
      </object_component>
      <object_component id="oc-188">
         <name>.debug_info</name>
         <load_address>0xa6d4</load_address>
         <run_address>0xa6d4</run_address>
         <size>0x19b</size>
         <input_file_ref idref="fl-178"/>
      </object_component>
      <object_component id="oc-18b">
         <name>.debug_info</name>
         <load_address>0xa86f</load_address>
         <run_address>0xa86f</run_address>
         <size>0xaa</size>
         <input_file_ref idref="fl-155"/>
      </object_component>
      <object_component id="oc-18d">
         <name>.debug_info</name>
         <load_address>0xa919</load_address>
         <run_address>0xa919</run_address>
         <size>0x2c</size>
         <input_file_ref idref="fl-2"/>
      </object_component>
      <object_component id="oc-192">
         <name>.debug_info</name>
         <load_address>0xa945</load_address>
         <run_address>0xa945</run_address>
         <size>0x1ab</size>
         <input_file_ref idref="fl-172"/>
      </object_component>
      <object_component id="oc-197">
         <name>.debug_info</name>
         <load_address>0xaaf0</load_address>
         <run_address>0xaaf0</run_address>
         <size>0x314</size>
         <input_file_ref idref="fl-9"/>
      </object_component>
      <object_component id="oc-19c">
         <name>.debug_info</name>
         <load_address>0xae04</load_address>
         <run_address>0xae04</run_address>
         <size>0xc0e</size>
         <input_file_ref idref="fl-3"/>
      </object_component>
      <object_component id="oc-19f">
         <name>.debug_info</name>
         <load_address>0xba12</load_address>
         <run_address>0xba12</run_address>
         <size>0x17e</size>
         <input_file_ref idref="fl-8"/>
      </object_component>
      <object_component id="oc-1a1">
         <name>.debug_info</name>
         <load_address>0xbb90</load_address>
         <run_address>0xbb90</run_address>
         <size>0x1bb</size>
         <input_file_ref idref="fl-175"/>
      </object_component>
      <object_component id="oc-1a6">
         <name>.debug_info</name>
         <load_address>0xbd4b</load_address>
         <run_address>0xbd4b</run_address>
         <size>0x1fa</size>
         <input_file_ref idref="fl-175"/>
      </object_component>
      <object_component id="oc-1ac">
         <name>.debug_info</name>
         <load_address>0xbf45</load_address>
         <run_address>0xbf45</run_address>
         <size>0x189</size>
         <input_file_ref idref="fl-174"/>
      </object_component>
      <object_component id="oc-1b1">
         <name>.debug_info</name>
         <load_address>0xc0ce</load_address>
         <run_address>0xc0ce</run_address>
         <size>0x151</size>
         <input_file_ref idref="fl-174"/>
      </object_component>
      <object_component id="oc-1b5">
         <name>.debug_info</name>
         <load_address>0xc21f</load_address>
         <run_address>0xc21f</run_address>
         <size>0x1a5</size>
         <input_file_ref idref="fl-175"/>
      </object_component>
      <object_component id="oc-1ba">
         <name>.debug_info</name>
         <load_address>0xc3c4</load_address>
         <run_address>0xc3c4</run_address>
         <size>0x215</size>
         <input_file_ref idref="fl-178"/>
      </object_component>
      <object_component id="oc-1bf">
         <name>.debug_info</name>
         <load_address>0xc5d9</load_address>
         <run_address>0xc5d9</run_address>
         <size>0x1db</size>
         <input_file_ref idref="fl-178"/>
      </object_component>
      <object_component id="oc-1c4">
         <name>.debug_info</name>
         <load_address>0xc7b4</load_address>
         <run_address>0xc7b4</run_address>
         <size>0x200</size>
         <input_file_ref idref="fl-178"/>
      </object_component>
      <object_component id="oc-1c9">
         <name>.debug_info</name>
         <load_address>0xc9b4</load_address>
         <run_address>0xc9b4</run_address>
         <size>0x1d7</size>
         <input_file_ref idref="fl-178"/>
      </object_component>
[...]
         <object_component_ref idref="oc-9d"/>
      </symbol>
      <symbol id="sm-491">
         <name>__aeabi_fsub</name>
         <value>0x43ed</value>
         <object_component_ref idref="oc-9d"/>
      </symbol>
      <symbol id="sm-4a9">
         <name>__aeabi_cfrcmple</name>
         <value>0x4c4d</value>
         <object_component_ref idref="oc-a5"/>
      </symbol>
      <symbol id="sm-4aa">
         <name>__aeabi_cfcmpeq</name>
         <value>0x4bed</value>
         <object_component_ref idref="oc-103"/>
      </symbol>
      <symbol id="sm-4ab">
         <name>__aeabi_cfcmple</name>
         <value>0x4bed</value>
         <object_component_ref idref="oc-103"/>
      </symbol>
      <symbol id="sm-4b7">
         <name>__aeabi_fdiv</name>
         <value>0x4875</value>
         <object_component_ref idref="oc-a1"/>
      </symbol>
      <symbol id="sm-4c0">
         <name>__aeabi_fmul</name>
         <value>0x4a91</value>
         <object_component_ref idref="oc-131"/>
      </symbol>
      <symbol id="sm-4ca">
         <name>__aeabi_f2d</name>
         <value>0x51af</value>
         <object_component_ref idref="oc-ef"/>
      </symbol>
      <symbol id="sm-4d3">
         <name>__aeabi_f2iz</name>
         <value>0x51e7</value>
         <object_component_ref idref="oc-d5"/>
      </symbol>
      <symbol id="sm-4dd">
         <name>__aeabi_f2uiz</name>
         <value>0x52f5</value>
         <object_component_ref idref="oc-116"/>
      </symbol>
      <symbol id="sm-4e6">
         <name>__aeabi_i2d</name>
         <value>0x53bd</value>
         <object_component_ref idref="oc-f7"/>
      </symbol>
      <symbol id="sm-4f0">
         <name>__aeabi_i2f</name>
         <value>0x521f</value>
         <object_component_ref idref="oc-12d"/>
      </symbol>
      <symbol id="sm-50a">
         <name>memcpy</name>
         <value>0x4745</value>
         <object_component_ref idref="oc-49"/>
      </symbol>
      <symbol id="sm-50b">
         <name>__aeabi_memcpy</name>
         <value>0x4745</value>
         <object_component_ref idref="oc-49"/>
      </symbol>
      <symbol id="sm-50c">
         <name>__aeabi_memcpy8</name>
         <value>0x4745</value>
         <object_component_ref idref="oc-49"/>
      </symbol>
      <symbol id="sm-50d">
         <name>__aeabi_memcpy4</name>
         <value>0x4745</value>
         <object_component_ref idref="oc-49"/>
      </symbol>
      <symbol id="sm-57e">
         <name>_sys_memory</name>
         <value>0x20000a70</value>
         <object_component_ref idref="oc-24"/>
      </symbol>
      <symbol id="sm-57f">
         <name>free</name>
         <value>0x2afb</value>
         <object_component_ref idref="oc-20e"/>
      </symbol>
      <symbol id="sm-580">
         <name>realloc</name>
         <value>0x2bbb</value>
         <object_component_ref idref="oc-20e"/>
      </symbol>
      <symbol id="sm-581">
         <name>memalign</name>
         <value>0x2cc1</value>
         <object_component_ref idref="oc-20e"/>
      </symbol>
      <symbol id="sm-582">
         <name>calloc</name>
         <value>0x2da1</value>
         <object_component_ref idref="oc-20e"/>
      </symbol>
      <symbol id="sm-583">
         <name>malloc</name>
         <value>0x2a99</value>
         <object_component_ref idref="oc-20e"/>
      </symbol>
      <symbol id="sm-584">
         <name>minit</name>
         <value>0x2a0d</value>
         <object_component_ref idref="oc-20e"/>
      </symbol>
      <symbol id="sm-59c">
         <name>rand</name>
         <value>0x4ed3</value>
         <object_component_ref idref="oc-ab"/>
      </symbol>
      <symbol id="sm-59d">
         <name>srand</name>
         <value>0x4ebd</value>
         <object_component_ref idref="oc-ab"/>
      </symbol>
      <symbol id="sm-5b5">
         <name>sprintf</name>
         <value>0x4cad</value>
         <object_component_ref idref="oc-b9"/>
      </symbol>
      <symbol id="sm-5bc">
         <name>main_func_sp</name>
         <value>0x20001494</value>
         <object_component_ref idref="oc-46"/>
      </symbol>
      <symbol id="sm-5cb">
         <name>strchr</name>
         <value>0x550d</value>
         <object_component_ref idref="oc-10c"/>
      </symbol>
      <symbol id="sm-5d8">
         <name>strcpy</name>
         <value>0x55e1</value>
         <object_component_ref idref="oc-75"/>
      </symbol>
      <symbol id="sm-5e7">
         <name>strncpy</name>
         <value>0x535b</value>
         <object_component_ref idref="oc-123"/>
      </symbol>
      <symbol id="sm-5f9">
         <name>strstr</name>
         <value>0x5329</value>
         <object_component_ref idref="oc-14b"/>
      </symbol>
      <symbol id="sm-632">
         <name>strtod</name>
         <value>0x3565</value>
         <object_component_ref idref="oc-256"/>
      </symbol>
      <symbol id="sm-63b">
         <name>__aeabi_ui2d</name>
         <value>0x546d</value>
         <object_component_ref idref="oc-135"/>
      </symbol>
      <symbol id="sm-64f">
         <name>_Dnorm</name>
         <value>0x45c9</value>
         <object_component_ref idref="oc-267"/>
      </symbol>
      <symbol id="sm-669">
         <name>_Dscale</name>
         <value>0x40e5</value>
         <object_component_ref idref="oc-26c"/>
      </symbol>
      <symbol id="sm-67a">
         <name>_Dtest</name>
         <value>0x5069</value>
         <object_component_ref idref="oc-25e"/>
      </symbol>
      <symbol id="sm-688">
         <name>_Feraise</name>
         <value>0x538d</value>
         <object_component_ref idref="oc-275"/>
      </symbol>
      <symbol id="sm-697">
         <name>_Rteps</name>
         <value>0x20001380</value>
         <object_component_ref idref="oc-27a"/>
      </symbol>
      <symbol id="sm-698">
         <name>_Zero</name>
         <value>0x20001398</value>
         <object_component_ref idref="oc-27a"/>
      </symbol>
      <symbol id="sm-699">
         <name>_Hugeval</name>
         <value>0x20001340</value>
         <object_component_ref idref="oc-27a"/>
      </symbol>
      <symbol id="sm-69a">
         <name>_Snan</name>
         <value>0x20001370</value>
         <object_component_ref idref="oc-27a"/>
      </symbol>
      <symbol id="sm-69b">
         <name>_Nan</name>
         <value>0x20001360</value>
         <object_component_ref idref="oc-27a"/>
      </symbol>
      <symbol id="sm-69c">
         <name>_Inf</name>
         <value>0x20001350</value>
         <object_component_ref idref="oc-27a"/>
      </symbol>
      <symbol id="sm-69d">
         <name>_Xbig</name>
         <value>0x20001390</value>
         <object_component_ref idref="oc-27a"/>
      </symbol>
      <symbol id="sm-69e">
         <name>_Eps</name>
         <value>0x20001330</value>
         <object_component_ref idref="oc-27a"/>
      </symbol>
      <symbol id="sm-69f">
         <name>_Denorm</name>
         <value>0x20001320</value>
         <object_component_ref idref="oc-27a"/>
      </symbol>
      <symbol id="sm-6b5">
         <name>_nop</name>
         <value>0x555b</value>
         <object_component_ref idref="oc-295"/>
      </symbol>
      <symbol id="sm-6b6">
         <name>_lock</name>
         <value>0x20001474</value>
         <object_component_ref idref="oc-161"/>
      </symbol>
      <symbol id="sm-6b7">
         <name>_unlock</name>
         <value>0x20001478</value>
         <object_component_ref idref="oc-161"/>
      </symbol>
      <symbol id="sm-6b8">
         <name>_register_lock</name>
         <value>0x5553</value>
         <object_component_ref idref="oc-295"/>
      </symbol>
      <symbol id="sm-6b9">
         <name>_register_unlock</name>
         <value>0x554d</value>
         <object_component_ref idref="oc-295"/>
      </symbol>
      <symbol id="sm-7a2">
         <name>__TI_printfi</name>
         <value>0xc5f</value>
         <object_component_ref idref="oc-223"/>
      </symbol>
      <symbol id="sm-7b5">
         <name>_args_main</name>
         <value>0x54dd</value>
         <object_component_ref idref="oc-3c"/>
      </symbol>
      <symbol id="sm-7d1">
         <name>__TI_auto_init</name>
         <value>0x47e1</value>
         <object_component_ref idref="oc-38"/>
      </symbol>
      <symbol id="sm-7e9">
         <name>copy_in</name>
         <value>0x4f9d</value>
         <object_component_ref idref="oc-159"/>
      </symbol>
      <symbol id="sm-7f0">
         <name>_Errno</name>
         <value>0x2000148c</value>
         <object_component_ref idref="oc-365"/>
      </symbol>
      <symbol id="sm-806">
         <name>__aeabi_dsub</name>
         <value>0x3b59</value>
         <object_component_ref idref="oc-271"/>
      </symbol>
      <symbol id="sm-807">
         <name>__aeabi_dadd</name>
         <value>0x3b63</value>
         <object_component_ref idref="oc-271"/>
      </symbol>
      <symbol id="sm-827">
         <name>__aeabi_cdcmpeq</name>
         <value>0x4995</value>
         <object_component_ref idref="oc-263"/>
      </symbol>
      <symbol id="sm-828">
         <name>__aeabi_cdcmple</name>
         <value>0x4995</value>
         <object_component_ref idref="oc-263"/>
      </symbol>
      <symbol id="sm-829">
         <name>__aeabi_cdrcmple</name>
         <value>0x4a13</value>
         <object_component_ref idref="oc-32b"/>
      </symbol>
      <symbol id="sm-832">
         <name>__aeabi_d2iz</name>
         <value>0x4f53</value>
         <object_component_ref idref="oc-32f"/>
      </symbol>
      <symbol id="sm-84d">
         <name>feraiseexcept</name>
         <value>0x52c1</value>
         <object_component_ref idref="oc-373"/>
      </symbol>
      <symbol id="sm-84e">
         <name>_Tls_setup__Fenv</name>
         <value>0x20001488</value>
         <object_component_ref idref="oc-3df"/>
      </symbol>
      <symbol id="sm-84f">
         <name>_Fenv</name>
         <value>0x20001484</value>
         <object_component_ref idref="oc-3df"/>
      </symbol>
      <symbol id="sm-857">
         <name>__aeabi_lmul</name>
         <value>0x54f5</value>
         <object_component_ref idref="oc-322"/>
      </symbol>
      <symbol id="sm-865">
         <name>ltoa</name>
         <value>0x4dc9</value>
         <object_component_ref idref="oc-333"/>
      </symbol>
      <symbol id="sm-874">
         <name>memccpy</name>
         <value>0x54a9</value>
         <object_component_ref idref="oc-341"/>
      </symbol>
      <symbol id="sm-882">
         <name>__aeabi_memset</name>
         <value>0x4b0d</value>
         <object_component_ref idref="oc-338"/>
      </symbol>
      <symbol id="sm-883">
         <name>memset</name>
         <value>0x4b13</value>
         <object_component_ref idref="oc-338"/>
      </symbol>
      <symbol id="sm-884">
         <name>__aeabi_memset8</name>
         <value>0x4b0d</value>
         <object_component_ref idref="oc-338"/>
      </symbol>
      <symbol id="sm-885">
         <name>__aeabi_memset4</name>
         <value>0x4b0d</value>
         <object_component_ref idref="oc-338"/>
      </symbol>
      <symbol id="sm-886">
         <name>__aeabi_memclr8</name>
         <value>0x4b0b</value>
         <object_component_ref idref="oc-338"/>
      </symbol>
      <symbol id="sm-887">
         <name>__aeabi_memclr4</name>
         <value>0x4b0b</value>
         <object_component_ref idref="oc-338"/>
      </symbol>
      <symbol id="sm-888">
         <name>__aeabi_memclr</name>
         <value>0x4b0b</value>
         <object_component_ref idref="oc-338"/>
      </symbol>
      <symbol id="sm-89b">
         <name>raise</name>
         <value>0x53eb</value>
         <object_component_ref idref="oc-3da"/>
      </symbol>
      <symbol id="sm-8b3">
         <name>signal</name>
         <value>0x5131</value>
         <object_component_ref idref="oc-3ee"/>
      </symbol>
      <symbol id="sm-8c0">
         <name>strlen</name>
         <value>0x5561</value>
         <object_component_ref idref="oc-326"/>
      </symbol>
      <symbol id="sm-8db">
         <name>__aeabi_uldivmod</name>
         <value>0x379d</value>
         <object_component_ref idref="oc-31e"/>
      </symbol>
      <symbol id="sm-8e4">
         <name>_Dclass</name>
         <value>0x562f</value>
         <object_component_ref idref="oc-33c"/>
      </symbol>
      <symbol id="sm-934">
         <name>UARTConfigSetExpClk</name>
         <value>0x50ef</value>
         <object_component_ref idref="oc-1e6"/>
      </symbol>
      <symbol id="sm-935">
         <name>UARTDisable</name>
         <value>0x548d</value>
         <object_component_ref idref="oc-303"/>
      </symbol>
      <symbol id="sm-936">
         <name>UARTIntEnable</name>
         <value>0x56cf</value>
         <object_component_ref idref="oc-1eb"/>
      </symbol>
      <symbol id="sm-937">
         <name>UARTCharsAvail</name>
         <value>0x5661</value>
         <object_component_ref idref="oc-89"/>
      </symbol>
      <symbol id="sm-938">
         <name>UARTCharGetNonBlocking</name>
         <value>0x5613</value>
         <object_component_ref idref="oc-84"/>
      </symbol>
      <symbol id="sm-939">
         <name>UARTCharPut</name>
         <value>0x56a1</value>
         <object_component_ref idref="oc-1d7"/>
      </symbol>
      <symbol id="sm-93a">
         <name>UARTEnable</name>
         <value>0x5539</value>
         <object_component_ref idref="oc-1f5"/>
      </symbol>
      <symbol id="sm-93b">
         <name>UARTFIFOEnable</name>
         <value>0x56ab</value>
         <object_component_ref idref="oc-1f0"/>
      </symbol>
      <symbol id="sm-93c">
         <name>UARTIntClear</name>
         <value>0x56ff</value>
         <object_component_ref idref="oc-7f"/>
      </symbol>
      <symbol id="sm-93d">
         <name>UARTIntStatus</name>
         <value>0x56b5</value>
         <object_component_ref idref="oc-7a"/>
      </symbol>
      <symbol id="sm-967">
         <name>TimerLoadSet</name>
         <value>0x55bd</value>
         <object_component_ref idref="oc-1ff"/>
      </symbol>
      <symbol id="sm-968">
         <name>TimerEnable</name>
         <value>0x5605</value>
         <object_component_ref idref="oc-209"/>
      </symbol>
      <symbol id="sm-969">
         <name>TimerIntEnable</name>
         <value>0x56c7</value>
         <object_component_ref idref="oc-204"/>
      </symbol>
      <symbol id="sm-96a">
         <name>TimerConfigure</name>
         <value>0x5445</value>
         <object_component_ref idref="oc-1fa"/>
      </symbol>
      <symbol id="sm-96b">
         <name>TimerIntClear</name>
         <value>0x56fb</value>
         <object_component_ref idref="oc-be"/>
      </symbol>
      <symbol id="sm-98b">
         <name>SysTickEnable</name>
         <value>0x5525</value>
         <object_component_ref idref="oc-1af"/>
      </symbol>
      <symbol id="sm-98c">
         <name>SysTickValueGet</name>
         <value>0x5655</value>
         <object_component_ref idref="oc-b4"/>
      </symbol>
      <symbol id="sm-98d">
         <name>SysTickPeriodSet</name>
         <value>0x55f5</value>
         <object_component_ref idref="oc-1aa"/>
      </symbol>
      <symbol id="sm-a0c">
         <name>SysCtlClockSet</name>
         <value>0x3e65</value>
         <object_component_ref idref="oc-1a5"/>
      </symbol>
      <symbol id="sm-a0d">
         <name>SysCtlDelay</name>
         <value>0x56e9</value>
         <object_component_ref idref="oc-2e0"/>
      </symbol>
      <symbol id="sm-a0e">
         <name>SysCtlPeripheralEnable</name>
         <value>0x4d6d</value>
         <object_component_ref idref="oc-1b4"/>
      </symbol>
      <symbol id="sm-a0f">
         <name>SysCtlClockGet</name>
         <value>0x3991</value>
         <object_component_ref idref="oc-1e1"/>
      </symbol>
      <symbol id="sm-a10">
         <name>SysCtlPeripheralReset</name>
         <value>0x4909</value>
         <object_component_ref idref="oc-1a0"/>
      </symbol>
      <symbol id="sm-a43">
         <name>SSIDataPut</name>
         <value>0x5683</value>
         <object_component_ref idref="oc-2ae"/>
      </symbol>
      <symbol id="sm-a44">
         <name>SSIDataGetNonBlocking</name>
         <value>0x55ab</value>
         <object_component_ref idref="oc-2c9"/>
      </symbol>
      <symbol id="sm-a45">
         <name>SSIConfigSetExpClk</name>
         <value>0x50ad</value>
         <object_component_ref idref="oc-2ba"/>
      </symbol>
      <symbol id="sm-a46">
         <name>SSIEnable</name>
         <value>0x5697</value>
         <object_component_ref idref="oc-2c4"/>
      </symbol>
      <symbol id="sm-a47">
         <name>SSIBusy</name>
         <value>0x56bf</value>
         <object_component_ref idref="oc-2a9"/>
      </symbol>
      <symbol id="sm-a48">
         <name>SSIDisable</name>
         <value>0x568d</value>
         <object_component_ref idref="oc-2b5"/>
      </symbol>
      <symbol id="sm-a84">
         <name>IntEnable</name>
         <value>0x4b85</value>
         <object_component_ref idref="oc-1d2"/>
      </symbol>
      <symbol id="sm-a85">
         <name>IntRegister</name>
         <value>0x5259</value>
         <object_component_ref idref="oc-2f2"/>
      </symbol>
      <symbol id="sm-a86">
         <name>g_pfnRAMVectors</name>
         <value>0x20000000</value>
         <object_component_ref idref="oc-3af"/>
      </symbol>
      <symbol id="sm-a87">
         <name>IntMasterEnable</name>
         <value>0x5679</value>
         <object_component_ref idref="oc-c6"/>
      </symbol>
      <symbol id="sm-afb">
         <name>GPIOPinIntClear</name>
         <value>0x56d7</value>
         <object_component_ref idref="oc-6b"/>
      </symbol>
      <symbol id="sm-afc">
         <name>GPIOIntTypeSet</name>
         <value>0x5171</value>
         <object_component_ref idref="oc-1c8"/>
      </symbol>
      <symbol id="sm-afd">
         <name>GPIOPinIntEnable</name>
         <value>0x5649</value>
         <object_component_ref idref="oc-1cd"/>
      </symbol>
      <symbol id="sm-afe">
         <name>GPIOPinTypeUART</name>
         <value>0x5599</value>
         <object_component_ref idref="oc-1dc"/>
      </symbol>
      <symbol id="sm-aff">
         <name>GPIOPinTypeGPIOOutput</name>
         <value>0x5575</value>
         <object_component_ref idref="oc-1be"/>
      </symbol>
      <symbol id="sm-b00">
         <name>GPIOPinRead</name>
         <value>0x56dd</value>
         <object_component_ref idref="oc-70"/>
      </symbol>
      <symbol id="sm-b01">
         <name>GPIODirModeSet</name>
         <value>0x5419</value>
         <object_component_ref idref="oc-2e7"/>
      </symbol>
      <symbol id="sm-b02">
         <name>GPIOPinWrite</name>
         <value>0x56e3</value>
         <object_component_ref idref="oc-23c"/>
      </symbol>
      <symbol id="sm-b03">
         <name>GPIOPadConfigSet</name>
         <value>0x468d</value>
         <object_component_ref idref="oc-1b9"/>
      </symbol>
      <symbol id="sm-b04">
         <name>GPIOPinTypeSSI</name>
         <value>0x5587</value>
         <object_component_ref idref="oc-2bf"/>
      </symbol>
      <symbol id="sm-b05">
         <name>GPIOPortIntRegister</name>
         <value>0x54c3</value>
         <object_component_ref idref="oc-1c3"/>
      </symbol>
      <symbol id="sm-b0e">
         <name>CPUcpsie</name>
         <value>0x563d</value>
         <object_component_ref idref="oc-233"/>
      </symbol>
      <symbol id="sm-b0f">
         <name>__TI_static_base__</name>
         <value>0x0</value>
      </symbol>
      <symbol id="sm-b10">
         <name>__TI_args_main</name>
         <value>0x1</value>
      </symbol>
      <symbol id="sm-b11">
         <name>SHT$$INIT_ARRAY$$Limit</name>
         <value>0x0</value>
      </symbol>
      <symbol id="sm-b12">
         <name>SHT$$INIT_ARRAY$$Base</name>
         <value>0x0</value>
      </symbol>
   </symbol_table>
   <title>Link successful</title>
</link_info>
