******************************************************************************
                  TI ARM Linker PC v5.1.1                      
******************************************************************************
>> Linked Sun Jan 31 22:13:00 2016

OUTPUT FILE NAME:   <c_control.out>
ENTRY POINT SYMBOL: "_c_int00"  address: 000054b1


MEMORY CONFIGURATION

         name            origin    length      used     unused   attr    fill
----------------------  --------  ---------  --------  --------  ----  --------
  FLASH                 00000000   00040000  00006008  00039ff8  R  X
  SRAM                  20000000   00010000  000015d6  0000ea2a  RW X


SEGMENT ALLOCATION MAP

run origin  load origin   length   init length attrs members
----------  ----------- ---------- ----------- ----- -------
00000000    00000000    00006008   00006008    r-x
  00000000    00000000    000000f0   000000f0    r-- .intvecs
  000000f0    000000f0    00005920   00005920    r-x .text
  00005a10    00005a10    00000520   00000520    r-- .const
  00005f30    00005f30    000000d8   000000d8    r-- .cinit
20000000    20000000    000015da   00000000    rw-
  20000000    20000000    0000026c   00000000    rw- .vtable
  2000026c    2000026c    00000800   00000000    rw- .stack
  20000a70    20000a70    00000800   00000000    rw- .sysmem
  20001270    20001270    00000228   00000000    rw- .data
  20001498    20001498    00000142   00000000    rw- .bss


SECTION ALLOCATION MAP

 output                                  attributes/
section   page    origin      length       input sections
--------  ----  ----------  ----------   ----------------
.intvecs   0    00000000    000000f0     
                  00000000    000000f0     lm3s1968_startup_ccs.obj (.intvecs)

.init_array 
*          0    00000000    00000000     UNINITIALIZED

.text      0    000000f0    00005920     
                  000000f0    00000e78     rtsv7M3_T_le_eabi.lib : _printfi.obj (.text)
                  00000f68    00000aac     data_process.obj (.text)
                  00001a14    00000638     main.obj (.text)
                  0000204c    00000536     display.obj (.text)
                  00002582    00000002     --HOLE-- [fill = 0]
                  00002584    00000510     rit128x96x4.obj (.text)
                  00002a94    000003cc     rtsv7M3_T_le_eabi.lib : memory.obj (.text)
                  00002e60    000002c8     init.obj (.text)
                  00003128    000002bc     debounce.obj (.text)
                  000033e4    00000264     motor_control.obj (.text)
                  00003648    00000238     rtsv7M3_T_le_eabi.lib : strtod.obj (.text)
                  00003880    000001f4                           : ull_div_t2.obj (.text)
                  00003a74    000001c8     driverlib-cm3.lib : sysctl.obj (.text:SysCtlClockGet)
                  00003c3c    000001b6     rtsv7M3_T_le_eabi.lib : fd_add_t2.obj (.text)
                  00003df2    00000002     --HOLE-- [fill = 0]
                  00003df4    00000154                           : fmod.obj (.text)
                  00003f48    00000148     driverlib-cm3.lib : sysctl.obj (.text:SysCtlClockSet)
                  00004090    00000136     rtsv7M3_T_le_eabi.lib : fd_div_t2.obj (.text)
                  000041c6    00000002     --HOLE-- [fill = 0]
                  000041c8    0000012c     speed.obj (.text)
                  000042f4    00000110     rtsv7M3_T_le_eabi.lib : xdscale.obj (.text)
                  00004404    000000fc     driverlib-cm3.lib : gpio.obj (.text:GPIOGetIntNumber)
                  00004500    000000fc     rtsv7M3_T_le_eabi.lib : fd_mul_t2.obj (.text)
                  000045fc    000000fa                           : fs_add_t2.obj (.text)
                  000046f6    000000c4                           : xdnorm.obj (.text)
                  000047ba    000000b8     driverlib-cm3.lib : gpio.obj (.text:GPIOPadConfigSet)
                  00004872    0000009c     rtsv7M3_T_le_eabi.lib : memcpy_t2.obj (.text)
                  0000490e    00000002     --HOLE-- [fill = 0]
                  00004910    00000094                           : auto_init.obj (.text)
                  000049a4    00000092                           : fs_div_t2.obj (.text)
                  00004a36    00000002     --HOLE-- [fill = 0]
                  00004a38    00000090                           : xfdint.obj (.text)
                  00004ac8    0000008c     driverlib-cm3.lib : sysctl.obj (.text:SysCtlPeripheralReset)
                  00004b54    0000007e     rtsv7M3_T_le_eabi.lib : fd_cmp_t2.obj (.text:__aeabi_cdcmple)
                  00004bd2    0000007e                           : fd_cmp_t2.obj (.text:__aeabi_cdrcmple)
                  00004c50    0000007a                           : fs_mul_t2.obj (.text)
                  00004cca    00000078                           : memset_t2.obj (.text)
                  00004d42    0000006c     driverlib-cm3.lib : adc.obj (.text:ADCSequenceStepConfigure)
                  00004dae    00000002     --HOLE-- [fill = 0]
                  00004db0    00000068                       : interrupt.obj (.text:IntEnable)
                  00004e18    00000060     rtsv7M3_T_le_eabi.lib : fs_cmp_t2.obj (.text:__aeabi_cfcmple)
                  00004e78    00000060                           : fs_cmp_t2.obj (.text:__aeabi_cfrcmple)
                  00004ed8    00000060                           : sprintf.obj (.text)
                  00004f38    0000005e                           : copy_decompress_rle.obj (.text)
                  00004f96    00000002     --HOLE-- [fill = 0]
                  00004f98    0000005c     driverlib-cm3.lib : sysctl.obj (.text:SysCtlPeripheralEnable)
                  00004ff4    0000005a     rtsv7M3_T_le_eabi.lib : ltoa.obj (.text)
                  0000504e    00000002     --HOLE-- [fill = 0]
                  00005050    0000004c                           : atoi.obj (.text)
                  0000509c    0000004c                           : atol.obj (.text)
                  000050e8    0000004a                           : fd_tos_t2.obj (.text)
                  00005132    00000048                           : fd_toi_t2.obj (.text)
                  0000517a    00000002     --HOLE-- [fill = 0]
                  0000517c    00000044                           : cpy_tbl.obj (.text)
                  000051c0    00000044                           : exit.obj (.text)
                  00005204    00000044                           : fd_tou_t2.obj (.text)
                  00005248    00000044                           : roundf.obj (.text)
                  0000528c    00000044                           : xdtest.obj (.text)
                  000052d0    00000042     driverlib-cm3.lib : ssi.obj (.text:SSIConfigSetExpClk)
                  00005312    00000042                       : uart.obj (.text:UARTConfigSetExpClk)
                  00005354    00000040     rtsv7M3_T_le_eabi.lib : signal.obj (.text)
                  00005394    0000003e     driverlib-cm3.lib : gpio.obj (.text:GPIOIntTypeSet)
                  000053d2    00000038     rtsv7M3_T_le_eabi.lib : fs_tod_t2.obj (.text)
                  0000540a    00000038                           : fs_toi_t2.obj (.text)
                  00005442    00000038                           : i_tofs_t2.obj (.text)
                  0000547a    00000002     --HOLE-- [fill = 0]
                  0000547c    00000034     driverlib-cm3.lib : interrupt.obj (.text:IntRegister)
                  000054b0    00000034     rtsv7M3_T_le_eabi.lib : boot.obj (.text)
                  000054e4    00000034                           : feraiseexcept.obj (.text)
                  00005518    00000034                           : fs_tou_t2.obj (.text)
                  0000554c    00000034                           : xfdtest.obj (.text)
                  00005580    00000032                           : strstr.obj (.text)
                  000055b2    00000030                           : strncpy.obj (.text)
                  000055e2    00000002     --HOLE-- [fill = 0]
                  000055e4    00000030                           : xferaise.obj (.text)
                  00005614    0000002e                           : i_tofd_t2.obj (.text)
                  00005642    0000002e                           : raise.obj (.text)
                  00005670    0000002c     driverlib-cm3.lib : adc.obj (.text:ADCIntStatus)
                  0000569c    0000002a                       : adc.obj (.text:ADCSequenceConfigure)
                  000056c6    0000002a                       : gpio.obj (.text:GPIODirModeSet)
                  000056f0    00000028                       : timer.obj (.text:TimerConfigure)
                  00005718    00000020     rtsv7M3_T_le_eabi.lib : u_tofd_t2.obj (.text)
                  00005738    0000001e     driverlib-cm3.lib : adc.obj (.text:ADCSequenceDataGet)
                  00005756    00000002     --HOLE-- [fill = 0]
                  00005758    0000001c                       : uart.obj (.text:UARTDisable)
                  00005774    0000001a                       : adc.obj (.text:ADCProcessorTrigger)
                  0000578e    0000001a     rtsv7M3_T_le_eabi.lib : memccpy.obj (.text)
                  000057a8    00000018     driverlib-cm3.lib : gpio.obj (.text:GPIOPortIntRegister)
                  000057c0    00000018     rtsv7M3_T_le_eabi.lib : args_main.obj (.text)
                  000057d8    00000018                           : ll_mul_t2.obj (.text)
                  000057f0    00000016                           : strchr.obj (.text)
                  00005806    00000002     --HOLE-- [fill = 0]
                  00005808    00000014     driverlib-cm3.lib : systick.obj (.text:SysTickEnable)
                  0000581c    00000014                       : uart.obj (.text:UARTEnable)
                  00005830    00000014     rtsv7M3_T_le_eabi.lib : _lock.obj (.text)
                  00005844    00000014                           : strlen.obj (.text)
                  00005858    00000012     driverlib-cm3.lib : gpio.obj (.text:GPIOPinTypeADC)
                  0000586a    00000012                       : gpio.obj (.text:GPIOPinTypeGPIOOutput)
                  0000587c    00000012                       : gpio.obj (.text:GPIOPinTypeSSI)
                  0000588e    00000012                       : gpio.obj (.text:GPIOPinTypeUART)
                  000058a0    00000012                       : ssi.obj (.text:SSIDataGetNonBlocking)
                  000058b2    00000012                       : timer.obj (.text:TimerLoadSet)
                  000058c4    00000012     rtsv7M3_T_le_eabi.lib : copy_zero_init.obj (.text:decompress:ZI)
                  000058d6    00000012                           : strcpy.obj (.text)
                  000058e8    00000010     driverlib-cm3.lib : systick.obj (.text:SysTickPeriodSet)
                  000058f8    0000000e                       : adc.obj (.text:ADCSequenceEnable)
                  00005906    0000000e                       : timer.obj (.text:TimerEnable)
                  00005914    0000000e                       : uart.obj (.text:UARTCharGetNonBlocking)
                  00005922    0000000e     rtsv7M3_T_le_eabi.lib : copy_decompress_none.obj (.text:decompress:none)
                  00005930    0000000e                           : xdclass.obj (.text)
                  0000593e    0000000c     driverlib-cm3.lib : cpu.obj (.text:CPUcpsie)
                  0000594a    0000000c                       : gpio.obj (.text:GPIOPinIntEnable)
                  00005956    00000002     --HOLE-- [fill = 0]
                  00005958    0000000c                       : systick.obj (.text:SysTickValueGet)
                  00005964    0000000c                       : uart.obj (.text:UARTCharsAvail)
                  00005970    0000000c     lm3s1968_startup_ccs.obj (.text)
                  0000597c    0000000a     driverlib-cm3.lib : adc.obj (.text:ADCIntClear)
                  00005986    0000000a                       : interrupt.obj (.text:IntMasterEnable)
                  00005990    0000000a                       : ssi.obj (.text:SSIDataPut)
                  0000599a    0000000a                       : ssi.obj (.text:SSIDisable)
                  000059a4    0000000a                       : ssi.obj (.text:SSIEnable)
                  000059ae    0000000a                       : uart.obj (.text:UARTCharPut)
                  000059b8    0000000a                       : uart.obj (.text:UARTFIFOEnable)
                  000059c2    0000000a                       : uart.obj (.text:UARTIntStatus)
                  000059cc    00000008                       : ssi.obj (.text:SSIBusy)
                  000059d4    00000008                       : timer.obj (.text:TimerIntEnable)
                  000059dc    00000008                       : uart.obj (.text:UARTIntEnable)
                  000059e4    00000006                       : gpio.obj (.text:GPIOPinIntClear)
                  000059ea    00000006                       : gpio.obj (.text:GPIOPinRead)
                  000059f0    00000006                       : gpio.obj (.text:GPIOPinWrite)
                  000059f6    00000006                       : sysctl.obj (.text:SysCtlDelay)
                  000059fc    00000006     rtsv7M3_T_le_eabi.lib : copy_decompress_rle.obj (.text:decompress:rle24)
                  00005a02    00000006                           : atof.obj (.text)
                  00005a08    00000004     driverlib-cm3.lib : timer.obj (.text:TimerIntClear)
                  00005a0c    00000004                       : uart.obj (.text:UARTIntClear)

.const     0    00005a10    00000520     
                  00005a10    000001e0     rit128x96x4.obj (.const:g_pucFont)
                  00005bf0    00000102     rtsv7M3_T_le_eabi.lib : ctype.obj (.const:.string:_ctypes_)
                  00005cf2    00000006     --HOLE-- [fill = 0]
                  00005cf8    00000098                           : strtod.obj (.const)
                  00005d90    00000070     driverlib-cm3.lib : interrupt.obj (.const)
                  00005e00    0000006c                       : sysctl.obj (.const:g_pulXtals)
                  00005e6c    0000004f     rit128x96x4.obj (.const:.string:g_pucRIT128x96x4Init)
                  00005ebb    00000001     --HOLE-- [fill = 0]
                  00005ebc    00000040     driverlib-cm3.lib : sysctl.obj (.const)
                  00005efc    00000028     rtsv7M3_T_le_eabi.lib : xfdint.obj (.const)
                  00005f24    0000000c     rit128x96x4.obj (.const:.string)

.cinit     0    00005f30    000000d8     
                  00005f30    000000a1     (.cinit..data.load) [load image, compression = rle]
                  00005fd1    00000003     --HOLE-- [fill = 0]
                  00005fd4    0000000c     (__TI_handler_table)
                  00005fe0    00000008     (.cinit..bss.load) [load image, compression = zero_init]
                  00005fe8    00000008     (.cinit..vtable.load) [load image, compression = zero_init]
                  00005ff0    00000018     (__TI_cinit_table)

.vtable    0    20000000    0000026c     UNINITIALIZED
                  20000000    0000026c     driverlib-cm3.lib : interrupt.obj (.vtable)

.stack     0    2000026c    00000800     UNINITIALIZED
                  2000026c    00000800     --HOLE--

.sysmem    0    20000a70    00000800     UNINITIALIZED
                  20000a70    00000008     rtsv7M3_T_le_eabi.lib : memory.obj (.sysmem)
                  20000a78    000007f8     --HOLE--

.data      0    20001270    00000228     UNINITIALIZED
                  20001270    000000b0     rtsv7M3_T_le_eabi.lib : signal.obj (.data:sigtable)
                  20001320    00000080                           : xvalues.obj (.data)
                  200013a0    00000060     data_process.obj (.data)
                  20001400    00000044     debounce.obj (.data)
                  20001444    00000020     main.obj (.data)
                  20001464    0000000c     rtsv7M3_T_le_eabi.lib : memory.obj (.data)
                  20001470    00000008     motor_control.obj (.data)
                  20001478    00000008     rtsv7M3_T_le_eabi.lib : _lock.obj (.data)
                  20001480    00000008                           : exit.obj (.data)
                  20001488    00000008                           : feraiseexcept.obj (.data)
                  20001490    00000004                           : errno.obj (.data)
                  20001494    00000004                           : stkdepth_vars.obj (.data)

.bss       0    20001498    00000142     UNINITIALIZED
                  20001498    00000078     main.obj (.bss:UART_char_data)
                  20001510    00000078     main.obj (.bss:UART_char_data_old)
                  20001588    00000014     (.common:speed_array)
                  2000159c    00000010     (.common:speed_buffer)
                  200015ac    00000008     (.common:g_pucBuffer)
                  200015b4    00000008     (.common:location)
                  200015bc    00000008     (.common:real_time)
                  200015c4    00000008     (.common:speed_set_data)
                  200015cc    00000004     (.common:flag1)
                  200015d0    00000004     (.common:flag2)
                  200015d4    00000004     (.common:g_ulSSIFlags)
                  200015d8    00000001     (.common:lat)
                  200015d9    00000001     (.common:lon)


LINKER GENERATED COPY TABLES

__TI_cinit_table @ 00005ff0 records: 3, size/record: 8, table size: 24
	.data: load addr=00005f30, load size=000000a1 bytes, run addr=20001270, run size=00000228 bytes, compression=rle
	.bss: load addr=00005fe0, load size=00000008 bytes, run addr=20001498, run size=00000142 bytes, compression=zero_init
	.vtable: load addr=00005fe8, load size=00000008 bytes, run addr=20000000, run size=0000026c bytes, compression=zero_init


LINKER GENERATED HANDLER TABLE

__TI_handler_table @ 00005fd4 records: 3, size/record: 4, table size: 12
	index: 0, handler: __TI_zero_init
	index: 1, handler: __TI_decompress_rle24
	index: 2, handler: __TI_decompress_none


GLOBAL SYMBOLS: SORTED ALPHABETICALLY BY Name 

address    name
--------   ----
0000597d   ADCIntClear
00005671   ADCIntStatus
00005775   ADCProcessorTrigger
0000569d   ADCSequenceConfigure
00005739   ADCSequenceDataGet
000058f9   ADCSequenceEnable
00004d43   ADCSequenceStepConfigure
000051c1   C$$EXIT
0000593f   CPUcpsie
2000140c   DebCwBut
20001404   DebDownBut
20001408   DebLeftBut
20001410   DebSelectBut
20001400   DebUpBut
000056c7   GPIODirModeSet
00005395   GPIOIntTypeSet
000047bb   GPIOPadConfigSet
000059e5   GPIOPinIntClear
0000594b   GPIOPinIntEnable
000059eb   GPIOPinRead
00005859   GPIOPinTypeADC
0000586b   GPIOPinTypeGPIOOutput
0000587d   GPIOPinTypeSSI
0000588f   GPIOPinTypeUART
000059f1   GPIOPinWrite
000057a9   GPIOPortIntRegister
200013f4   HDOP
00004db1   IntEnable
00005987   IntMasterEnable
0000547d   IntRegister
00001a15   PinChangeIntHandler
0000268d   RIT128x96x4Clear
0000290b   RIT128x96x4Disable
00002a5d   RIT128x96x4DisplayOff
00002a29   RIT128x96x4DisplayOn
000028b1   RIT128x96x4Enable
00002829   RIT128x96x4ImageDraw
00002985   RIT128x96x4Init
000026e9   RIT128x96x4StringDraw
00005971   ResetISR
UNDEFED    SHT$$INIT_ARRAY$$Base
UNDEFED    SHT$$INIT_ARRAY$$Limit
000059cd   SSIBusy
000052d1   SSIConfigSetExpClk
000058a1   SSIDataGetNonBlocking
00005991   SSIDataPut
0000599b   SSIDisable
000059a5   SSIEnable
00003a75   SysCtlClockGet
00003f49   SysCtlClockSet
000059f7   SysCtlDelay
00004f99   SysCtlPeripheralEnable
00004ac9   SysCtlPeripheralReset
00005809   SysTickEnable
000058e9   SysTickPeriodSet
00005959   SysTickValueGet
00001919   Timer0IntHandler
00001d77   Timer1IntHandler
000056f1   TimerConfigure
00005907   TimerEnable
00005a09   TimerIntClear
000059d5   TimerIntEnable
000058b3   TimerLoadSet
00005915   UARTCharGetNonBlocking
000059af   UARTCharPut
00005965   UARTCharsAvail
00005313   UARTConfigSetExpClk
00005759   UARTDisable
0000581d   UARTEnable
000059b9   UARTFIFOEnable
00005a0d   UARTIntClear
000059dd   UARTIntEnable
00001b09   UARTIntHandler
000059c3   UARTIntStatus
00002f75   UARTSend
20001498   UART_char_data
20001510   UART_char_data_old
00005931   _Dclass
20001320   _Denorm
000046f7   _Dnorm
000042f5   _Dscale
0000528d   _Dtest
20001330   _Eps
20001490   _Errno
00004a39   _FDint
0000554d   _FDtest
20001488   _Fenv
000055e5   _Feraise
20001340   _Hugeval
20001350   _Inf
20001360   _Nan
20001380   _Rteps
20001370   _Snan
2000148c   _Tls_setup__Fenv
20001390   _Xbig
20001398   _Zero
20000a6c   __STACK_END
00000800   __STACK_SIZE
2000046c   __STACK_TOP
00000800   __SYSMEM_SIZE
00005ff0   __TI_CINIT_Base
00006008   __TI_CINIT_Limit
00005fd4   __TI_Handler_Table_Base
00005fe0   __TI_Handler_Table_Limit
00000001   __TI_args_main
00004911   __TI_auto_init
20001480   __TI_cleanup_ptr
00005923   __TI_decompress_none
000059fd   __TI_decompress_rle24
20001484   __TI_dtors_ptr
00000c5f   __TI_printfi
00000000   __TI_static_base__
000058c5   __TI_zero_init
00004b55   __aeabi_cdcmpeq
00004b55   __aeabi_cdcmple
00004bd3   __aeabi_cdrcmple
00004e19   __aeabi_cfcmpeq
00004e19   __aeabi_cfcmple
00004e79   __aeabi_cfrcmple
000050e9   __aeabi_d2f
00005133   __aeabi_d2iz
00005205   __aeabi_d2uiz
00003c47   __aeabi_dadd
00004091   __aeabi_ddiv
00004501   __aeabi_dmul
00003c3d   __aeabi_dsub
000053d3   __aeabi_f2d
0000540b   __aeabi_f2iz
00005519   __aeabi_f2uiz
00004601   __aeabi_fadd
000049a5   __aeabi_fdiv
00004c51   __aeabi_fmul
000045fd   __aeabi_fsub
00005615   __aeabi_i2d
00005443   __aeabi_i2f
000057d9   __aeabi_lmul
00004ccb   __aeabi_memclr
00004ccb   __aeabi_memclr4
00004ccb   __aeabi_memclr8
00004873   __aeabi_memcpy
00004873   __aeabi_memcpy4
00004873   __aeabi_memcpy8
00004ccd   __aeabi_memset
00004ccd   __aeabi_memset4
00004ccd   __aeabi_memset8
00005719   __aeabi_ui2d
00003881   __aeabi_uldivmod
ffffffff   __binit__
ffffffff   __c_args__
2000026c   __stack
000057c1   _args_main
000054b1   _c_int00
00005bf0   _ctypes_
20001478   _lock
0000583f   _nop
00005837   _register_lock
00005831   _register_unlock
20000a70   _sys_memory
2000147c   _unlock
000051c5   abort
200013b0   acceleration
200013fc   altitude
00001cad   analysis_speed
200013ac   angle
00005a03   atof
00005051   atoi
0000509d   atol
ffffffff   binit
00003331   bit_check
200013a4   buffed_speed
200013a8   buffed_speed_1_old
00003129   button_choker
20001440   button_pressed
0000102d   calculate_accleration
00000f9d   calculate_distance
00002e29   calloc
0000204d   clearDisplay
0000517d   copy_in
200013ec   count
00003151   debounce_button
0000109d   decode_GGA
000014c9   decode_RMC
0000235d   display
200013bc   distance
20001444   encoder_1
20001448   encoder_2
0000219d   enter_fuel_display
000051cd   exit
000054e5   feraiseexcept
200013d0   fix
200013e8   fixquality
200015cc   flag1
200015d0   flag2
00003df5   fmod
00002b83   free
20000000   g_pfnRAMVectors
00000000   g_pfnVectors
200013f8   geoidheight
00000f69   get_speed
2000145c   index
00002f35   initADC
00003091   initCircBuf
00002e9d   initClock
00002fbd   initConsole
00002f2b   initDisplay
00002eb3   initGPIO
00002ed7   initPin
00003029   initTimer
000020eb   init_password
000042b5   init_set_speed
000030bb   init_set_speed_data
2000143c   last_debounce
200013f0   last_time
200015d8   lat
200013b4   latitude
200013c8   latitudeDegrees
200013c0   latitude_fixed
200015b4   location
200015d9   lon
200013b8   longitude
200013cc   longitudeDegrees
200013c4   longitude_fixed
00004ff5   ltoa
00001e31   main
20001494   main_func_sp
00002b21   malloc
00001ce9   max_acc_func
00002d49   memalign
0000578f   memccpy
00004873   memcpy
00004cd3   memset
00002a95   minit
00002279   no_fix_screen
00002055   password_display
2000144c   prev_state
00005643   raise
20001420   raw_cw
20001434   raw_cw_p
20001414   raw_down
20001428   raw_down_p
2000141c   raw_left
20001430   raw_left_p
20001424   raw_select
20001438   raw_select_p
20001418   raw_up
2000142c   raw_up_p
00001019   read_acceleration
00001b3d   read_button_screen
20001460   read_data
00000f97   read_distance
00000f8b   read_fix
00000f81   read_location
00000f91   read_quality
00000f7b   read_satillite
000041c9   read_speed
00000f6f   read_time
200015bc   real_time
00002c43   realloc
00002e61   reset_peripheral
00003283   return_button
000021e3   review_fuel_display
00005249   roundf
00001d83   run_adc
200013e9   satellites
20001458   select_prev
00001bb5   select_read
00001bf5   send_data
00001d15   send_info
000041f5   set_speed
00002103   set_speed_display
00005355   signal
200013a0   speed
20001588   speed_array
000042bb   speed_feedback
200015c4   speed_set_data
00001955   split_data
00004ed9   sprintf
00003561   step
000034f3   step_mode_return
000035e7   step_motor_control
000033e5   stepper_motor
000034f9   stepper_motor_off
00003525   stepper_system
00001ab9   store_char
00001c69   store_speed
000057f1   strchr
000058d7   strcpy
00005845   strlen
000055b3   strncpy
00005581   strstr
00003649   strtod
20001454   thing
20001474   thisStep
200013d4   time_array
20001470   time_last
20001450   time_last_2
000018d9   update_array


GLOBAL SYMBOLS: SORTED BY Symbol Address 

address    name
--------   ----
00000000   __TI_static_base__
00000000   g_pfnVectors
00000001   __TI_args_main
00000800   __STACK_SIZE
00000800   __SYSMEM_SIZE
00000c5f   __TI_printfi
00000f69   get_speed
00000f6f   read_time
00000f7b   read_satillite
00000f81   read_location
00000f8b   read_fix
00000f91   read_quality
00000f97   read_distance
00000f9d   calculate_distance
00001019   read_acceleration
0000102d   calculate_accleration
0000109d   decode_GGA
000014c9   decode_RMC
000018d9   update_array
00001919   Timer0IntHandler
00001955   split_data
00001a15   PinChangeIntHandler
00001ab9   store_char
00001b09   UARTIntHandler
00001b3d   read_button_screen
00001bb5   select_read
00001bf5   send_data
00001c69   store_speed
00001cad   analysis_speed
00001ce9   max_acc_func
00001d15   send_info
00001d77   Timer1IntHandler
00001d83   run_adc
00001e31   main
0000204d   clearDisplay
00002055   password_display
000020eb   init_password
00002103   set_speed_display
0000219d   enter_fuel_display
000021e3   review_fuel_display
00002279   no_fix_screen
0000235d   display
0000268d   RIT128x96x4Clear
000026e9   RIT128x96x4StringDraw
00002829   RIT128x96x4ImageDraw
000028b1   RIT128x96x4Enable
0000290b   RIT128x96x4Disable
00002985   RIT128x96x4Init
00002a29   RIT128x96x4DisplayOn
00002a5d   RIT128x96x4DisplayOff
00002a95   minit
00002b21   malloc
00002b83   free
00002c43   realloc
00002d49   memalign
00002e29   calloc
00002e61   reset_peripheral
00002e9d   initClock
00002eb3   initGPIO
00002ed7   initPin
00002f2b   initDisplay
00002f35   initADC
00002f75   UARTSend
00002fbd   initConsole
00003029   initTimer
00003091   initCircBuf
000030bb   init_set_speed_data
00003129   button_choker
00003151   debounce_button
00003283   return_button
00003331   bit_check
000033e5   stepper_motor
000034f3   step_mode_return
000034f9   stepper_motor_off
00003525   stepper_system
00003561   step
000035e7   step_motor_control
00003649   strtod
00003881   __aeabi_uldivmod
00003a75   SysCtlClockGet
00003c3d   __aeabi_dsub
00003c47   __aeabi_dadd
00003df5   fmod
00003f49   SysCtlClockSet
00004091   __aeabi_ddiv
000041c9   read_speed
000041f5   set_speed
000042b5   init_set_speed
000042bb   speed_feedback
000042f5   _Dscale
00004501   __aeabi_dmul
000045fd   __aeabi_fsub
00004601   __aeabi_fadd
000046f7   _Dnorm
000047bb   GPIOPadConfigSet
00004873   __aeabi_memcpy
00004873   __aeabi_memcpy4
00004873   __aeabi_memcpy8
00004873   memcpy
00004911   __TI_auto_init
000049a5   __aeabi_fdiv
00004a39   _FDint
00004ac9   SysCtlPeripheralReset
00004b55   __aeabi_cdcmpeq
00004b55   __aeabi_cdcmple
00004bd3   __aeabi_cdrcmple
00004c51   __aeabi_fmul
00004ccb   __aeabi_memclr
00004ccb   __aeabi_memclr4
00004ccb   __aeabi_memclr8
00004ccd   __aeabi_memset
00004ccd   __aeabi_memset4
00004ccd   __aeabi_memset8
00004cd3   memset
00004d43   ADCSequenceStepConfigure
00004db1   IntEnable
00004e19   __aeabi_cfcmpeq
00004e19   __aeabi_cfcmple
00004e79   __aeabi_cfrcmple
00004ed9   sprintf
00004f99   SysCtlPeripheralEnable
00004ff5   ltoa
00005051   atoi
0000509d   atol
000050e9   __aeabi_d2f
00005133   __aeabi_d2iz
0000517d   copy_in
000051c1   C$$EXIT
000051c5   abort
000051cd   exit
00005205   __aeabi_d2uiz
00005249   roundf
0000528d   _Dtest
000052d1   SSIConfigSetExpClk
00005313   UARTConfigSetExpClk
00005355   signal
00005395   GPIOIntTypeSet
000053d3   __aeabi_f2d
0000540b   __aeabi_f2iz
00005443   __aeabi_i2f
0000547d   IntRegister
000054b1   _c_int00
000054e5   feraiseexcept
00005519   __aeabi_f2uiz
0000554d   _FDtest
00005581   strstr
000055b3   strncpy
000055e5   _Feraise
00005615   __aeabi_i2d
00005643   raise
00005671   ADCIntStatus
0000569d   ADCSequenceConfigure
000056c7   GPIODirModeSet
000056f1   TimerConfigure
00005719   __aeabi_ui2d
00005739   ADCSequenceDataGet
00005759   UARTDisable
00005775   ADCProcessorTrigger
0000578f   memccpy
000057a9   GPIOPortIntRegister
000057c1   _args_main
000057d9   __aeabi_lmul
000057f1   strchr
00005809   SysTickEnable
0000581d   UARTEnable
00005831   _register_unlock
00005837   _register_lock
0000583f   _nop
00005845   strlen
00005859   GPIOPinTypeADC
0000586b   GPIOPinTypeGPIOOutput
0000587d   GPIOPinTypeSSI
0000588f   GPIOPinTypeUART
000058a1   SSIDataGetNonBlocking
000058b3   TimerLoadSet
000058c5   __TI_zero_init
000058d7   strcpy
000058e9   SysTickPeriodSet
000058f9   ADCSequenceEnable
00005907   TimerEnable
00005915   UARTCharGetNonBlocking
00005923   __TI_decompress_none
00005931   _Dclass
0000593f   CPUcpsie
0000594b   GPIOPinIntEnable
00005959   SysTickValueGet
00005965   UARTCharsAvail
00005971   ResetISR
0000597d   ADCIntClear
00005987   IntMasterEnable
00005991   SSIDataPut
0000599b   SSIDisable
000059a5   SSIEnable
000059af   UARTCharPut
000059b9   UARTFIFOEnable
000059c3   UARTIntStatus
000059cd   SSIBusy
000059d5   TimerIntEnable
000059dd   UARTIntEnable
000059e5   GPIOPinIntClear
000059eb   GPIOPinRead
000059f1   GPIOPinWrite
000059f7   SysCtlDelay
000059fd   __TI_decompress_rle24
00005a03   atof
00005a09   TimerIntClear
00005a0d   UARTIntClear
00005bf0   _ctypes_
00005fd4   __TI_Handler_Table_Base
00005fe0   __TI_Handler_Table_Limit
00005ff0   __TI_CINIT_Base
00006008   __TI_CINIT_Limit
20000000   g_pfnRAMVectors
2000026c   __stack
2000046c   __STACK_TOP
20000a6c   __STACK_END
20000a70   _sys_memory
20001320   _Denorm
20001330   _Eps
20001340   _Hugeval
20001350   _Inf
20001360   _Nan
20001370   _Snan
20001380   _Rteps
20001390   _Xbig
20001398   _Zero
200013a0   speed
200013a4   buffed_speed
200013a8   buffed_speed_1_old
200013ac   angle
200013b0   acceleration
200013b4   latitude
200013b8   longitude
200013bc   distance
200013c0   latitude_fixed
200013c4   longitude_fixed
200013c8   latitudeDegrees
200013cc   longitudeDegrees
200013d0   fix
200013d4   time_array
200013e8   fixquality
200013e9   satellites
200013ec   count
200013f0   last_time
200013f4   HDOP
200013f8   geoidheight
200013fc   altitude
20001400   DebUpBut
20001404   DebDownBut
20001408   DebLeftBut
2000140c   DebCwBut
20001410   DebSelectBut
20001414   raw_down
20001418   raw_up
2000141c   raw_left
20001420   raw_cw
20001424   raw_select
20001428   raw_down_p
2000142c   raw_up_p
20001430   raw_left_p
20001434   raw_cw_p
20001438   raw_select_p
2000143c   last_debounce
20001440   button_pressed
20001444   encoder_1
20001448   encoder_2
2000144c   prev_state
20001450   time_last_2
20001454   thing
20001458   select_prev
2000145c   index
20001460   read_data
20001470   time_last
20001474   thisStep
20001478   _lock
2000147c   _unlock
20001480   __TI_cleanup_ptr
20001484   __TI_dtors_ptr
20001488   _Fenv
2000148c   _Tls_setup__Fenv
20001490   _Errno
20001494   main_func_sp
20001498   UART_char_data
20001510   UART_char_data_old
20001588   speed_array
200015b4   location
200015bc   real_time
200015c4   speed_set_data
200015cc   flag1
200015d0   flag2
200015d8   lat
200015d9   lon
ffffffff   __binit__
ffffffff   __c_args__
ffffffff   binit
UNDEFED    SHT$$INIT_ARRAY$$Base
UNDEFED    SHT$$INIT_ARRAY$$Limit

[297 symbols]
