******************************************************************************
                  TI ARM Linker PC v5.1.1                      
******************************************************************************
>> Linked Mon Oct 19 15:57:33 2015

OUTPUT FILE NAME:   <c_control.out>
ENTRY POINT SYMBOL: "_c_int00"  address: 00005415


MEMORY CONFIGURATION

         name            origin    length      used     unused   attr    fill
----------------------  --------  ---------  --------  --------  ----  --------
  FLASH                 00000000   00040000  00005f18  0003a0e8  R  X
  SRAM                  20000000   00010000  000015da  0000ea26  RW X


SEGMENT ALLOCATION MAP

run origin  load origin   length   init length attrs members
----------  ----------- ---------- ----------- ----- -------
00000000    00000000    00005f18   00005f18    r-x
  00000000    00000000    000000f0   000000f0    r-- .intvecs
  000000f0    000000f0    00005850   00005850    r-x .text
  00005940    00005940    000004f8   000004f8    r-- .const
  00005e38    00005e38    000000e0   000000e0    r-- .cinit
20000000    20000000    000015de   00000000    rw-
  20000000    20000000    0000026c   00000000    rw- .vtable
  2000026c    2000026c    00000800   00000000    rw- .stack
  20000a70    20000a70    00000800   00000000    rw- .sysmem
  20001270    20001270    0000022c   00000000    rw- .data
  2000149c    2000149c    00000142   00000000    rw- .bss


SECTION ALLOCATION MAP

 output                                  attributes/
section   page    origin      length       input sections
--------  ----  ----------  ----------   ----------------
.intvecs   0    00000000    000000f0     
                  00000000    000000f0     lm3s1968_startup_ccs.obj (.intvecs)

.init_array 
*          0    00000000    00000000     UNINITIALIZED

.text      0    000000f0    00005850     
                  000000f0    00000e78     rtsv7M3_T_le_eabi.lib : _printfi.obj (.text)
                  00000f68    00000aac     data_process.obj (.text)
                  00001a14    00000668     main.obj (.text)
                  0000207c    0000052a     display.obj (.text)
                  000025a6    00000002     --HOLE-- [fill = 0]
                  000025a8    00000510     rit128x96x4.obj (.text)
                  00002ab8    000003cc     rtsv7M3_T_le_eabi.lib : memory.obj (.text)
                  00002e84    000002c8     init.obj (.text)
                  0000314c    000002bc     debounce.obj (.text)
                  00003408    00000264     motor_control.obj (.text)
                  0000366c    00000238     rtsv7M3_T_le_eabi.lib : strtod.obj (.text)
                  000038a4    000001f4                           : ull_div_t2.obj (.text)
                  00003a98    000001c8     driverlib-cm3.lib : sysctl.obj (.text:SysCtlClockGet)
                  00003c60    000001b6     rtsv7M3_T_le_eabi.lib : fd_add_t2.obj (.text)
                  00003e16    00000002     --HOLE-- [fill = 0]
                  00003e18    00000154                           : fmod.obj (.text)
                  00003f6c    00000148     driverlib-cm3.lib : sysctl.obj (.text:SysCtlClockSet)
                  000040b4    00000136     rtsv7M3_T_le_eabi.lib : fd_div_t2.obj (.text)
                  000041ea    00000002     --HOLE-- [fill = 0]
                  000041ec    00000110                           : xdscale.obj (.text)
                  000042fc    000000fc     driverlib-cm3.lib : gpio.obj (.text:GPIOGetIntNumber)
                  000043f8    000000fc     rtsv7M3_T_le_eabi.lib : fd_mul_t2.obj (.text)
                  000044f4    000000fa                           : fs_add_t2.obj (.text)
                  000045ee    00000002     --HOLE-- [fill = 0]
                  000045f0    000000f4     speed.obj (.text)
                  000046e4    000000c4     rtsv7M3_T_le_eabi.lib : xdnorm.obj (.text)
                  000047a8    000000b8     driverlib-cm3.lib : gpio.obj (.text:GPIOPadConfigSet)
                  00004860    0000009c     rtsv7M3_T_le_eabi.lib : memcpy_t2.obj (.text)
                  000048fc    00000094                           : auto_init.obj (.text)
                  00004990    00000092                           : fs_div_t2.obj (.text)
                  00004a22    00000002     --HOLE-- [fill = 0]
                  00004a24    0000008c     driverlib-cm3.lib : sysctl.obj (.text:SysCtlPeripheralReset)
                  00004ab0    0000007e     rtsv7M3_T_le_eabi.lib : fd_cmp_t2.obj (.text:__aeabi_cdcmple)
                  00004b2e    0000007e                           : fd_cmp_t2.obj (.text:__aeabi_cdrcmple)
                  00004bac    0000007a                           : fs_mul_t2.obj (.text)
                  00004c26    00000078                           : memset_t2.obj (.text)
                  00004c9e    0000006c     driverlib-cm3.lib : adc.obj (.text:ADCSequenceStepConfigure)
                  00004d0a    00000002     --HOLE-- [fill = 0]
                  00004d0c    00000068                       : interrupt.obj (.text:IntEnable)
                  00004d74    00000060     rtsv7M3_T_le_eabi.lib : fs_cmp_t2.obj (.text:__aeabi_cfcmple)
                  00004dd4    00000060                           : fs_cmp_t2.obj (.text:__aeabi_cfrcmple)
                  00004e34    00000060                           : sprintf.obj (.text)
                  00004e94    0000005e                           : copy_decompress_rle.obj (.text)
                  00004ef2    00000002     --HOLE-- [fill = 0]
                  00004ef4    0000005c     driverlib-cm3.lib : sysctl.obj (.text:SysCtlPeripheralEnable)
                  00004f50    0000005a     rtsv7M3_T_le_eabi.lib : ltoa.obj (.text)
                  00004faa    00000002     --HOLE-- [fill = 0]
                  00004fac    0000004c                           : atoi.obj (.text)
                  00004ff8    0000004c                           : atol.obj (.text)
                  00005044    0000004c                           : rand.obj (.text)
                  00005090    0000004a                           : fd_tos_t2.obj (.text)
                  000050da    00000048                           : fd_toi_t2.obj (.text)
                  00005122    00000002     --HOLE-- [fill = 0]
                  00005124    00000044                           : cpy_tbl.obj (.text)
                  00005168    00000044                           : exit.obj (.text)
                  000051ac    00000044                           : fd_tou_t2.obj (.text)
                  000051f0    00000044                           : xdtest.obj (.text)
                  00005234    00000042     driverlib-cm3.lib : ssi.obj (.text:SSIConfigSetExpClk)
                  00005276    00000042                       : uart.obj (.text:UARTConfigSetExpClk)
                  000052b8    00000040     rtsv7M3_T_le_eabi.lib : signal.obj (.text)
                  000052f8    0000003e     driverlib-cm3.lib : gpio.obj (.text:GPIOIntTypeSet)
                  00005336    00000038     rtsv7M3_T_le_eabi.lib : fs_tod_t2.obj (.text)
                  0000536e    00000038                           : fs_toi_t2.obj (.text)
                  000053a6    00000038                           : i_tofs_t2.obj (.text)
                  000053de    00000002     --HOLE-- [fill = 0]
                  000053e0    00000034     driverlib-cm3.lib : interrupt.obj (.text:IntRegister)
                  00005414    00000034     rtsv7M3_T_le_eabi.lib : boot.obj (.text)
                  00005448    00000034                           : feraiseexcept.obj (.text)
                  0000547c    00000034                           : fs_tou_t2.obj (.text)
                  000054b0    00000032                           : strstr.obj (.text)
                  000054e2    00000030                           : strncpy.obj (.text)
                  00005512    00000002     --HOLE-- [fill = 0]
                  00005514    00000030                           : xferaise.obj (.text)
                  00005544    0000002e                           : i_tofd_t2.obj (.text)
                  00005572    0000002e                           : raise.obj (.text)
                  000055a0    0000002c     driverlib-cm3.lib : adc.obj (.text:ADCIntStatus)
                  000055cc    0000002a                       : adc.obj (.text:ADCSequenceConfigure)
                  000055f6    0000002a                       : gpio.obj (.text:GPIODirModeSet)
                  00005620    00000028                       : timer.obj (.text:TimerConfigure)
                  00005648    00000020     rtsv7M3_T_le_eabi.lib : u_tofd_t2.obj (.text)
                  00005668    0000001e     driverlib-cm3.lib : adc.obj (.text:ADCSequenceDataGet)
                  00005686    00000002     --HOLE-- [fill = 0]
                  00005688    0000001c                       : uart.obj (.text:UARTDisable)
                  000056a4    0000001a                       : adc.obj (.text:ADCProcessorTrigger)
                  000056be    0000001a     rtsv7M3_T_le_eabi.lib : memccpy.obj (.text)
                  000056d8    00000018     driverlib-cm3.lib : gpio.obj (.text:GPIOPortIntRegister)
                  000056f0    00000018     rtsv7M3_T_le_eabi.lib : args_main.obj (.text)
                  00005708    00000018                           : ll_mul_t2.obj (.text)
                  00005720    00000016                           : strchr.obj (.text)
                  00005736    00000002     --HOLE-- [fill = 0]
                  00005738    00000014     driverlib-cm3.lib : systick.obj (.text:SysTickEnable)
                  0000574c    00000014                       : uart.obj (.text:UARTEnable)
                  00005760    00000014     rtsv7M3_T_le_eabi.lib : _lock.obj (.text)
                  00005774    00000014                           : strlen.obj (.text)
                  00005788    00000012     driverlib-cm3.lib : gpio.obj (.text:GPIOPinTypeADC)
                  0000579a    00000012                       : gpio.obj (.text:GPIOPinTypeGPIOOutput)
                  000057ac    00000012                       : gpio.obj (.text:GPIOPinTypeSSI)
                  000057be    00000012                       : gpio.obj (.text:GPIOPinTypeUART)
                  000057d0    00000012                       : ssi.obj (.text:SSIDataGetNonBlocking)
                  000057e2    00000012                       : timer.obj (.text:TimerLoadSet)
                  000057f4    00000012     rtsv7M3_T_le_eabi.lib : copy_zero_init.obj (.text:decompress:ZI)
                  00005806    00000012                           : strcpy.obj (.text)
                  00005818    00000010     driverlib-cm3.lib : systick.obj (.text:SysTickPeriodSet)
                  00005828    0000000e                       : adc.obj (.text:ADCSequenceEnable)
                  00005836    0000000e                       : timer.obj (.text:TimerEnable)
                  00005844    0000000e                       : uart.obj (.text:UARTCharGetNonBlocking)
                  00005852    0000000e     rtsv7M3_T_le_eabi.lib : copy_decompress_none.obj (.text:decompress:none)
                  00005860    0000000e                           : xdclass.obj (.text)
                  0000586e    0000000c     driverlib-cm3.lib : cpu.obj (.text:CPUcpsie)
                  0000587a    0000000c                       : gpio.obj (.text:GPIOPinIntEnable)
                  00005886    00000002     --HOLE-- [fill = 0]
                  00005888    0000000c                       : systick.obj (.text:SysTickValueGet)
                  00005894    0000000c                       : uart.obj (.text:UARTCharsAvail)
                  000058a0    0000000c     lm3s1968_startup_ccs.obj (.text)
                  000058ac    0000000a     driverlib-cm3.lib : adc.obj (.text:ADCIntClear)
                  000058b6    0000000a                       : interrupt.obj (.text:IntMasterEnable)
                  000058c0    0000000a                       : ssi.obj (.text:SSIDataPut)
                  000058ca    0000000a                       : ssi.obj (.text:SSIDisable)
                  000058d4    0000000a                       : ssi.obj (.text:SSIEnable)
                  000058de    0000000a                       : uart.obj (.text:UARTCharPut)
                  000058e8    0000000a                       : uart.obj (.text:UARTFIFOEnable)
                  000058f2    0000000a                       : uart.obj (.text:UARTIntStatus)
                  000058fc    00000008                       : ssi.obj (.text:SSIBusy)
                  00005904    00000008                       : timer.obj (.text:TimerIntEnable)
                  0000590c    00000008                       : uart.obj (.text:UARTIntEnable)
                  00005914    00000006                       : gpio.obj (.text:GPIOPinIntClear)
                  0000591a    00000006                       : gpio.obj (.text:GPIOPinRead)
                  00005920    00000006                       : gpio.obj (.text:GPIOPinWrite)
                  00005926    00000006                       : sysctl.obj (.text:SysCtlDelay)
                  0000592c    00000006     rtsv7M3_T_le_eabi.lib : copy_decompress_rle.obj (.text:decompress:rle24)
                  00005932    00000006                           : atof.obj (.text)
                  00005938    00000004     driverlib-cm3.lib : timer.obj (.text:TimerIntClear)
                  0000593c    00000004                       : uart.obj (.text:UARTIntClear)

.const     0    00005940    000004f8     
                  00005940    000001e0     rit128x96x4.obj (.const:g_pucFont)
                  00005b20    00000102     rtsv7M3_T_le_eabi.lib : ctype.obj (.const:.string:_ctypes_)
                  00005c22    00000006     --HOLE-- [fill = 0]
                  00005c28    00000098                           : strtod.obj (.const)
                  00005cc0    00000070     driverlib-cm3.lib : interrupt.obj (.const)
                  00005d30    0000006c                       : sysctl.obj (.const:g_pulXtals)
                  00005d9c    0000004f     rit128x96x4.obj (.const:.string:g_pucRIT128x96x4Init)
                  00005deb    00000001     --HOLE-- [fill = 0]
                  00005dec    00000040     driverlib-cm3.lib : sysctl.obj (.const)
                  00005e2c    0000000c     rit128x96x4.obj (.const:.string)

.cinit     0    00005e38    000000e0     
                  00005e38    000000a5     (.cinit..data.load) [load image, compression = rle]
                  00005edd    00000003     --HOLE-- [fill = 0]
                  00005ee0    0000000c     (__TI_handler_table)
                  00005eec    00000004     --HOLE-- [fill = 0]
                  00005ef0    00000008     (.cinit..bss.load) [load image, compression = zero_init]
                  00005ef8    00000008     (.cinit..vtable.load) [load image, compression = zero_init]
                  00005f00    00000018     (__TI_cinit_table)

.vtable    0    20000000    0000026c     UNINITIALIZED
                  20000000    0000026c     driverlib-cm3.lib : interrupt.obj (.vtable)

.stack     0    2000026c    00000800     UNINITIALIZED
                  2000026c    00000800     --HOLE--

.sysmem    0    20000a70    00000800     UNINITIALIZED
                  20000a70    00000008     rtsv7M3_T_le_eabi.lib : memory.obj (.sysmem)
                  20000a78    000007f8     --HOLE--

.data      0    20001270    0000022c     UNINITIALIZED
                  20001270    000000b0     rtsv7M3_T_le_eabi.lib : signal.obj (.data:sigtable)
                  20001320    00000080                           : xvalues.obj (.data)
                  200013a0    00000060     data_process.obj (.data)
                  20001400    00000044     debounce.obj (.data)
                  20001444    00000020     main.obj (.data)
                  20001464    0000000c     rtsv7M3_T_le_eabi.lib : memory.obj (.data)
                  20001470    00000008     motor_control.obj (.data)
                  20001478    00000008     rtsv7M3_T_le_eabi.lib : _lock.obj (.data)
                  20001480    00000008                           : exit.obj (.data)
                  20001488    00000008                           : feraiseexcept.obj (.data)
                  20001490    00000004                           : errno.obj (.data)
                  20001494    00000004                           : rand.obj (.data)
                  20001498    00000004                           : stkdepth_vars.obj (.data)

.bss       0    2000149c    00000142     UNINITIALIZED
                  2000149c    00000078     main.obj (.bss:UART_char_data)
                  20001514    00000078     main.obj (.bss:UART_char_data_old)
                  2000158c    00000014     (.common:speed_array)
                  200015a0    00000010     (.common:speed_buffer)
                  200015b0    00000008     (.common:g_pucBuffer)
                  200015b8    00000008     (.common:location)
                  200015c0    00000008     (.common:real_time)
                  200015c8    00000008     (.common:speed_set_data)
                  200015d0    00000004     (.common:flag1)
                  200015d4    00000004     (.common:flag2)
                  200015d8    00000004     (.common:g_ulSSIFlags)
                  200015dc    00000001     (.common:lat)
                  200015dd    00000001     (.common:lon)


LINKER GENERATED COPY TABLES

__TI_cinit_table @ 00005f00 records: 3, size/record: 8, table size: 24
	.data: load addr=00005e38, load size=000000a5 bytes, run addr=20001270, run size=0000022c bytes, compression=rle
	.bss: load addr=00005ef0, load size=00000008 bytes, run addr=2000149c, run size=00000142 bytes, compression=zero_init
	.vtable: load addr=00005ef8, load size=00000008 bytes, run addr=20000000, run size=0000026c bytes, compression=zero_init


LINKER GENERATED HANDLER TABLE

__TI_handler_table @ 00005ee0 records: 3, size/record: 4, table size: 12
	index: 0, handler: __TI_zero_init
	index: 1, handler: __TI_decompress_rle24
	index: 2, handler: __TI_decompress_none


GLOBAL SYMBOLS: SORTED ALPHABETICALLY BY Name 

address    name
--------   ----
000058ad   ADCIntClear
000055a1   ADCIntStatus
000056a5   ADCProcessorTrigger
000055cd   ADCSequenceConfigure
00005669   ADCSequenceDataGet
00005829   ADCSequenceEnable
00004c9f   ADCSequenceStepConfigure
00005169   C$$EXIT
0000586f   CPUcpsie
2000140c   DebCwBut
20001404   DebDownBut
20001408   DebLeftBut
20001410   DebSelectBut
20001400   DebUpBut
000055f7   GPIODirModeSet
000052f9   GPIOIntTypeSet
000047a9   GPIOPadConfigSet
00005915   GPIOPinIntClear
0000587b   GPIOPinIntEnable
0000591b   GPIOPinRead
00005789   GPIOPinTypeADC
0000579b   GPIOPinTypeGPIOOutput
000057ad   GPIOPinTypeSSI
000057bf   GPIOPinTypeUART
00005921   GPIOPinWrite
000056d9   GPIOPortIntRegister
200013f4   HDOP
00004d0d   IntEnable
000058b7   IntMasterEnable
000053e1   IntRegister
00001a15   PinChangeIntHandler
000026b1   RIT128x96x4Clear
0000292f   RIT128x96x4Disable
00002a81   RIT128x96x4DisplayOff
00002a4d   RIT128x96x4DisplayOn
000028d5   RIT128x96x4Enable
0000284d   RIT128x96x4ImageDraw
000029a9   RIT128x96x4Init
0000270d   RIT128x96x4StringDraw
000058a1   ResetISR
UNDEFED    SHT$$INIT_ARRAY$$Base
UNDEFED    SHT$$INIT_ARRAY$$Limit
000058fd   SSIBusy
00005235   SSIConfigSetExpClk
000057d1   SSIDataGetNonBlocking
000058c1   SSIDataPut
000058cb   SSIDisable
000058d5   SSIEnable
00003a99   SysCtlClockGet
00003f6d   SysCtlClockSet
00005927   SysCtlDelay
00004ef5   SysCtlPeripheralEnable
00004a25   SysCtlPeripheralReset
00005739   SysTickEnable
00005819   SysTickPeriodSet
00005889   SysTickValueGet
00001919   Timer0IntHandler
00001db7   Timer1IntHandler
00005621   TimerConfigure
00005837   TimerEnable
00005939   TimerIntClear
00005905   TimerIntEnable
000057e3   TimerLoadSet
00005845   UARTCharGetNonBlocking
000058df   UARTCharPut
00005895   UARTCharsAvail
00005277   UARTConfigSetExpClk
00005689   UARTDisable
0000574d   UARTEnable
000058e9   UARTFIFOEnable
0000593d   UARTIntClear
0000590d   UARTIntEnable
00001b09   UARTIntHandler
000058f3   UARTIntStatus
00002f99   UARTSend
2000149c   UART_char_data
20001514   UART_char_data_old
00005861   _Dclass
20001320   _Denorm
000046e5   _Dnorm
000041ed   _Dscale
000051f1   _Dtest
20001330   _Eps
20001490   _Errno
20001488   _Fenv
00005515   _Feraise
20001340   _Hugeval
20001350   _Inf
20001360   _Nan
20001380   _Rteps
20001370   _Snan
2000148c   _Tls_setup__Fenv
20001390   _Xbig
20001398   _Zero
20000a6c   __STACK_END
00000800   __STACK_SIZE
2000046c   __STACK_TOP
00000800   __SYSMEM_SIZE
00005f00   __TI_CINIT_Base
00005f18   __TI_CINIT_Limit
00005ee0   __TI_Handler_Table_Base
00005eec   __TI_Handler_Table_Limit
00000001   __TI_args_main
000048fd   __TI_auto_init
20001480   __TI_cleanup_ptr
00005853   __TI_decompress_none
0000592d   __TI_decompress_rle24
20001484   __TI_dtors_ptr
00000c5f   __TI_printfi
00000000   __TI_static_base__
000057f5   __TI_zero_init
00004ab1   __aeabi_cdcmpeq
00004ab1   __aeabi_cdcmple
00004b2f   __aeabi_cdrcmple
00004d75   __aeabi_cfcmpeq
00004d75   __aeabi_cfcmple
00004dd5   __aeabi_cfrcmple
00005091   __aeabi_d2f
000050db   __aeabi_d2iz
000051ad   __aeabi_d2uiz
00003c6b   __aeabi_dadd
000040b5   __aeabi_ddiv
000043f9   __aeabi_dmul
00003c61   __aeabi_dsub
00005337   __aeabi_f2d
0000536f   __aeabi_f2iz
0000547d   __aeabi_f2uiz
000044f9   __aeabi_fadd
00004991   __aeabi_fdiv
00004bad   __aeabi_fmul
000044f5   __aeabi_fsub
00005545   __aeabi_i2d
000053a7   __aeabi_i2f
00005709   __aeabi_lmul
00004c27   __aeabi_memclr
00004c27   __aeabi_memclr4
00004c27   __aeabi_memclr8
00004861   __aeabi_memcpy
00004861   __aeabi_memcpy4
00004861   __aeabi_memcpy8
00004c29   __aeabi_memset
00004c29   __aeabi_memset4
00004c29   __aeabi_memset8
00005649   __aeabi_ui2d
000038a5   __aeabi_uldivmod
ffffffff   __binit__
ffffffff   __c_args__
2000026c   __stack
000056f1   _args_main
00005415   _c_int00
00005b20   _ctypes_
20001478   _lock
0000576f   _nop
00005767   _register_lock
00005761   _register_unlock
20000a70   _sys_memory
2000147c   _unlock
0000516d   abort
200013b0   acceleration
200013fc   altitude
00001ca1   analysis_speed
200013ac   angle
00005933   atof
00004fad   atoi
00004ff9   atol
ffffffff   binit
00003355   bit_check
200013a4   buffed_speed
200013a8   buffed_speed_1_old
0000314d   button_choker
20001440   button_pressed
0000102d   calculate_accleration
00000f9d   calculate_distance
00002e4d   calloc
0000207d   clearDisplay
00005125   copy_in
200013ec   count
00003175   debounce_button
0000109d   decode_GGA
000014c9   decode_RMC
0000238d   display
200013bc   distance
20001444   encoder_1
20001448   encoder_2
000021cd   enter_fuel_display
00005175   exit
00005449   feraiseexcept
200013d0   fix
200013e8   fixquality
200015d0   flag1
200015d4   flag2
00003e19   fmod
00002ba7   free
20000000   g_pfnRAMVectors
00000000   g_pfnVectors
200013f8   geoidheight
00000f69   get_speed
2000145c   index
00002f59   initADC
000030b5   initCircBuf
00002ec1   initClock
00002fe1   initConsole
00002f4f   initDisplay
00002ed7   initGPIO
00002efb   initPin
0000304d   initTimer
0000211b   init_password
000046a5   init_set_speed
000030df   init_set_speed_data
2000143c   last_debounce
200013f0   last_time
200015dc   lat
200013b4   latitude
200013c8   latitudeDegrees
200013c0   latitude_fixed
200015b8   location
200015dd   lon
200013b8   longitude
200013cc   longitudeDegrees
200013c4   longitude_fixed
00004f51   ltoa
00001e71   main
20001498   main_func_sp
00002b45   malloc
00001ce1   max_acc_func
00002d6d   memalign
000056bf   memccpy
00004861   memcpy
00004c2f   memset
00002ab9   minit
000022a9   no_fix_screen
00002085   password_display
2000144c   prev_state
00005573   raise
0000505b   rand
00001d09   random_at_most
20001420   raw_cw
20001434   raw_cw_p
20001414   raw_down
20001428   raw_down_p
2000141c   raw_left
20001430   raw_left_p
20001424   raw_select
20001438   raw_select_p
20001418   raw_up
2000142c   raw_up_p
00001019   read_acceleration
00001b3d   read_button_screen
20001460   read_data
00000f97   read_distance
00000f8b   read_fix
00000f81   read_location
00000f91   read_quality
00000f7b   read_satillite
000045f1   read_speed
00000f6f   read_time
200015c0   real_time
00002c67   realloc
00002e85   reset_peripheral
000032a7   return_button
00002213   review_fuel_display
00001dc3   run_adc
200013e9   satellites
20001458   select_prev
00001bb5   select_read
00001bf5   send_data
00001d59   send_info
00004615   set_speed
00002133   set_speed_display
000052b9   signal
200013a0   speed
2000158c   speed_array
000046ab   speed_feedback
200015c8   speed_set_data
00001955   split_data
00004e35   sprintf
00005045   srand
00003585   step
00003517   step_mode_return
0000360b   step_motor_control
00003409   stepper_motor
0000351d   stepper_motor_off
00003549   stepper_system
00001ab9   store_char
00001c69   store_speed
00005721   strchr
00005807   strcpy
00005775   strlen
000054e3   strncpy
000054b1   strstr
0000366d   strtod
20001454   thing
20001474   thisStep
200013d4   time_array
20001470   time_last
20001450   time_last_2
000018d9   update_array


GLOBAL SYMBOLS: SORTED BY Symbol Address 

address    name
--------   ----
00000000   __TI_static_base__
00000000   g_pfnVectors
00000001   __TI_args_main
00000800   __STACK_SIZE
00000800   __SYSMEM_SIZE
00000c5f   __TI_printfi
00000f69   get_speed
00000f6f   read_time
00000f7b   read_satillite
00000f81   read_location
00000f8b   read_fix
00000f91   read_quality
00000f97   read_distance
00000f9d   calculate_distance
00001019   read_acceleration
0000102d   calculate_accleration
0000109d   decode_GGA
000014c9   decode_RMC
000018d9   update_array
00001919   Timer0IntHandler
00001955   split_data
00001a15   PinChangeIntHandler
00001ab9   store_char
00001b09   UARTIntHandler
00001b3d   read_button_screen
00001bb5   select_read
00001bf5   send_data
00001c69   store_speed
00001ca1   analysis_speed
00001ce1   max_acc_func
00001d09   random_at_most
00001d59   send_info
00001db7   Timer1IntHandler
00001dc3   run_adc
00001e71   main
0000207d   clearDisplay
00002085   password_display
0000211b   init_password
00002133   set_speed_display
000021cd   enter_fuel_display
00002213   review_fuel_display
000022a9   no_fix_screen
0000238d   display
000026b1   RIT128x96x4Clear
0000270d   RIT128x96x4StringDraw
0000284d   RIT128x96x4ImageDraw
000028d5   RIT128x96x4Enable
0000292f   RIT128x96x4Disable
000029a9   RIT128x96x4Init
00002a4d   RIT128x96x4DisplayOn
00002a81   RIT128x96x4DisplayOff
00002ab9   minit
00002b45   malloc
00002ba7   free
00002c67   realloc
00002d6d   memalign
00002e4d   calloc
00002e85   reset_peripheral
00002ec1   initClock
00002ed7   initGPIO
00002efb   initPin
00002f4f   initDisplay
00002f59   initADC
00002f99   UARTSend
00002fe1   initConsole
0000304d   initTimer
000030b5   initCircBuf
000030df   init_set_speed_data
0000314d   button_choker
00003175   debounce_button
000032a7   return_button
00003355   bit_check
00003409   stepper_motor
00003517   step_mode_return
0000351d   stepper_motor_off
00003549   stepper_system
00003585   step
0000360b   step_motor_control
0000366d   strtod
000038a5   __aeabi_uldivmod
00003a99   SysCtlClockGet
00003c61   __aeabi_dsub
00003c6b   __aeabi_dadd
00003e19   fmod
00003f6d   SysCtlClockSet
000040b5   __aeabi_ddiv
000041ed   _Dscale
000043f9   __aeabi_dmul
000044f5   __aeabi_fsub
000044f9   __aeabi_fadd
000045f1   read_speed
00004615   set_speed
000046a5   init_set_speed
000046ab   speed_feedback
000046e5   _Dnorm
000047a9   GPIOPadConfigSet
00004861   __aeabi_memcpy
00004861   __aeabi_memcpy4
00004861   __aeabi_memcpy8
00004861   memcpy
000048fd   __TI_auto_init
00004991   __aeabi_fdiv
00004a25   SysCtlPeripheralReset
00004ab1   __aeabi_cdcmpeq
00004ab1   __aeabi_cdcmple
00004b2f   __aeabi_cdrcmple
00004bad   __aeabi_fmul
00004c27   __aeabi_memclr
00004c27   __aeabi_memclr4
00004c27   __aeabi_memclr8
00004c29   __aeabi_memset
00004c29   __aeabi_memset4
00004c29   __aeabi_memset8
00004c2f   memset
00004c9f   ADCSequenceStepConfigure
00004d0d   IntEnable
00004d75   __aeabi_cfcmpeq
00004d75   __aeabi_cfcmple
00004dd5   __aeabi_cfrcmple
00004e35   sprintf
00004ef5   SysCtlPeripheralEnable
00004f51   ltoa
00004fad   atoi
00004ff9   atol
00005045   srand
0000505b   rand
00005091   __aeabi_d2f
000050db   __aeabi_d2iz
00005125   copy_in
00005169   C$$EXIT
0000516d   abort
00005175   exit
000051ad   __aeabi_d2uiz
000051f1   _Dtest
00005235   SSIConfigSetExpClk
00005277   UARTConfigSetExpClk
000052b9   signal
000052f9   GPIOIntTypeSet
00005337   __aeabi_f2d
0000536f   __aeabi_f2iz
000053a7   __aeabi_i2f
000053e1   IntRegister
00005415   _c_int00
00005449   feraiseexcept
0000547d   __aeabi_f2uiz
000054b1   strstr
000054e3   strncpy
00005515   _Feraise
00005545   __aeabi_i2d
00005573   raise
000055a1   ADCIntStatus
000055cd   ADCSequenceConfigure
000055f7   GPIODirModeSet
00005621   TimerConfigure
00005649   __aeabi_ui2d
00005669   ADCSequenceDataGet
00005689   UARTDisable
000056a5   ADCProcessorTrigger
000056bf   memccpy
000056d9   GPIOPortIntRegister
000056f1   _args_main
00005709   __aeabi_lmul
00005721   strchr
00005739   SysTickEnable
0000574d   UARTEnable
00005761   _register_unlock
00005767   _register_lock
0000576f   _nop
00005775   strlen
00005789   GPIOPinTypeADC
0000579b   GPIOPinTypeGPIOOutput
000057ad   GPIOPinTypeSSI
000057bf   GPIOPinTypeUART
000057d1   SSIDataGetNonBlocking
000057e3   TimerLoadSet
000057f5   __TI_zero_init
00005807   strcpy
00005819   SysTickPeriodSet
00005829   ADCSequenceEnable
00005837   TimerEnable
00005845   UARTCharGetNonBlocking
00005853   __TI_decompress_none
00005861   _Dclass
0000586f   CPUcpsie
0000587b   GPIOPinIntEnable
00005889   SysTickValueGet
00005895   UARTCharsAvail
000058a1   ResetISR
000058ad   ADCIntClear
000058b7   IntMasterEnable
000058c1   SSIDataPut
000058cb   SSIDisable
000058d5   SSIEnable
000058df   UARTCharPut
000058e9   UARTFIFOEnable
000058f3   UARTIntStatus
000058fd   SSIBusy
00005905   TimerIntEnable
0000590d   UARTIntEnable
00005915   GPIOPinIntClear
0000591b   GPIOPinRead
00005921   GPIOPinWrite
00005927   SysCtlDelay
0000592d   __TI_decompress_rle24
00005933   atof
00005939   TimerIntClear
0000593d   UARTIntClear
00005b20   _ctypes_
00005ee0   __TI_Handler_Table_Base
00005eec   __TI_Handler_Table_Limit
00005f00   __TI_CINIT_Base
00005f18   __TI_CINIT_Limit
20000000   g_pfnRAMVectors
2000026c   __stack
2000046c   __STACK_TOP
20000a6c   __STACK_END
20000a70   _sys_memory
20001320   _Denorm
20001330   _Eps
20001340   _Hugeval
20001350   _Inf
20001360   _Nan
20001370   _Snan
20001380   _Rteps
20001390   _Xbig
20001398   _Zero
200013a0   speed
200013a4   buffed_speed
200013a8   buffed_speed_1_old
200013ac   angle
200013b0   acceleration
200013b4   latitude
200013b8   longitude
200013bc   distance
200013c0   latitude_fixed
200013c4   longitude_fixed
200013c8   latitudeDegrees
200013cc   longitudeDegrees
200013d0   fix
200013d4   time_array
200013e8   fixquality
200013e9   satellites
200013ec   count
200013f0   last_time
200013f4   HDOP
200013f8   geoidheight
200013fc   altitude
20001400   DebUpBut
20001404   DebDownBut
20001408   DebLeftBut
2000140c   DebCwBut
20001410   DebSelectBut
20001414   raw_down
20001418   raw_up
2000141c   raw_left
20001420   raw_cw
20001424   raw_select
20001428   raw_down_p
2000142c   raw_up_p
20001430   raw_left_p
20001434   raw_cw_p
20001438   raw_select_p
2000143c   last_debounce
20001440   button_pressed
20001444   encoder_1
20001448   encoder_2
2000144c   prev_state
20001450   time_last_2
20001454   thing
20001458   select_prev
2000145c   index
20001460   read_data
20001470   time_last
20001474   thisStep
20001478   _lock
2000147c   _unlock
20001480   __TI_cleanup_ptr
20001484   __TI_dtors_ptr
20001488   _Fenv
2000148c   _Tls_setup__Fenv
20001490   _Errno
20001498   main_func_sp
2000149c   UART_char_data
20001514   UART_char_data_old
2000158c   speed_array
200015b8   location
200015c0   real_time
200015c8   speed_set_data
200015d0   flag1
200015d4   flag2
200015dc   lat
200015dd   lon
ffffffff   __binit__
ffffffff   __c_args__
ffffffff   binit
UNDEFED    SHT$$INIT_ARRAY$$Base
UNDEFED    SHT$$INIT_ARRAY$$Limit

[297 symbols]
