******************************************************************************
                  TI ARM Linker PC v5.1.1                      
******************************************************************************
>> Linked Sat Oct 17 10:43:07 2015

OUTPUT FILE NAME:   <c_control.out>
ENTRY POINT SYMBOL: "_c_int00"  address: 000061ed


MEMORY CONFIGURATION

         name            origin    length      used     unused   attr    fill
----------------------  --------  ---------  --------  --------  ----  --------
  FLASH                 00000000   00040000  00006d90  00039270  R  X
  SRAM                  20000000   00010000  000015c2  0000ea3e  RW X


SEGMENT ALLOCATION MAP

run origin  load origin   length   init length attrs members
----------  ----------- ---------- ----------- ----- -------
00000000    00000000    00006d98   00006d98    r-x
  00000000    00000000    000000f0   000000f0    r-- .intvecs
  000000f0    000000f0    00006574   00006574    r-x .text
  00006668    00006668    00000654   00000654    r-- .const
  00006cc0    00006cc0    000000d8   000000d8    r-- .cinit
20000000    20000000    000015c6   00000000    rw-
  20000000    20000000    0000026c   00000000    rw- .vtable
  2000026c    2000026c    00000800   00000000    rw- .stack
  20000a70    20000a70    00000800   00000000    rw- .sysmem
  20001270    20001270    00000220   00000000    rw- .data
  20001490    20001490    00000136   00000000    rw- .bss


SECTION ALLOCATION MAP

 output                                  attributes/
section   page    origin      length       input sections
--------  ----  ----------  ----------   ----------------
.intvecs   0    00000000    000000f0     
                  00000000    000000f0     lm3s1968_startup_ccs.obj (.intvecs)

.init_array 
*          0    00000000    00000000     UNINITIALIZED

.text      0    000000f0    00006574     
                  000000f0    00000e78     rtsv7M3_T_le_eabi.lib : _printfi.obj (.text)
                  00000f68    00000aac     data_process.obj (.text)
                  00001a14    00000850     speed.obj (.text)
                  00002264    00000546     display.obj (.text)
                  000027aa    00000002     --HOLE-- [fill = 0]
                  000027ac    00000510     rit128x96x4.obj (.text)
                  00002cbc    00000480     main.obj (.text)
                  0000313c    000003cc     rtsv7M3_T_le_eabi.lib : memory.obj (.text)
                  00003508    000002bc     debounce.obj (.text)
                  000037c4    00000294     rtsv7M3_T_le_eabi.lib : xsin.obj (.text)
                  00003a58    00000270     motor_control.obj (.text)
                  00003cc8    00000238     rtsv7M3_T_le_eabi.lib : strtod.obj (.text)
                  00003f00    00000238                           : tan.obj (.text)
                  00004138    0000020c     init.obj (.text)
                  00004344    000001f4     rtsv7M3_T_le_eabi.lib : ull_div_t2.obj (.text)
                  00004538    000001c8     driverlib-cm3.lib : sysctl.obj (.text:SysCtlClockGet)
                  00004700    000001b6     rtsv7M3_T_le_eabi.lib : fd_add_t2.obj (.text)
                  000048b6    00000002     --HOLE-- [fill = 0]
                  000048b8    00000190                           : xatan.obj (.text)
                  00004a48    00000154                           : fmod.obj (.text)
                  00004b9c    00000148     driverlib-cm3.lib : sysctl.obj (.text:SysCtlClockSet)
                  00004ce4    00000140     rtsv7M3_T_le_eabi.lib : sqrt.obj (.text)
                  00004e24    00000136                           : fd_div_t2.obj (.text)
                  00004f5a    00000002     --HOLE-- [fill = 0]
                  00004f5c    00000110                           : xdscale.obj (.text)
                  0000506c    00000104                           : atan2.obj (.text)
                  00005170    000000fc     driverlib-cm3.lib : gpio.obj (.text:GPIOGetIntNumber)
                  0000526c    000000fc     rtsv7M3_T_le_eabi.lib : fd_mul_t2.obj (.text)
                  00005368    000000fa                           : fs_add_t2.obj (.text)
                  00005462    000000c4                           : xdnorm.obj (.text)
                  00005526    000000b8     driverlib-cm3.lib : gpio.obj (.text:GPIOPadConfigSet)
                  000055de    00000002     --HOLE-- [fill = 0]
                  000055e0    000000ac     rtsv7M3_T_le_eabi.lib : atan.obj (.text)
                  0000568c    0000009c                           : memcpy_t2.obj (.text)
                  00005728    00000094                           : auto_init.obj (.text)
                  000057bc    00000092                           : fs_div_t2.obj (.text)
                  0000584e    00000002     --HOLE-- [fill = 0]
                  00005850    0000008c     driverlib-cm3.lib : sysctl.obj (.text:SysCtlPeripheralReset)
                  000058dc    0000007e     rtsv7M3_T_le_eabi.lib : fd_cmp_t2.obj (.text:__aeabi_cdcmple)
                  0000595a    0000007e                           : fd_cmp_t2.obj (.text:__aeabi_cdrcmple)
                  000059d8    0000007a                           : fs_mul_t2.obj (.text)
                  00005a52    00000078                           : memset_t2.obj (.text)
                  00005aca    00000002     --HOLE-- [fill = 0]
                  00005acc    00000068     driverlib-cm3.lib : interrupt.obj (.text:IntEnable)
                  00005b34    00000064     rtsv7M3_T_le_eabi.lib : xdunscal.obj (.text)
                  00005b98    00000060                           : fs_cmp_t2.obj (.text:__aeabi_cfcmple)
                  00005bf8    00000060                           : fs_cmp_t2.obj (.text:__aeabi_cfrcmple)
                  00005c58    00000060                           : sprintf.obj (.text)
                  00005cb8    0000005e                           : copy_decompress_rle.obj (.text)
                  00005d16    00000002     --HOLE-- [fill = 0]
                  00005d18    0000005c     driverlib-cm3.lib : sysctl.obj (.text:SysCtlPeripheralEnable)
                  00005d74    0000005a     rtsv7M3_T_le_eabi.lib : ltoa.obj (.text)
                  00005dce    00000002     --HOLE-- [fill = 0]
                  00005dd0    0000004c                           : atoi.obj (.text)
                  00005e1c    0000004c                           : atol.obj (.text)
                  00005e68    0000004a                           : fd_tos_t2.obj (.text)
                  00005eb2    00000048                           : fd_toi_t2.obj (.text)
                  00005efa    00000002     --HOLE-- [fill = 0]
                  00005efc    00000044                           : cpy_tbl.obj (.text)
                  00005f40    00000044                           : exit.obj (.text)
                  00005f84    00000044                           : fd_tou_t2.obj (.text)
                  00005fc8    00000044                           : xdtest.obj (.text)
                  0000600c    00000042     driverlib-cm3.lib : ssi.obj (.text:SSIConfigSetExpClk)
                  0000604e    00000042                       : uart.obj (.text:UARTConfigSetExpClk)
                  00006090    00000040     rtsv7M3_T_le_eabi.lib : signal.obj (.text)
                  000060d0    0000003e     driverlib-cm3.lib : gpio.obj (.text:GPIOIntTypeSet)
                  0000610e    00000038     rtsv7M3_T_le_eabi.lib : fs_tod_t2.obj (.text)
                  00006146    00000038                           : fs_toi_t2.obj (.text)
                  0000617e    00000038                           : i_tofs_t2.obj (.text)
                  000061b6    00000002     --HOLE-- [fill = 0]
                  000061b8    00000034     driverlib-cm3.lib : interrupt.obj (.text:IntRegister)
                  000061ec    00000034     rtsv7M3_T_le_eabi.lib : boot.obj (.text)
                  00006220    00000034                           : feraiseexcept.obj (.text)
                  00006254    00000034                           : fs_tou_t2.obj (.text)
                  00006288    00000032                           : strstr.obj (.text)
                  000062ba    00000030                           : strncpy.obj (.text)
                  000062ea    00000002     --HOLE-- [fill = 0]
                  000062ec    00000030                           : xferaise.obj (.text)
                  0000631c    0000002e                           : i_tofd_t2.obj (.text)
                  0000634a    0000002e                           : raise.obj (.text)
                  00006378    0000002a     driverlib-cm3.lib : gpio.obj (.text:GPIODirModeSet)
                  000063a2    00000002     --HOLE-- [fill = 0]
                  000063a4    00000028                       : timer.obj (.text:TimerConfigure)
                  000063cc    00000020     rtsv7M3_T_le_eabi.lib : u_tofd_t2.obj (.text)
                  000063ec    0000001c     driverlib-cm3.lib : uart.obj (.text:UARTDisable)
                  00006408    0000001a     rtsv7M3_T_le_eabi.lib : memccpy.obj (.text)
                  00006422    00000018     driverlib-cm3.lib : gpio.obj (.text:GPIOPortIntRegister)
                  0000643a    00000002     --HOLE-- [fill = 0]
                  0000643c    00000018     rtsv7M3_T_le_eabi.lib : args_main.obj (.text)
                  00006454    00000018                           : ll_mul_t2.obj (.text)
                  0000646c    00000016                           : strchr.obj (.text)
                  00006482    00000002     --HOLE-- [fill = 0]
                  00006484    00000014     driverlib-cm3.lib : systick.obj (.text:SysTickEnable)
                  00006498    00000014                       : uart.obj (.text:UARTEnable)
                  000064ac    00000014     rtsv7M3_T_le_eabi.lib : _lock.obj (.text)
                  000064c0    00000014                           : strlen.obj (.text)
                  000064d4    00000012     driverlib-cm3.lib : gpio.obj (.text:GPIOPinTypeGPIOOutput)
                  000064e6    00000012                       : gpio.obj (.text:GPIOPinTypeSSI)
                  000064f8    00000012                       : gpio.obj (.text:GPIOPinTypeUART)
                  0000650a    00000012                       : ssi.obj (.text:SSIDataGetNonBlocking)
                  0000651c    00000012                       : timer.obj (.text:TimerLoadSet)
                  0000652e    00000012     rtsv7M3_T_le_eabi.lib : copy_zero_init.obj (.text:decompress:ZI)
                  00006540    00000012                           : strcpy.obj (.text)
                  00006552    00000002     --HOLE-- [fill = 0]
                  00006554    00000010     driverlib-cm3.lib : systick.obj (.text:SysTickPeriodSet)
                  00006564    0000000e                       : timer.obj (.text:TimerEnable)
                  00006572    0000000e                       : uart.obj (.text:UARTCharGetNonBlocking)
                  00006580    0000000e     rtsv7M3_T_le_eabi.lib : copy_decompress_none.obj (.text:decompress:none)
                  0000658e    0000000e                           : xdclass.obj (.text)
                  0000659c    0000000c     driverlib-cm3.lib : cpu.obj (.text:CPUcpsie)
                  000065a8    0000000c                       : gpio.obj (.text:GPIOPinIntEnable)
                  000065b4    0000000c                       : systick.obj (.text:SysTickValueGet)
                  000065c0    0000000c                       : uart.obj (.text:UARTCharsAvail)
                  000065cc    0000000c     lm3s1968_startup_ccs.obj (.text)
                  000065d8    0000000a     driverlib-cm3.lib : interrupt.obj (.text:IntMasterEnable)
                  000065e2    0000000a                       : ssi.obj (.text:SSIDataPut)
                  000065ec    0000000a                       : ssi.obj (.text:SSIDisable)
                  000065f6    0000000a                       : ssi.obj (.text:SSIEnable)
                  00006600    0000000a                       : uart.obj (.text:UARTCharPut)
                  0000660a    0000000a                       : uart.obj (.text:UARTIntStatus)
                  00006614    00000008                       : ssi.obj (.text:SSIBusy)
                  0000661c    00000008                       : timer.obj (.text:TimerIntEnable)
                  00006624    00000008                       : uart.obj (.text:UARTIntEnable)
                  0000662c    00000006                       : gpio.obj (.text:GPIOPinIntClear)
                  00006632    00000006                       : gpio.obj (.text:GPIOPinRead)
                  00006638    00000006                       : gpio.obj (.text:GPIOPinWrite)
                  0000663e    00000006                       : sysctl.obj (.text:SysCtlDelay)
                  00006644    00000006     rtsv7M3_T_le_eabi.lib : copy_decompress_rle.obj (.text:decompress:rle24)
                  0000664a    00000006                           : atof.obj (.text)
                  00006650    00000006                           : cos.obj (.text)
                  00006656    00000006                           : sin.obj (.text)
                  0000665c    00000004     driverlib-cm3.lib : timer.obj (.text:TimerIntClear)
                  00006660    00000004                       : uart.obj (.text:UARTIntClear)

.const     0    00006668    00000654     
                  00006668    000001e0     rit128x96x4.obj (.const:g_pucFont)
                  00006848    00000102     rtsv7M3_T_le_eabi.lib : ctype.obj (.const:.string:_ctypes_)
                  0000694a    00000006     --HOLE-- [fill = 0]
                  00006950    00000098                           : strtod.obj (.const)
                  000069e8    00000088                           : xatan.obj (.const)
                  00006a70    00000080                           : xsin.obj (.const)
                  00006af0    00000070     driverlib-cm3.lib : interrupt.obj (.const)
                  00006b60    0000006c                       : sysctl.obj (.const:g_pulXtals)
                  00006bcc    00000004     --HOLE-- [fill = 0]
                  00006bd0    00000050     rtsv7M3_T_le_eabi.lib : tan.obj (.const)
                  00006c20    0000004f     rit128x96x4.obj (.const:.string:g_pucRIT128x96x4Init)
                  00006c6f    00000001     --HOLE-- [fill = 0]
                  00006c70    00000040     driverlib-cm3.lib : sysctl.obj (.const)
                  00006cb0    0000000c     rit128x96x4.obj (.const:.string)

.cinit     0    00006cc0    000000d8     
                  00006cc0    000000a1     (.cinit..data.load) [load image, compression = rle]
                  00006d61    00000003     --HOLE-- [fill = 0]
                  00006d64    0000000c     (__TI_handler_table)
                  00006d70    00000008     (.cinit..bss.load) [load image, compression = zero_init]
                  00006d78    00000008     (.cinit..vtable.load) [load image, compression = zero_init]
                  00006d80    00000018     (__TI_cinit_table)

.vtable    0    20000000    0000026c     UNINITIALIZED
                  20000000    0000026c     driverlib-cm3.lib : interrupt.obj (.vtable)

.stack     0    2000026c    00000800     UNINITIALIZED
                  2000026c    00000800     --HOLE--

.sysmem    0    20000a70    00000800     UNINITIALIZED
                  20000a70    00000008     rtsv7M3_T_le_eabi.lib : memory.obj (.sysmem)
                  20000a78    000007f8     --HOLE--

.data      0    20001270    00000220     UNINITIALIZED
                  20001270    000000b0     rtsv7M3_T_le_eabi.lib : signal.obj (.data:sigtable)
                  20001320    00000080                           : xvalues.obj (.data)
                  200013a0    00000060     data_process.obj (.data)
                  20001400    00000044     debounce.obj (.data)
                  20001444    00000018     main.obj (.data)
                  2000145c    0000000c     rtsv7M3_T_le_eabi.lib : memory.obj (.data)
                  20001468    00000008     motor_control.obj (.data)
                  20001470    00000008     rtsv7M3_T_le_eabi.lib : _lock.obj (.data)
                  20001478    00000008                           : exit.obj (.data)
                  20001480    00000008                           : feraiseexcept.obj (.data)
                  20001488    00000004                           : errno.obj (.data)
                  2000148c    00000004                           : stkdepth_vars.obj (.data)

.bss       0    20001490    00000136     UNINITIALIZED
                  20001490    00000078     main.obj (.bss:UART_char_data)
                  20001508    00000078     main.obj (.bss:UART_char_data_old)
                  20001580    00000014     (.common:speed_array)
                  20001594    00000010     (.common:speed_buffer)
                  200015a4    00000008     (.common:g_pucBuffer)
                  200015ac    00000008     (.common:location)
                  200015b4    00000008     (.common:real_time)
                  200015bc    00000004     (.common:flag1)
                  200015c0    00000004     (.common:g_ulSSIFlags)
                  200015c4    00000001     (.common:lat)
                  200015c5    00000001     (.common:lon)


LINKER GENERATED COPY TABLES

__TI_cinit_table @ 00006d80 records: 3, size/record: 8, table size: 24
	.data: load addr=00006cc0, load size=000000a1 bytes, run addr=20001270, run size=00000220 bytes, compression=rle
	.bss: load addr=00006d70, load size=00000008 bytes, run addr=20001490, run size=00000136 bytes, compression=zero_init
	.vtable: load addr=00006d78, load size=00000008 bytes, run addr=20000000, run size=0000026c bytes, compression=zero_init


LINKER GENERATED HANDLER TABLE

__TI_handler_table @ 00006d64 records: 3, size/record: 4, table size: 12
	index: 0, handler: __TI_zero_init
	index: 1, handler: __TI_decompress_rle24
	index: 2, handler: __TI_decompress_none


GLOBAL SYMBOLS: SORTED ALPHABETICALLY BY Name 

address    name
--------   ----
00005f41   C$$EXIT
0000659d   CPUcpsie
2000140c   DebCwBut
20001404   DebDownBut
20001408   DebLeftBut
20001410   DebSelectBut
20001400   DebUpBut
00006379   GPIODirModeSet
000060d1   GPIOIntTypeSet
00005527   GPIOPadConfigSet
0000662d   GPIOPinIntClear
000065a9   GPIOPinIntEnable
00006633   GPIOPinRead
000064d5   GPIOPinTypeGPIOOutput
000064e7   GPIOPinTypeSSI
000064f9   GPIOPinTypeUART
00006639   GPIOPinWrite
00006423   GPIOPortIntRegister
200013f4   HDOP
00005acd   IntEnable
000065d9   IntMasterEnable
000061b9   IntRegister
00002cbd   PinChangeIntHandler
000028b5   RIT128x96x4Clear
00002b33   RIT128x96x4Disable
00002c85   RIT128x96x4DisplayOff
00002c51   RIT128x96x4DisplayOn
00002ad9   RIT128x96x4Enable
00002a51   RIT128x96x4ImageDraw
00002bad   RIT128x96x4Init
00002911   RIT128x96x4StringDraw
000065cd   ResetISR
UNDEFED    SHT$$INIT_ARRAY$$Base
UNDEFED    SHT$$INIT_ARRAY$$Limit
00006615   SSIBusy
0000600d   SSIConfigSetExpClk
0000650b   SSIDataGetNonBlocking
000065e3   SSIDataPut
000065ed   SSIDisable
000065f7   SSIEnable
00004539   SysCtlClockGet
00004b9d   SysCtlClockSet
0000663f   SysCtlDelay
00005d19   SysCtlPeripheralEnable
00005851   SysCtlPeripheralReset
00006485   SysTickEnable
00006555   SysTickPeriodSet
000065b5   SysTickValueGet
00001919   Timer0IntHandler
00003c97   Timer1IntHandler
000063a5   TimerConfigure
00006565   TimerEnable
0000665d   TimerIntClear
0000661d   TimerIntEnable
0000651d   TimerLoadSet
00006573   UARTCharGetNonBlocking
00006601   UARTCharPut
000065c1   UARTCharsAvail
0000604f   UARTConfigSetExpClk
000063ed   UARTDisable
00006499   UARTEnable
00006661   UARTIntClear
00006625   UARTIntEnable
00002db1   UARTIntHandler
0000660b   UARTIntStatus
0000420d   UARTSend
20001490   UART_char_data
20001508   UART_char_data_old
000048b9   _Atan
0000658f   _Dclass
20001320   _Denorm
00005463   _Dnorm
00004f5d   _Dscale
00005fc9   _Dtest
00005b35   _Dunscale
20001330   _Eps
20001488   _Errno
20001480   _Fenv
000062ed   _Feraise
20001340   _Hugeval
20001350   _Inf
20001360   _Nan
20001380   _Rteps
000037c5   _Sin
20001370   _Snan
20001484   _Tls_setup__Fenv
20001390   _Xbig
20001398   _Zero
20000a6c   __STACK_END
00000800   __STACK_SIZE
2000046c   __STACK_TOP
00000800   __SYSMEM_SIZE
00006d80   __TI_CINIT_Base
00006d98   __TI_CINIT_Limit
00006d64   __TI_Handler_Table_Base
00006d70   __TI_Handler_Table_Limit
00000001   __TI_args_main
00005729   __TI_auto_init
20001478   __TI_cleanup_ptr
00006581   __TI_decompress_none
00006645   __TI_decompress_rle24
2000147c   __TI_dtors_ptr
00000c5f   __TI_printfi
00000000   __TI_static_base__
0000652f   __TI_zero_init
000058dd   __aeabi_cdcmpeq
000058dd   __aeabi_cdcmple
0000595b   __aeabi_cdrcmple
00005b99   __aeabi_cfcmpeq
00005b99   __aeabi_cfcmple
00005bf9   __aeabi_cfrcmple
00005e69   __aeabi_d2f
00005eb3   __aeabi_d2iz
00005f85   __aeabi_d2uiz
0000470b   __aeabi_dadd
00004e25   __aeabi_ddiv
0000526d   __aeabi_dmul
00004701   __aeabi_dsub
0000610f   __aeabi_f2d
00006147   __aeabi_f2iz
00006255   __aeabi_f2uiz
0000536d   __aeabi_fadd
000057bd   __aeabi_fdiv
000059d9   __aeabi_fmul
00005369   __aeabi_fsub
0000631d   __aeabi_i2d
0000617f   __aeabi_i2f
00006455   __aeabi_lmul
00005a53   __aeabi_memclr
00005a53   __aeabi_memclr4
00005a53   __aeabi_memclr8
0000568d   __aeabi_memcpy
0000568d   __aeabi_memcpy4
0000568d   __aeabi_memcpy8
00005a55   __aeabi_memset
00005a55   __aeabi_memset4
00005a55   __aeabi_memset8
000063cd   __aeabi_ui2d
00004345   __aeabi_uldivmod
ffffffff   __binit__
ffffffff   __c_args__
2000026c   __stack
0000643d   _args_main
000061ed   _c_int00
00006848   _ctypes_
20001470   _lock
000064bb   _nop
000064b3   _register_lock
000064ad   _register_unlock
20000a70   _sys_memory
20001474   _unlock
00005f45   abort
200013b0   acceleration
200013fc   altitude
00002efd   analysis_speed
200013ac   angle
000055e1   atan
0000506d   atan2
0000664b   atof
00005dd1   atoi
00005e1d   atol
ffffffff   binit
00003711   bit_check
200013a4   buffed_speed
200013a8   buffed_speed_1_old
00003509   button_choker
20001440   button_pressed
0000102d   calculate_accleration
00000f9d   calculate_distance
000034d1   calloc
00002265   clearDisplay
00005efd   copy_in
00006651   cos
200013ec   count
00003531   debounce_button
0000109d   decode_GGA
000014c9   decode_RMC
0000257d   display
200013bc   distance
20001444   encoder_1
20001448   encoder_2
000023b5   enter_fuel_display
00005f4d   exit
00006221   feraiseexcept
200013d0   fix
200013e8   fixquality
200015bc   flag1
00004a49   fmod
0000322b   free
20000000   g_pfnRAMVectors
00000000   g_pfnVectors
200013f8   geoidheight
00001b09   getDistance
00000f69   get_speed
20001454   index
000042d7   initCircBuf
00004175   initClock
00004235   initConsole
00004203   initDisplay
0000418b   initGPIO
000041af   initPin
0000426f   initTimer
00002303   init_password
2000143c   last_debounce
200013f0   last_time
200015c4   lat
200013b4   latitude
200013c8   latitudeDegrees
200013c0   latitude_fixed
200015ac   location
200015c5   lon
200013b8   longitude
200013cc   longitudeDegrees
200013c4   longitude_fixed
00005d75   ltoa
00002f65   main
2000148c   main_func_sp
000031c9   malloc
00002f39   max_acc_func
000033f1   memalign
00006409   memccpy
0000568d   memcpy
00005a5b   memset
0000313d   minit
00002491   no_fix_screen
0000226d   password_display
2000144c   prev_state
0000634b   raise
20001420   raw_cw
20001434   raw_cw_p
20001414   raw_down
20001428   raw_down_p
2000141c   raw_left
20001430   raw_left_p
20001424   raw_select
20001438   raw_select_p
20001418   raw_up
2000142c   raw_up_p
00001019   read_acceleration
00002de5   read_button_screen
20001458   read_data
00000f97   read_distance
00000f8b   read_fix
00000f81   read_location
00000f91   read_quality
00000f7b   read_satillite
00001a15   read_speed
00000f6f   read_time
200015b4   real_time
000032eb   realloc
00004139   reset_peripheral
00003663   return_button
000023fb   review_fuel_display
200013e9   satellites
00002e5d   send_data
00001a39   set_speed
0000231b   set_speed_display
00006091   signal
00006657   sin
200013a0   speed
20001580   speed_array
00001955   split_data
00005c59   sprintf
00004ce5   sqrt
00003bd5   step
00003b67   step_mode_return
00003c5b   step_motor_control
00003a59   stepper_motor
00003b6d   stepper_motor_off
00003b99   stepper_system
00002d61   store_char
00002ec7   store_speed
0000646d   strchr
00006541   strcpy
000064c1   strlen
000062bb   strncpy
00006289   strstr
00003cc9   strtod
00003f01   tan
20001450   thing
2000146c   thisStep
200013d4   time_array
20001468   time_last
00001abd   toRadians
000018d9   update_array


GLOBAL SYMBOLS: SORTED BY Symbol Address 

address    name
--------   ----
00000000   __TI_static_base__
00000000   g_pfnVectors
00000001   __TI_args_main
00000800   __STACK_SIZE
00000800   __SYSMEM_SIZE
00000c5f   __TI_printfi
00000f69   get_speed
00000f6f   read_time
00000f7b   read_satillite
00000f81   read_location
00000f8b   read_fix
00000f91   read_quality
00000f97   read_distance
00000f9d   calculate_distance
00001019   read_acceleration
0000102d   calculate_accleration
0000109d   decode_GGA
000014c9   decode_RMC
000018d9   update_array
00001919   Timer0IntHandler
00001955   split_data
00001a15   read_speed
00001a39   set_speed
00001abd   toRadians
00001b09   getDistance
00002265   clearDisplay
0000226d   password_display
00002303   init_password
0000231b   set_speed_display
000023b5   enter_fuel_display
000023fb   review_fuel_display
00002491   no_fix_screen
0000257d   display
000028b5   RIT128x96x4Clear
00002911   RIT128x96x4StringDraw
00002a51   RIT128x96x4ImageDraw
00002ad9   RIT128x96x4Enable
00002b33   RIT128x96x4Disable
00002bad   RIT128x96x4Init
00002c51   RIT128x96x4DisplayOn
00002c85   RIT128x96x4DisplayOff
00002cbd   PinChangeIntHandler
00002d61   store_char
00002db1   UARTIntHandler
00002de5   read_button_screen
00002e5d   send_data
00002ec7   store_speed
00002efd   analysis_speed
00002f39   max_acc_func
00002f65   main
0000313d   minit
000031c9   malloc
0000322b   free
000032eb   realloc
000033f1   memalign
000034d1   calloc
00003509   button_choker
00003531   debounce_button
00003663   return_button
00003711   bit_check
000037c5   _Sin
00003a59   stepper_motor
00003b67   step_mode_return
00003b6d   stepper_motor_off
00003b99   stepper_system
00003bd5   step
00003c5b   step_motor_control
00003c97   Timer1IntHandler
00003cc9   strtod
00003f01   tan
00004139   reset_peripheral
00004175   initClock
0000418b   initGPIO
000041af   initPin
00004203   initDisplay
0000420d   UARTSend
00004235   initConsole
0000426f   initTimer
000042d7   initCircBuf
00004345   __aeabi_uldivmod
00004539   SysCtlClockGet
00004701   __aeabi_dsub
0000470b   __aeabi_dadd
000048b9   _Atan
00004a49   fmod
00004b9d   SysCtlClockSet
00004ce5   sqrt
00004e25   __aeabi_ddiv
00004f5d   _Dscale
0000506d   atan2
0000526d   __aeabi_dmul
00005369   __aeabi_fsub
0000536d   __aeabi_fadd
00005463   _Dnorm
00005527   GPIOPadConfigSet
000055e1   atan
0000568d   __aeabi_memcpy
0000568d   __aeabi_memcpy4
0000568d   __aeabi_memcpy8
0000568d   memcpy
00005729   __TI_auto_init
000057bd   __aeabi_fdiv
00005851   SysCtlPeripheralReset
000058dd   __aeabi_cdcmpeq
000058dd   __aeabi_cdcmple
0000595b   __aeabi_cdrcmple
000059d9   __aeabi_fmul
00005a53   __aeabi_memclr
00005a53   __aeabi_memclr4
00005a53   __aeabi_memclr8
00005a55   __aeabi_memset
00005a55   __aeabi_memset4
00005a55   __aeabi_memset8
00005a5b   memset
00005acd   IntEnable
00005b35   _Dunscale
00005b99   __aeabi_cfcmpeq
00005b99   __aeabi_cfcmple
00005bf9   __aeabi_cfrcmple
00005c59   sprintf
00005d19   SysCtlPeripheralEnable
00005d75   ltoa
00005dd1   atoi
00005e1d   atol
00005e69   __aeabi_d2f
00005eb3   __aeabi_d2iz
00005efd   copy_in
00005f41   C$$EXIT
00005f45   abort
00005f4d   exit
00005f85   __aeabi_d2uiz
00005fc9   _Dtest
0000600d   SSIConfigSetExpClk
0000604f   UARTConfigSetExpClk
00006091   signal
000060d1   GPIOIntTypeSet
0000610f   __aeabi_f2d
00006147   __aeabi_f2iz
0000617f   __aeabi_i2f
000061b9   IntRegister
000061ed   _c_int00
00006221   feraiseexcept
00006255   __aeabi_f2uiz
00006289   strstr
000062bb   strncpy
000062ed   _Feraise
0000631d   __aeabi_i2d
0000634b   raise
00006379   GPIODirModeSet
000063a5   TimerConfigure
000063cd   __aeabi_ui2d
000063ed   UARTDisable
00006409   memccpy
00006423   GPIOPortIntRegister
0000643d   _args_main
00006455   __aeabi_lmul
0000646d   strchr
00006485   SysTickEnable
00006499   UARTEnable
000064ad   _register_unlock
000064b3   _register_lock
000064bb   _nop
000064c1   strlen
000064d5   GPIOPinTypeGPIOOutput
000064e7   GPIOPinTypeSSI
000064f9   GPIOPinTypeUART
0000650b   SSIDataGetNonBlocking
0000651d   TimerLoadSet
0000652f   __TI_zero_init
00006541   strcpy
00006555   SysTickPeriodSet
00006565   TimerEnable
00006573   UARTCharGetNonBlocking
00006581   __TI_decompress_none
0000658f   _Dclass
0000659d   CPUcpsie
000065a9   GPIOPinIntEnable
000065b5   SysTickValueGet
000065c1   UARTCharsAvail
000065cd   ResetISR
000065d9   IntMasterEnable
000065e3   SSIDataPut
000065ed   SSIDisable
000065f7   SSIEnable
00006601   UARTCharPut
0000660b   UARTIntStatus
00006615   SSIBusy
0000661d   TimerIntEnable
00006625   UARTIntEnable
0000662d   GPIOPinIntClear
00006633   GPIOPinRead
00006639   GPIOPinWrite
0000663f   SysCtlDelay
00006645   __TI_decompress_rle24
0000664b   atof
00006651   cos
00006657   sin
0000665d   TimerIntClear
00006661   UARTIntClear
00006848   _ctypes_
00006d64   __TI_Handler_Table_Base
00006d70   __TI_Handler_Table_Limit
00006d80   __TI_CINIT_Base
00006d98   __TI_CINIT_Limit
20000000   g_pfnRAMVectors
2000026c   __stack
2000046c   __STACK_TOP
20000a6c   __STACK_END
20000a70   _sys_memory
20001320   _Denorm
20001330   _Eps
20001340   _Hugeval
20001350   _Inf
20001360   _Nan
20001370   _Snan
20001380   _Rteps
20001390   _Xbig
20001398   _Zero
200013a0   speed
200013a4   buffed_speed
200013a8   buffed_speed_1_old
200013ac   angle
200013b0   acceleration
200013b4   latitude
200013b8   longitude
200013bc   distance
200013c0   latitude_fixed
200013c4   longitude_fixed
200013c8   latitudeDegrees
200013cc   longitudeDegrees
200013d0   fix
200013d4   time_array
200013e8   fixquality
200013e9   satellites
200013ec   count
200013f0   last_time
200013f4   HDOP
200013f8   geoidheight
200013fc   altitude
20001400   DebUpBut
20001404   DebDownBut
20001408   DebLeftBut
2000140c   DebCwBut
20001410   DebSelectBut
20001414   raw_down
20001418   raw_up
2000141c   raw_left
20001420   raw_cw
20001424   raw_select
20001428   raw_down_p
2000142c   raw_up_p
20001430   raw_left_p
20001434   raw_cw_p
20001438   raw_select_p
2000143c   last_debounce
20001440   button_pressed
20001444   encoder_1
20001448   encoder_2
2000144c   prev_state
20001450   thing
20001454   index
20001458   read_data
20001468   time_last
2000146c   thisStep
20001470   _lock
20001474   _unlock
20001478   __TI_cleanup_ptr
2000147c   __TI_dtors_ptr
20001480   _Fenv
20001484   _Tls_setup__Fenv
20001488   _Errno
2000148c   main_func_sp
20001490   UART_char_data
20001508   UART_char_data_old
20001580   speed_array
200015ac   location
200015b4   real_time
200015bc   flag1
200015c4   lat
200015c5   lon
ffffffff   __binit__
ffffffff   __c_args__
ffffffff   binit
UNDEFED    SHT$$INIT_ARRAY$$Base
UNDEFED    SHT$$INIT_ARRAY$$Limit

[285 symbols]
