******************************************************************************
                  TI ARM Linker PC v5.1.1                      
******************************************************************************
>> Linked Wed Feb 10 20:54:57 2016

OUTPUT FILE NAME:   <c_control.out>
ENTRY POINT SYMBOL: "_c_int00"  address: 0000574d


MEMORY CONFIGURATION

         name            origin    length      used     unused   attr    fill
----------------------  --------  ---------  --------  --------  ----  --------
  FLASH                 00000000   00040000  00006248  00039db8  R  X
  SRAM                  20000000   00010000  000015fe  0000ea02  RW X


SEGMENT ALLOCATION MAP

run origin  load origin   length   init length attrs members
----------  ----------- ---------- ----------- ----- -------
00000000    00000000    00006248   00006248    r-x
  00000000    00000000    000000f0   000000f0    r-- .intvecs
  000000f0    000000f0    00005b88   00005b88    r-x .text
  00005c78    00005c78    000004f8   000004f8    r-- .const
  00006170    00006170    000000d8   000000d8    r-- .cinit
20000000    20000000    00001602   00000000    rw-
  20000000    20000000    0000026c   00000000    rw- .vtable
  2000026c    2000026c    00000800   00000000    rw- .stack
  20000a70    20000a70    00000800   00000000    rw- .sysmem
  20001270    20001270    00000238   00000000    rw- .data
  200014a8    200014a8    0000015a   00000000    rw- .bss


SECTION ALLOCATION MAP

 output                                  attributes/
section   page    origin      length       input sections
--------  ----  ----------  ----------   ----------------
.intvecs   0    00000000    000000f0     
                  00000000    000000f0     lm3s1968_startup_ccs.obj (.intvecs)

.init_array 
*          0    00000000    00000000     UNINITIALIZED

.text      0    000000f0    00005b88     
                  000000f0    00000e78     rtsv7M3_T_le_eabi.lib : _printfi.obj (.text)
                  00000f68    00000aa8     data_process.obj (.text)
                  00001a10    00000820     main.obj (.text)
                  00002230    00000692     display.obj (.text)
                  000028c2    00000002     --HOLE-- [fill = 0]
                  000028c4    00000510     rit128x96x4.obj (.text)
                  00002dd4    000003cc     rtsv7M3_T_le_eabi.lib : memory.obj (.text)
                  000031a0    00000300     init.obj (.text)
                  000034a0    000002bc     debounce.obj (.text)
                  0000375c    00000264     motor_control.obj (.text)
                  000039c0    00000238     rtsv7M3_T_le_eabi.lib : strtod.obj (.text)
                  00003bf8    000001f4                           : ull_div_t2.obj (.text)
                  00003dec    000001c8     driverlib-cm3.lib : sysctl.obj (.text:SysCtlClockGet)
                  00003fb4    000001b6     rtsv7M3_T_le_eabi.lib : fd_add_t2.obj (.text)
                  0000416a    00000002     --HOLE-- [fill = 0]
                  0000416c    00000154                           : fmod.obj (.text)
                  000042c0    00000148     driverlib-cm3.lib : sysctl.obj (.text:SysCtlClockSet)
                  00004408    00000136     rtsv7M3_T_le_eabi.lib : fd_div_t2.obj (.text)
                  0000453e    00000002     --HOLE-- [fill = 0]
                  00004540    00000124     speed.obj (.text)
                  00004664    00000110     rtsv7M3_T_le_eabi.lib : xdscale.obj (.text)
                  00004774    000000fc     driverlib-cm3.lib : gpio.obj (.text:GPIOGetIntNumber)
                  00004870    000000fc     rtsv7M3_T_le_eabi.lib : fd_mul_t2.obj (.text)
                  0000496c    000000fa                           : fs_add_t2.obj (.text)
                  00004a66    000000c4                           : xdnorm.obj (.text)
                  00004b2a    000000b8     driverlib-cm3.lib : gpio.obj (.text:GPIOPadConfigSet)
                  00004be2    0000009c     rtsv7M3_T_le_eabi.lib : memcpy_t2.obj (.text)
                  00004c7e    00000002     --HOLE-- [fill = 0]
                  00004c80    00000094                           : auto_init.obj (.text)
                  00004d14    00000092                           : fs_div_t2.obj (.text)
                  00004da6    00000002     --HOLE-- [fill = 0]
                  00004da8    0000008c     driverlib-cm3.lib : sysctl.obj (.text:SysCtlPeripheralReset)
                  00004e34    0000007e     rtsv7M3_T_le_eabi.lib : fd_cmp_t2.obj (.text:__aeabi_cdcmple)
                  00004eb2    0000007e                           : fd_cmp_t2.obj (.text:__aeabi_cdrcmple)
                  00004f30    0000007a                           : fs_mul_t2.obj (.text)
                  00004faa    00000078                           : memset_t2.obj (.text)
                  00005022    0000006c     driverlib-cm3.lib : adc.obj (.text:ADCSequenceStepConfigure)
                  0000508e    00000002     --HOLE-- [fill = 0]
                  00005090    00000068                       : interrupt.obj (.text:IntEnable)
                  000050f8    00000060     rtsv7M3_T_le_eabi.lib : fs_cmp_t2.obj (.text:__aeabi_cfcmple)
                  00005158    00000060                           : fs_cmp_t2.obj (.text:__aeabi_cfrcmple)
                  000051b8    00000060                           : sprintf.obj (.text)
                  00005218    0000005e                           : copy_decompress_rle.obj (.text)
                  00005276    00000002     --HOLE-- [fill = 0]
                  00005278    0000005c     driverlib-cm3.lib : sysctl.obj (.text:SysCtlPeripheralEnable)
                  000052d4    0000005a     rtsv7M3_T_le_eabi.lib : ltoa.obj (.text)
                  0000532e    00000002     --HOLE-- [fill = 0]
                  00005330    0000004c                           : atoi.obj (.text)
                  0000537c    0000004c                           : atol.obj (.text)
                  000053c8    0000004a                           : fd_tos_t2.obj (.text)
                  00005412    00000048                           : fd_toi_t2.obj (.text)
                  0000545a    00000002     --HOLE-- [fill = 0]
                  0000545c    00000044                           : cpy_tbl.obj (.text)
                  000054a0    00000044                           : exit.obj (.text)
                  000054e4    00000044                           : fd_tou_t2.obj (.text)
                  00005528    00000044                           : xdtest.obj (.text)
                  0000556c    00000042     driverlib-cm3.lib : ssi.obj (.text:SSIConfigSetExpClk)
                  000055ae    00000042                       : uart.obj (.text:UARTConfigSetExpClk)
                  000055f0    00000040     rtsv7M3_T_le_eabi.lib : signal.obj (.text)
                  00005630    0000003e     driverlib-cm3.lib : gpio.obj (.text:GPIOIntTypeSet)
                  0000566e    00000038     rtsv7M3_T_le_eabi.lib : fs_tod_t2.obj (.text)
                  000056a6    00000038                           : fs_toi_t2.obj (.text)
                  000056de    00000038                           : i_tofs_t2.obj (.text)
                  00005716    00000002     --HOLE-- [fill = 0]
                  00005718    00000034     driverlib-cm3.lib : interrupt.obj (.text:IntRegister)
                  0000574c    00000034     rtsv7M3_T_le_eabi.lib : boot.obj (.text)
                  00005780    00000034                           : feraiseexcept.obj (.text)
                  000057b4    00000034                           : fs_tou_t2.obj (.text)
                  000057e8    00000032                           : strstr.obj (.text)
                  0000581a    00000030                           : strncpy.obj (.text)
                  0000584a    00000002     --HOLE-- [fill = 0]
                  0000584c    00000030                           : xferaise.obj (.text)
                  0000587c    0000002e                           : i_tofd_t2.obj (.text)
                  000058aa    0000002e                           : raise.obj (.text)
                  000058d8    0000002c     driverlib-cm3.lib : adc.obj (.text:ADCIntStatus)
                  00005904    0000002a                       : adc.obj (.text:ADCSequenceConfigure)
                  0000592e    0000002a                       : gpio.obj (.text:GPIODirModeSet)
                  00005958    00000028                       : timer.obj (.text:TimerConfigure)
                  00005980    00000020     rtsv7M3_T_le_eabi.lib : u_tofd_t2.obj (.text)
                  000059a0    0000001e     driverlib-cm3.lib : adc.obj (.text:ADCSequenceDataGet)
                  000059be    00000002     --HOLE-- [fill = 0]
                  000059c0    0000001c                       : uart.obj (.text:UARTDisable)
                  000059dc    0000001a                       : adc.obj (.text:ADCProcessorTrigger)
                  000059f6    0000001a     rtsv7M3_T_le_eabi.lib : memccpy.obj (.text)
                  00005a10    00000018     driverlib-cm3.lib : gpio.obj (.text:GPIOPortIntRegister)
                  00005a28    00000018     rtsv7M3_T_le_eabi.lib : args_main.obj (.text)
                  00005a40    00000018                           : ll_mul_t2.obj (.text)
                  00005a58    00000016                           : strchr.obj (.text)
                  00005a6e    00000002     --HOLE-- [fill = 0]
                  00005a70    00000014     driverlib-cm3.lib : systick.obj (.text:SysTickEnable)
                  00005a84    00000014                       : uart.obj (.text:UARTEnable)
                  00005a98    00000014     rtsv7M3_T_le_eabi.lib : _lock.obj (.text)
                  00005aac    00000014                           : strlen.obj (.text)
                  00005ac0    00000012     driverlib-cm3.lib : gpio.obj (.text:GPIOPinTypeADC)
                  00005ad2    00000012                       : gpio.obj (.text:GPIOPinTypeGPIOOutput)
                  00005ae4    00000012                       : gpio.obj (.text:GPIOPinTypeSSI)
                  00005af6    00000012                       : gpio.obj (.text:GPIOPinTypeUART)
                  00005b08    00000012                       : ssi.obj (.text:SSIDataGetNonBlocking)
                  00005b1a    00000012                       : timer.obj (.text:TimerLoadSet)
                  00005b2c    00000012     rtsv7M3_T_le_eabi.lib : copy_zero_init.obj (.text:decompress:ZI)
                  00005b3e    00000012                           : strcpy.obj (.text)
                  00005b50    00000010     driverlib-cm3.lib : systick.obj (.text:SysTickPeriodSet)
                  00005b60    0000000e                       : adc.obj (.text:ADCSequenceEnable)
                  00005b6e    0000000e                       : timer.obj (.text:TimerEnable)
                  00005b7c    0000000e                       : uart.obj (.text:UARTCharGetNonBlocking)
                  00005b8a    0000000e     rtsv7M3_T_le_eabi.lib : copy_decompress_none.obj (.text:decompress:none)
                  00005b98    0000000e                           : xdclass.obj (.text)
                  00005ba6    0000000c     driverlib-cm3.lib : cpu.obj (.text:CPUcpsie)
                  00005bb2    0000000c                       : gpio.obj (.text:GPIOPinIntEnable)
                  00005bbe    00000002     --HOLE-- [fill = 0]
                  00005bc0    0000000c                       : systick.obj (.text:SysTickValueGet)
                  00005bcc    0000000c                       : uart.obj (.text:UARTCharsAvail)
                  00005bd8    0000000c     lm3s1968_startup_ccs.obj (.text)
                  00005be4    0000000a     driverlib-cm3.lib : adc.obj (.text:ADCIntClear)
                  00005bee    0000000a                       : interrupt.obj (.text:IntMasterEnable)
                  00005bf8    0000000a                       : ssi.obj (.text:SSIDataPut)
                  00005c02    0000000a                       : ssi.obj (.text:SSIDisable)
                  00005c0c    0000000a                       : ssi.obj (.text:SSIEnable)
                  00005c16    0000000a                       : uart.obj (.text:UARTCharPut)
                  00005c20    0000000a                       : uart.obj (.text:UARTFIFOEnable)
                  00005c2a    0000000a                       : uart.obj (.text:UARTIntStatus)
                  00005c34    00000008                       : ssi.obj (.text:SSIBusy)
                  00005c3c    00000008                       : timer.obj (.text:TimerIntEnable)
                  00005c44    00000008                       : uart.obj (.text:UARTIntEnable)
                  00005c4c    00000006                       : gpio.obj (.text:GPIOPinIntClear)
                  00005c52    00000006                       : gpio.obj (.text:GPIOPinRead)
                  00005c58    00000006                       : gpio.obj (.text:GPIOPinWrite)
                  00005c5e    00000006                       : sysctl.obj (.text:SysCtlDelay)
                  00005c64    00000006     rtsv7M3_T_le_eabi.lib : copy_decompress_rle.obj (.text:decompress:rle24)
                  00005c6a    00000006                           : atof.obj (.text)
                  00005c70    00000004     driverlib-cm3.lib : timer.obj (.text:TimerIntClear)
                  00005c74    00000004                       : uart.obj (.text:UARTIntClear)

.const     0    00005c78    000004f8     
                  00005c78    000001e0     rit128x96x4.obj (.const:g_pucFont)
                  00005e58    00000102     rtsv7M3_T_le_eabi.lib : ctype.obj (.const:.string:_ctypes_)
                  00005f5a    00000006     --HOLE-- [fill = 0]
                  00005f60    00000098                           : strtod.obj (.const)
                  00005ff8    00000070     driverlib-cm3.lib : interrupt.obj (.const)
                  00006068    0000006c                       : sysctl.obj (.const:g_pulXtals)
                  000060d4    0000004f     rit128x96x4.obj (.const:.string:g_pucRIT128x96x4Init)
                  00006123    00000001     --HOLE-- [fill = 0]
                  00006124    00000040     driverlib-cm3.lib : sysctl.obj (.const)
                  00006164    0000000c     rit128x96x4.obj (.const:.string)

.cinit     0    00006170    000000d8     
                  00006170    000000a1     (.cinit..data.load) [load image, compression = rle]
                  00006211    00000003     --HOLE-- [fill = 0]
                  00006214    0000000c     (__TI_handler_table)
                  00006220    00000008     (.cinit..bss.load) [load image, compression = zero_init]
                  00006228    00000008     (.cinit..vtable.load) [load image, compression = zero_init]
                  00006230    00000018     (__TI_cinit_table)

.vtable    0    20000000    0000026c     UNINITIALIZED
                  20000000    0000026c     driverlib-cm3.lib : interrupt.obj (.vtable)

.stack     0    2000026c    00000800     UNINITIALIZED
                  2000026c    00000800     --HOLE--

.sysmem    0    20000a70    00000800     UNINITIALIZED
                  20000a70    00000008     rtsv7M3_T_le_eabi.lib : memory.obj (.sysmem)
                  20000a78    000007f8     --HOLE--

.data      0    20001270    00000238     UNINITIALIZED
                  20001270    000000b0     rtsv7M3_T_le_eabi.lib : signal.obj (.data:sigtable)
                  20001320    00000080                           : xvalues.obj (.data)
                  200013a0    00000060     data_process.obj (.data)
                  20001400    00000044     debounce.obj (.data)
                  20001444    00000030     main.obj (.data)
                  20001474    0000000c     rtsv7M3_T_le_eabi.lib : memory.obj (.data)
                  20001480    00000008     motor_control.obj (.data)
                  20001488    00000008     rtsv7M3_T_le_eabi.lib : _lock.obj (.data)
                  20001490    00000008                           : exit.obj (.data)
                  20001498    00000008                           : feraiseexcept.obj (.data)
                  200014a0    00000004                           : errno.obj (.data)
                  200014a4    00000004                           : stkdepth_vars.obj (.data)

.bss       0    200014a8    0000015a     UNINITIALIZED
                  200014a8    00000078     main.obj (.bss:UART_char_data)
                  20001520    00000078     main.obj (.bss:UART_char_data_old)
                  20001598    00000014     (.common:acc_times)
                  200015ac    00000014     (.common:speed_array)
                  200015c0    00000010     (.common:speed_buffer)
                  200015d0    0000000c     (.common:speed_set_data)
                  200015dc    00000008     (.common:g_pucBuffer)
                  200015e4    00000008     (.common:location)
                  200015ec    00000008     (.common:real_time)
                  200015f4    00000004     (.common:flag1)
                  200015f8    00000004     (.common:flag2)
                  200015fc    00000004     (.common:g_ulSSIFlags)
                  20001600    00000001     (.common:lat)
                  20001601    00000001     (.common:lon)


LINKER GENERATED COPY TABLES

__TI_cinit_table @ 00006230 records: 3, size/record: 8, table size: 24
	.data: load addr=00006170, load size=000000a1 bytes, run addr=20001270, run size=00000238 bytes, compression=rle
	.bss: load addr=00006220, load size=00000008 bytes, run addr=200014a8, run size=0000015a bytes, compression=zero_init
	.vtable: load addr=00006228, load size=00000008 bytes, run addr=20000000, run size=0000026c bytes, compression=zero_init


LINKER GENERATED HANDLER TABLE

__TI_handler_table @ 00006214 records: 3, size/record: 4, table size: 12
	index: 0, handler: __TI_zero_init
	index: 1, handler: __TI_decompress_rle24
	index: 2, handler: __TI_decompress_none


GLOBAL SYMBOLS: SORTED ALPHABETICALLY BY Name 

address    name
--------   ----
00005be5   ADCIntClear
000058d9   ADCIntStatus
000059dd   ADCProcessorTrigger
00005905   ADCSequenceConfigure
000059a1   ADCSequenceDataGet
00005b61   ADCSequenceEnable
00005023   ADCSequenceStepConfigure
000054a1   C$$EXIT
00005ba7   CPUcpsie
2000140c   DebCwBut
20001404   DebDownBut
20001408   DebLeftBut
20001410   DebSelectBut
20001400   DebUpBut
0000592f   GPIODirModeSet
00005631   GPIOIntTypeSet
00004b2b   GPIOPadConfigSet
00005c4d   GPIOPinIntClear
00005bb3   GPIOPinIntEnable
00005c53   GPIOPinRead
00005ac1   GPIOPinTypeADC
00005ad3   GPIOPinTypeGPIOOutput
00005ae5   GPIOPinTypeSSI
00005af7   GPIOPinTypeUART
00005c59   GPIOPinWrite
00005a11   GPIOPortIntRegister
200013f4   HDOP
00005091   IntEnable
00005bef   IntMasterEnable
00005719   IntRegister
00001a11   PinChangeIntHandler
000029cd   RIT128x96x4Clear
00002c4b   RIT128x96x4Disable
00002d9d   RIT128x96x4DisplayOff
00002d69   RIT128x96x4DisplayOn
00002bf1   RIT128x96x4Enable
00002b69   RIT128x96x4ImageDraw
00002cc5   RIT128x96x4Init
00002a29   RIT128x96x4StringDraw
00005bd9   ResetISR
UNDEFED    SHT$$INIT_ARRAY$$Base
UNDEFED    SHT$$INIT_ARRAY$$Limit
00005c35   SSIBusy
0000556d   SSIConfigSetExpClk
00005b09   SSIDataGetNonBlocking
00005bf9   SSIDataPut
00005c03   SSIDisable
00005c0d   SSIEnable
00003ded   SysCtlClockGet
000042c1   SysCtlClockSet
00005c5f   SysCtlDelay
00005279   SysCtlPeripheralEnable
00004da9   SysCtlPeripheralReset
00005a71   SysTickEnable
00005b51   SysTickPeriodSet
00005bc1   SysTickValueGet
00001919   Timer0IntHandler
00001d93   Timer1IntHandler
00005959   TimerConfigure
00005b6f   TimerEnable
00005c71   TimerIntClear
00005c3d   TimerIntEnable
00005b1b   TimerLoadSet
00005b7d   UARTCharGetNonBlocking
00005c17   UARTCharPut
00005bcd   UARTCharsAvail
000055af   UARTConfigSetExpClk
000059c1   UARTDisable
00005a85   UARTEnable
00005c21   UARTFIFOEnable
00005c75   UARTIntClear
00005c45   UARTIntEnable
00001b05   UARTIntHandler
00005c2b   UARTIntStatus
000032b5   UARTSend
200014a8   UART_char_data
20001520   UART_char_data_old
00005b99   _Dclass
20001320   _Denorm
00004a67   _Dnorm
00004665   _Dscale
00005529   _Dtest
20001330   _Eps
200014a0   _Errno
20001498   _Fenv
0000584d   _Feraise
20001340   _Hugeval
20001350   _Inf
20001360   _Nan
20001380   _Rteps
20001370   _Snan
2000149c   _Tls_setup__Fenv
20001390   _Xbig
20001398   _Zero
20000a6c   __STACK_END
00000800   __STACK_SIZE
2000046c   __STACK_TOP
00000800   __SYSMEM_SIZE
00006230   __TI_CINIT_Base
00006248   __TI_CINIT_Limit
00006214   __TI_Handler_Table_Base
00006220   __TI_Handler_Table_Limit
00000001   __TI_args_main
00004c81   __TI_auto_init
20001490   __TI_cleanup_ptr
00005b8b   __TI_decompress_none
00005c65   __TI_decompress_rle24
20001494   __TI_dtors_ptr
00000c5f   __TI_printfi
00000000   __TI_static_base__
00005b2d   __TI_zero_init
00004e35   __aeabi_cdcmpeq
00004e35   __aeabi_cdcmple
00004eb3   __aeabi_cdrcmple
000050f9   __aeabi_cfcmpeq
000050f9   __aeabi_cfcmple
00005159   __aeabi_cfrcmple
000053c9   __aeabi_d2f
00005413   __aeabi_d2iz
000054e5   __aeabi_d2uiz
00003fbf   __aeabi_dadd
00004409   __aeabi_ddiv
00004871   __aeabi_dmul
00003fb5   __aeabi_dsub
0000566f   __aeabi_f2d
000056a7   __aeabi_f2iz
000057b5   __aeabi_f2uiz
00004971   __aeabi_fadd
00004d15   __aeabi_fdiv
00004f31   __aeabi_fmul
0000496d   __aeabi_fsub
0000587d   __aeabi_i2d
000056df   __aeabi_i2f
00005a41   __aeabi_lmul
00004fab   __aeabi_memclr
00004fab   __aeabi_memclr4
00004fab   __aeabi_memclr8
00004be3   __aeabi_memcpy
00004be3   __aeabi_memcpy4
00004be3   __aeabi_memcpy8
00004fad   __aeabi_memset
00004fad   __aeabi_memset4
00004fad   __aeabi_memset8
00005981   __aeabi_ui2d
00003bf9   __aeabi_uldivmod
ffffffff   __binit__
ffffffff   __c_args__
2000026c   __stack
00005a29   _args_main
0000574d   _c_int00
00005e58   _ctypes_
20001488   _lock
00005aa7   _nop
00005a9f   _register_lock
00005a99   _register_unlock
20000a70   _sys_memory
2000148c   _unlock
000054a5   abort
20001598   acc_times
200013b0   acceleration
00001ded   acceleration_test
0000253d   accleration_screen
200013fc   altitude
00001cc9   analysis_speed
200013ac   angle
00005c6b   atof
00005331   atoi
0000537d   atol
ffffffff   binit
000036a9   bit_check
200013a4   buffed_speed
200013a8   buffed_speed_1_old
000034a1   button_choker
20001440   button_pressed
0000102d   calculate_accleration
00000f9d   calculate_distance
00003169   calloc
00002231   clearDisplay
0000545d   copy_in
200013ec   count
20001464   current_acc_time
000034c9   debounce_button
0000109d   decode_GGA
000014c9   decode_RMC
000026ab   display
200013bc   distance
20001444   encoder_1
20001448   encoder_2
00002381   enter_fuel_display
000054ad   exit
00005781   feraiseexcept
200013d0   fix
200013e8   fixquality
200015f4   flag1
200015f8   flag2
0000416d   fmod
00002ec3   free
20000000   g_pfnRAMVectors
00000000   g_pfnVectors
200013f8   geoidheight
00000f69   get_speed
2000145c   index
00003275   initADC
000033d5   initCircBuf
000031dd   initClock
000032fd   initConsole
0000326b   initDisplay
000031f3   initGPIO
00003217   initPin
00003369   initTimer
0000341b   init_acc_time
000022cf   init_password
00004625   init_set_speed
000033ff   init_set_speed_data
2000143c   last_debounce
200013f0   last_time
20001600   lat
200013b4   latitude
200013c8   latitudeDegrees
200013c0   latitude_fixed
200015e4   location
20001601   lon
200013b8   longitude
200013cc   longitudeDegrees
200013c4   longitude_fixed
000052d5   ltoa
00002005   main
200014a4   main_func_sp
00002e61   malloc
00001d15   max_acc_func
00003089   memalign
000059f7   memccpy
00004be3   memcpy
00004fb3   memset
00002dd5   minit
0000245d   no_fix_screen
00002239   password_display
2000144c   prev_state
000058ab   raise
20001420   raw_cw
20001434   raw_cw_p
20001414   raw_down
20001428   raw_down_p
2000141c   raw_left
20001430   raw_left_p
20001424   raw_select
20001438   raw_select_p
20001418   raw_up
2000142c   raw_up_p
00001019   read_acceleration
00001b39   read_button_screen
20001460   read_data
00000f97   read_distance
00000f8b   read_fix
00000f81   read_location
00000f91   read_quality
00000f7b   read_satillite
00004541   read_speed
00000f6f   read_time
200015ec   real_time
00002f83   realloc
2000146c   refresh_rate
000031a1   reset_peripheral
000035fb   return_button
000023c7   review_fuel_display
00001ecd   run_adc
200013e9   satellites
20001458   select_prev
00001bd1   select_read
00001c15   send_data
00001d31   send_info
00004565   set_speed
000022e7   set_speed_display
000055f1   signal
200013a0   speed
200015ac   speed_array
0000462b   speed_feedback
200015d0   speed_set_data
00001951   split_data
000051b9   sprintf
20001468   started
000038d9   step
0000386b   step_mode_return
0000395f   step_motor_control
0000375d   stepper_motor
00003871   stepper_motor_off
0000389d   stepper_system
00001ab5   store_char
00001c89   store_speed
00005a59   strchr
00005b3f   strcpy
00005aad   strlen
0000581b   strncpy
000057e9   strstr
000039c1   strtod
20001470   system_timer
20001454   thing
20001484   thisStep
200013d4   time_array
20001480   time_last
20001450   time_last_2
000018d9   update_array


GLOBAL SYMBOLS: SORTED BY Symbol Address 

address    name
--------   ----
00000000   __TI_static_base__
00000000   g_pfnVectors
00000001   __TI_args_main
00000800   __STACK_SIZE
00000800   __SYSMEM_SIZE
00000c5f   __TI_printfi
00000f69   get_speed
00000f6f   read_time
00000f7b   read_satillite
00000f81   read_location
00000f8b   read_fix
00000f91   read_quality
00000f97   read_distance
00000f9d   calculate_distance
00001019   read_acceleration
0000102d   calculate_accleration
0000109d   decode_GGA
000014c9   decode_RMC
000018d9   update_array
00001919   Timer0IntHandler
00001951   split_data
00001a11   PinChangeIntHandler
00001ab5   store_char
00001b05   UARTIntHandler
00001b39   read_button_screen
00001bd1   select_read
00001c15   send_data
00001c89   store_speed
00001cc9   analysis_speed
00001d15   max_acc_func
00001d31   send_info
00001d93   Timer1IntHandler
00001ded   acceleration_test
00001ecd   run_adc
00002005   main
00002231   clearDisplay
00002239   password_display
000022cf   init_password
000022e7   set_speed_display
00002381   enter_fuel_display
000023c7   review_fuel_display
0000245d   no_fix_screen
0000253d   accleration_screen
000026ab   display
000029cd   RIT128x96x4Clear
00002a29   RIT128x96x4StringDraw
00002b69   RIT128x96x4ImageDraw
00002bf1   RIT128x96x4Enable
00002c4b   RIT128x96x4Disable
00002cc5   RIT128x96x4Init
00002d69   RIT128x96x4DisplayOn
00002d9d   RIT128x96x4DisplayOff
00002dd5   minit
00002e61   malloc
00002ec3   free
00002f83   realloc
00003089   memalign
00003169   calloc
000031a1   reset_peripheral
000031dd   initClock
000031f3   initGPIO
00003217   initPin
0000326b   initDisplay
00003275   initADC
000032b5   UARTSend
000032fd   initConsole
00003369   initTimer
000033d5   initCircBuf
000033ff   init_set_speed_data
0000341b   init_acc_time
000034a1   button_choker
000034c9   debounce_button
000035fb   return_button
000036a9   bit_check
0000375d   stepper_motor
0000386b   step_mode_return
00003871   stepper_motor_off
0000389d   stepper_system
000038d9   step
0000395f   step_motor_control
000039c1   strtod
00003bf9   __aeabi_uldivmod
00003ded   SysCtlClockGet
00003fb5   __aeabi_dsub
00003fbf   __aeabi_dadd
0000416d   fmod
000042c1   SysCtlClockSet
00004409   __aeabi_ddiv
00004541   read_speed
00004565   set_speed
00004625   init_set_speed
0000462b   speed_feedback
00004665   _Dscale
00004871   __aeabi_dmul
0000496d   __aeabi_fsub
00004971   __aeabi_fadd
00004a67   _Dnorm
00004b2b   GPIOPadConfigSet
00004be3   __aeabi_memcpy
00004be3   __aeabi_memcpy4
00004be3   __aeabi_memcpy8
00004be3   memcpy
00004c81   __TI_auto_init
00004d15   __aeabi_fdiv
00004da9   SysCtlPeripheralReset
00004e35   __aeabi_cdcmpeq
00004e35   __aeabi_cdcmple
00004eb3   __aeabi_cdrcmple
00004f31   __aeabi_fmul
00004fab   __aeabi_memclr
00004fab   __aeabi_memclr4
00004fab   __aeabi_memclr8
00004fad   __aeabi_memset
00004fad   __aeabi_memset4
00004fad   __aeabi_memset8
00004fb3   memset
00005023   ADCSequenceStepConfigure
00005091   IntEnable
000050f9   __aeabi_cfcmpeq
000050f9   __aeabi_cfcmple
00005159   __aeabi_cfrcmple
000051b9   sprintf
00005279   SysCtlPeripheralEnable
000052d5   ltoa
00005331   atoi
0000537d   atol
000053c9   __aeabi_d2f
00005413   __aeabi_d2iz
0000545d   copy_in
000054a1   C$$EXIT
000054a5   abort
000054ad   exit
000054e5   __aeabi_d2uiz
00005529   _Dtest
0000556d   SSIConfigSetExpClk
000055af   UARTConfigSetExpClk
000055f1   signal
00005631   GPIOIntTypeSet
0000566f   __aeabi_f2d
000056a7   __aeabi_f2iz
000056df   __aeabi_i2f
00005719   IntRegister
0000574d   _c_int00
00005781   feraiseexcept
000057b5   __aeabi_f2uiz
000057e9   strstr
0000581b   strncpy
0000584d   _Feraise
0000587d   __aeabi_i2d
000058ab   raise
000058d9   ADCIntStatus
00005905   ADCSequenceConfigure
0000592f   GPIODirModeSet
00005959   TimerConfigure
00005981   __aeabi_ui2d
000059a1   ADCSequenceDataGet
000059c1   UARTDisable
000059dd   ADCProcessorTrigger
000059f7   memccpy
00005a11   GPIOPortIntRegister
00005a29   _args_main
00005a41   __aeabi_lmul
00005a59   strchr
00005a71   SysTickEnable
00005a85   UARTEnable
00005a99   _register_unlock
00005a9f   _register_lock
00005aa7   _nop
00005aad   strlen
00005ac1   GPIOPinTypeADC
00005ad3   GPIOPinTypeGPIOOutput
00005ae5   GPIOPinTypeSSI
00005af7   GPIOPinTypeUART
00005b09   SSIDataGetNonBlocking
00005b1b   TimerLoadSet
00005b2d   __TI_zero_init
00005b3f   strcpy
00005b51   SysTickPeriodSet
00005b61   ADCSequenceEnable
00005b6f   TimerEnable
00005b7d   UARTCharGetNonBlocking
00005b8b   __TI_decompress_none
00005b99   _Dclass
00005ba7   CPUcpsie
00005bb3   GPIOPinIntEnable
00005bc1   SysTickValueGet
00005bcd   UARTCharsAvail
00005bd9   ResetISR
00005be5   ADCIntClear
00005bef   IntMasterEnable
00005bf9   SSIDataPut
00005c03   SSIDisable
00005c0d   SSIEnable
00005c17   UARTCharPut
00005c21   UARTFIFOEnable
00005c2b   UARTIntStatus
00005c35   SSIBusy
00005c3d   TimerIntEnable
00005c45   UARTIntEnable
00005c4d   GPIOPinIntClear
00005c53   GPIOPinRead
00005c59   GPIOPinWrite
00005c5f   SysCtlDelay
00005c65   __TI_decompress_rle24
00005c6b   atof
00005c71   TimerIntClear
00005c75   UARTIntClear
00005e58   _ctypes_
00006214   __TI_Handler_Table_Base
00006220   __TI_Handler_Table_Limit
00006230   __TI_CINIT_Base
00006248   __TI_CINIT_Limit
20000000   g_pfnRAMVectors
2000026c   __stack
2000046c   __STACK_TOP
20000a6c   __STACK_END
20000a70   _sys_memory
20001320   _Denorm
20001330   _Eps
20001340   _Hugeval
20001350   _Inf
20001360   _Nan
20001370   _Snan
20001380   _Rteps
20001390   _Xbig
20001398   _Zero
200013a0   speed
200013a4   buffed_speed
200013a8   buffed_speed_1_old
200013ac   angle
200013b0   acceleration
200013b4   latitude
200013b8   longitude
200013bc   distance
200013c0   latitude_fixed
200013c4   longitude_fixed
200013c8   latitudeDegrees
200013cc   longitudeDegrees
200013d0   fix
200013d4   time_array
200013e8   fixquality
200013e9   satellites
200013ec   count
200013f0   last_time
200013f4   HDOP
200013f8   geoidheight
200013fc   altitude
20001400   DebUpBut
20001404   DebDownBut
20001408   DebLeftBut
2000140c   DebCwBut
20001410   DebSelectBut
20001414   raw_down
20001418   raw_up
2000141c   raw_left
20001420   raw_cw
20001424   raw_select
20001428   raw_down_p
2000142c   raw_up_p
20001430   raw_left_p
20001434   raw_cw_p
20001438   raw_select_p
2000143c   last_debounce
20001440   button_pressed
20001444   encoder_1
20001448   encoder_2
2000144c   prev_state
20001450   time_last_2
20001454   thing
20001458   select_prev
2000145c   index
20001460   read_data
20001464   current_acc_time
20001468   started
2000146c   refresh_rate
20001470   system_timer
20001480   time_last
20001484   thisStep
20001488   _lock
2000148c   _unlock
20001490   __TI_cleanup_ptr
20001494   __TI_dtors_ptr
20001498   _Fenv
2000149c   _Tls_setup__Fenv
200014a0   _Errno
200014a4   main_func_sp
200014a8   UART_char_data
20001520   UART_char_data_old
20001598   acc_times
200015ac   speed_array
200015d0   speed_set_data
200015e4   location
200015ec   real_time
200015f4   flag1
200015f8   flag2
20001600   lat
20001601   lon
ffffffff   __binit__
ffffffff   __c_args__
ffffffff   binit
UNDEFED    SHT$$INIT_ARRAY$$Base
UNDEFED    SHT$$INIT_ARRAY$$Limit

[302 symbols]
