******************************************************************************
                  TI ARM Linker PC v5.1.1                      
******************************************************************************
>> Linked Sun Oct 18 18:20:36 2015

OUTPUT FILE NAME:   <c_control.out>
ENTRY POINT SYMBOL: "_c_int00"  address: 0000528d


MEMORY CONFIGURATION

         name            origin    length      used     unused   attr    fill
----------------------  --------  ---------  --------  --------  ----  --------
  FLASH                 00000000   00040000  00005cda  0003a326  R  X
  SRAM                  20000000   00010000  000015ca  0000ea36  RW X


SEGMENT ALLOCATION MAP

run origin  load origin   length   init length attrs members
----------  ----------- ---------- ----------- ----- -------
00000000    00000000    00005ce0   00005ce0    r-x
  00000000    00000000    000000f0   000000f0    r-- .intvecs
  000000f0    000000f0    00005612   00005612    r-x .text
  00005708    00005708    000004f8   000004f8    r-- .const
  00005c00    00005c00    000000e0   000000e0    r-- .cinit
20000000    20000000    000015ce   00000000    rw-
  20000000    20000000    0000026c   00000000    rw- .vtable
  2000026c    2000026c    00000800   00000000    rw- .stack
  20000a70    20000a70    00000800   00000000    rw- .sysmem
  20001270    20001270    00000228   00000000    rw- .data
  20001498    20001498    00000136   00000000    rw- .bss


SECTION ALLOCATION MAP

 output                                  attributes/
section   page    origin      length       input sections
--------  ----  ----------  ----------   ----------------
.intvecs   0    00000000    000000f0     
                  00000000    000000f0     lm3s1968_startup_ccs.obj (.intvecs)

.init_array 
*          0    00000000    00000000     UNINITIALIZED

.text      0    000000f0    00005612     
                  000000f0    00000e78     rtsv7M3_T_le_eabi.lib : _printfi.obj (.text)
                  00000f68    00000aac     data_process.obj (.text)
                  00001a14    000005b0     main.obj (.text)
                  00001fc4    00000536     display.obj (.text)
                  000024fa    00000002     --HOLE-- [fill = 0]
                  000024fc    00000510     rit128x96x4.obj (.text)
                  00002a0c    000003cc     rtsv7M3_T_le_eabi.lib : memory.obj (.text)
                  00002dd8    000002bc     debounce.obj (.text)
                  00003094    0000026c     init.obj (.text)
                  00003300    00000264     motor_control.obj (.text)
                  00003564    00000238     rtsv7M3_T_le_eabi.lib : strtod.obj (.text)
                  0000379c    000001f4                           : ull_div_t2.obj (.text)
                  00003990    000001c8     driverlib-cm3.lib : sysctl.obj (.text:SysCtlClockGet)
                  00003b58    000001b6     rtsv7M3_T_le_eabi.lib : fd_add_t2.obj (.text)
                  00003d0e    00000002     --HOLE-- [fill = 0]
                  00003d10    00000154                           : fmod.obj (.text)
                  00003e64    00000148     driverlib-cm3.lib : sysctl.obj (.text:SysCtlClockSet)
                  00003fac    00000136     rtsv7M3_T_le_eabi.lib : fd_div_t2.obj (.text)
                  000040e2    00000002     --HOLE-- [fill = 0]
                  000040e4    00000110                           : xdscale.obj (.text)
                  000041f4    000000fc     driverlib-cm3.lib : gpio.obj (.text:GPIOGetIntNumber)
                  000042f0    000000fc     rtsv7M3_T_le_eabi.lib : fd_mul_t2.obj (.text)
                  000043ec    000000fa                           : fs_add_t2.obj (.text)
                  000044e6    00000002     --HOLE-- [fill = 0]
                  000044e8    000000e0     speed.obj (.text)
                  000045c8    000000c4     rtsv7M3_T_le_eabi.lib : xdnorm.obj (.text)
                  0000468c    000000b8     driverlib-cm3.lib : gpio.obj (.text:GPIOPadConfigSet)
                  00004744    0000009c     rtsv7M3_T_le_eabi.lib : memcpy_t2.obj (.text)
                  000047e0    00000094                           : auto_init.obj (.text)
                  00004874    00000092                           : fs_div_t2.obj (.text)
                  00004906    00000002     --HOLE-- [fill = 0]
                  00004908    0000008c     driverlib-cm3.lib : sysctl.obj (.text:SysCtlPeripheralReset)
                  00004994    0000007e     rtsv7M3_T_le_eabi.lib : fd_cmp_t2.obj (.text:__aeabi_cdcmple)
                  00004a12    0000007e                           : fd_cmp_t2.obj (.text:__aeabi_cdrcmple)
                  00004a90    0000007a                           : fs_mul_t2.obj (.text)
                  00004b0a    00000078                           : memset_t2.obj (.text)
                  00004b82    00000002     --HOLE-- [fill = 0]
                  00004b84    00000068     driverlib-cm3.lib : interrupt.obj (.text:IntEnable)
                  00004bec    00000060     rtsv7M3_T_le_eabi.lib : fs_cmp_t2.obj (.text:__aeabi_cfcmple)
                  00004c4c    00000060                           : fs_cmp_t2.obj (.text:__aeabi_cfrcmple)
                  00004cac    00000060                           : sprintf.obj (.text)
                  00004d0c    0000005e                           : copy_decompress_rle.obj (.text)
                  00004d6a    00000002     --HOLE-- [fill = 0]
                  00004d6c    0000005c     driverlib-cm3.lib : sysctl.obj (.text:SysCtlPeripheralEnable)
                  00004dc8    0000005a     rtsv7M3_T_le_eabi.lib : ltoa.obj (.text)
                  00004e22    00000002     --HOLE-- [fill = 0]
                  00004e24    0000004c                           : atoi.obj (.text)
                  00004e70    0000004c                           : atol.obj (.text)
                  00004ebc    0000004c                           : rand.obj (.text)
                  00004f08    0000004a                           : fd_tos_t2.obj (.text)
                  00004f52    00000048                           : fd_toi_t2.obj (.text)
                  00004f9a    00000002     --HOLE-- [fill = 0]
                  00004f9c    00000044                           : cpy_tbl.obj (.text)
                  00004fe0    00000044                           : exit.obj (.text)
                  00005024    00000044                           : fd_tou_t2.obj (.text)
                  00005068    00000044                           : xdtest.obj (.text)
                  000050ac    00000042     driverlib-cm3.lib : ssi.obj (.text:SSIConfigSetExpClk)
                  000050ee    00000042                       : uart.obj (.text:UARTConfigSetExpClk)
                  00005130    00000040     rtsv7M3_T_le_eabi.lib : signal.obj (.text)
                  00005170    0000003e     driverlib-cm3.lib : gpio.obj (.text:GPIOIntTypeSet)
                  000051ae    00000038     rtsv7M3_T_le_eabi.lib : fs_tod_t2.obj (.text)
                  000051e6    00000038                           : fs_toi_t2.obj (.text)
                  0000521e    00000038                           : i_tofs_t2.obj (.text)
                  00005256    00000002     --HOLE-- [fill = 0]
                  00005258    00000034     driverlib-cm3.lib : interrupt.obj (.text:IntRegister)
                  0000528c    00000034     rtsv7M3_T_le_eabi.lib : boot.obj (.text)
                  000052c0    00000034                           : feraiseexcept.obj (.text)
                  000052f4    00000034                           : fs_tou_t2.obj (.text)
                  00005328    00000032                           : strstr.obj (.text)
                  0000535a    00000030                           : strncpy.obj (.text)
                  0000538a    00000002     --HOLE-- [fill = 0]
                  0000538c    00000030                           : xferaise.obj (.text)
                  000053bc    0000002e                           : i_tofd_t2.obj (.text)
                  000053ea    0000002e                           : raise.obj (.text)
                  00005418    0000002a     driverlib-cm3.lib : gpio.obj (.text:GPIODirModeSet)
                  00005442    00000002     --HOLE-- [fill = 0]
                  00005444    00000028                       : timer.obj (.text:TimerConfigure)
                  0000546c    00000020     rtsv7M3_T_le_eabi.lib : u_tofd_t2.obj (.text)
                  0000548c    0000001c     driverlib-cm3.lib : uart.obj (.text:UARTDisable)
                  000054a8    0000001a     rtsv7M3_T_le_eabi.lib : memccpy.obj (.text)
                  000054c2    00000018     driverlib-cm3.lib : gpio.obj (.text:GPIOPortIntRegister)
                  000054da    00000002     --HOLE-- [fill = 0]
                  000054dc    00000018     rtsv7M3_T_le_eabi.lib : args_main.obj (.text)
                  000054f4    00000018                           : ll_mul_t2.obj (.text)
                  0000550c    00000016                           : strchr.obj (.text)
                  00005522    00000002     --HOLE-- [fill = 0]
                  00005524    00000014     driverlib-cm3.lib : systick.obj (.text:SysTickEnable)
                  00005538    00000014                       : uart.obj (.text:UARTEnable)
                  0000554c    00000014     rtsv7M3_T_le_eabi.lib : _lock.obj (.text)
                  00005560    00000014                           : strlen.obj (.text)
                  00005574    00000012     driverlib-cm3.lib : gpio.obj (.text:GPIOPinTypeGPIOOutput)
                  00005586    00000012                       : gpio.obj (.text:GPIOPinTypeSSI)
                  00005598    00000012                       : gpio.obj (.text:GPIOPinTypeUART)
                  000055aa    00000012                       : ssi.obj (.text:SSIDataGetNonBlocking)
                  000055bc    00000012                       : timer.obj (.text:TimerLoadSet)
                  000055ce    00000012     rtsv7M3_T_le_eabi.lib : copy_zero_init.obj (.text:decompress:ZI)
                  000055e0    00000012                           : strcpy.obj (.text)
                  000055f2    00000002     --HOLE-- [fill = 0]
                  000055f4    00000010     driverlib-cm3.lib : systick.obj (.text:SysTickPeriodSet)
                  00005604    0000000e                       : timer.obj (.text:TimerEnable)
                  00005612    0000000e                       : uart.obj (.text:UARTCharGetNonBlocking)
                  00005620    0000000e     rtsv7M3_T_le_eabi.lib : copy_decompress_none.obj (.text:decompress:none)
                  0000562e    0000000e                           : xdclass.obj (.text)
                  0000563c    0000000c     driverlib-cm3.lib : cpu.obj (.text:CPUcpsie)
                  00005648    0000000c                       : gpio.obj (.text:GPIOPinIntEnable)
                  00005654    0000000c                       : systick.obj (.text:SysTickValueGet)
                  00005660    0000000c                       : uart.obj (.text:UARTCharsAvail)
                  0000566c    0000000c     lm3s1968_startup_ccs.obj (.text)
                  00005678    0000000a     driverlib-cm3.lib : interrupt.obj (.text:IntMasterEnable)
                  00005682    0000000a                       : ssi.obj (.text:SSIDataPut)
                  0000568c    0000000a                       : ssi.obj (.text:SSIDisable)
                  00005696    0000000a                       : ssi.obj (.text:SSIEnable)
                  000056a0    0000000a                       : uart.obj (.text:UARTCharPut)
                  000056aa    0000000a                       : uart.obj (.text:UARTFIFOEnable)
                  000056b4    0000000a                       : uart.obj (.text:UARTIntStatus)
                  000056be    00000008                       : ssi.obj (.text:SSIBusy)
                  000056c6    00000008                       : timer.obj (.text:TimerIntEnable)
                  000056ce    00000008                       : uart.obj (.text:UARTIntEnable)
                  000056d6    00000006                       : gpio.obj (.text:GPIOPinIntClear)
                  000056dc    00000006                       : gpio.obj (.text:GPIOPinRead)
                  000056e2    00000006                       : gpio.obj (.text:GPIOPinWrite)
                  000056e8    00000006                       : sysctl.obj (.text:SysCtlDelay)
                  000056ee    00000006     rtsv7M3_T_le_eabi.lib : copy_decompress_rle.obj (.text:decompress:rle24)
                  000056f4    00000006                           : atof.obj (.text)
                  000056fa    00000004     driverlib-cm3.lib : timer.obj (.text:TimerIntClear)
                  000056fe    00000004                       : uart.obj (.text:UARTIntClear)

.const     0    00005708    000004f8     
                  00005708    000001e0     rit128x96x4.obj (.const:g_pucFont)
                  000058e8    00000102     rtsv7M3_T_le_eabi.lib : ctype.obj (.const:.string:_ctypes_)
                  000059ea    00000006     --HOLE-- [fill = 0]
                  000059f0    00000098                           : strtod.obj (.const)
                  00005a88    00000070     driverlib-cm3.lib : interrupt.obj (.const)
                  00005af8    0000006c                       : sysctl.obj (.const:g_pulXtals)
                  00005b64    0000004f     rit128x96x4.obj (.const:.string:g_pucRIT128x96x4Init)
                  00005bb3    00000001     --HOLE-- [fill = 0]
                  00005bb4    00000040     driverlib-cm3.lib : sysctl.obj (.const)
                  00005bf4    0000000c     rit128x96x4.obj (.const:.string)

.cinit     0    00005c00    000000e0     
                  00005c00    000000a5     (.cinit..data.load) [load image, compression = rle]
                  00005ca5    00000003     --HOLE-- [fill = 0]
                  00005ca8    0000000c     (__TI_handler_table)
                  00005cb4    00000004     --HOLE-- [fill = 0]
                  00005cb8    00000008     (.cinit..bss.load) [load image, compression = zero_init]
                  00005cc0    00000008     (.cinit..vtable.load) [load image, compression = zero_init]
                  00005cc8    00000018     (__TI_cinit_table)

.vtable    0    20000000    0000026c     UNINITIALIZED
                  20000000    0000026c     driverlib-cm3.lib : interrupt.obj (.vtable)

.stack     0    2000026c    00000800     UNINITIALIZED
                  2000026c    00000800     --HOLE--

.sysmem    0    20000a70    00000800     UNINITIALIZED
                  20000a70    00000008     rtsv7M3_T_le_eabi.lib : memory.obj (.sysmem)
                  20000a78    000007f8     --HOLE--

.data      0    20001270    00000228     UNINITIALIZED
                  20001270    000000b0     rtsv7M3_T_le_eabi.lib : signal.obj (.data:sigtable)
                  20001320    00000080                           : xvalues.obj (.data)
                  200013a0    00000060     data_process.obj (.data)
                  20001400    00000044     debounce.obj (.data)
                  20001444    0000001c     main.obj (.data)
                  20001460    0000000c     rtsv7M3_T_le_eabi.lib : memory.obj (.data)
                  2000146c    00000008     motor_control.obj (.data)
                  20001474    00000008     rtsv7M3_T_le_eabi.lib : _lock.obj (.data)
                  2000147c    00000008                           : exit.obj (.data)
                  20001484    00000008                           : feraiseexcept.obj (.data)
                  2000148c    00000004                           : errno.obj (.data)
                  20001490    00000004                           : rand.obj (.data)
                  20001494    00000004                           : stkdepth_vars.obj (.data)

.bss       0    20001498    00000136     UNINITIALIZED
                  20001498    00000078     main.obj (.bss:UART_char_data)
                  20001510    00000078     main.obj (.bss:UART_char_data_old)
                  20001588    00000014     (.common:speed_array)
                  2000159c    00000010     (.common:speed_buffer)
                  200015ac    00000008     (.common:g_pucBuffer)
                  200015b4    00000008     (.common:location)
                  200015bc    00000008     (.common:real_time)
                  200015c4    00000004     (.common:flag1)
                  200015c8    00000004     (.common:g_ulSSIFlags)
                  200015cc    00000001     (.common:lat)
                  200015cd    00000001     (.common:lon)


LINKER GENERATED COPY TABLES

__TI_cinit_table @ 00005cc8 records: 3, size/record: 8, table size: 24
	.data: load addr=00005c00, load size=000000a5 bytes, run addr=20001270, run size=00000228 bytes, compression=rle
	.bss: load addr=00005cb8, load size=00000008 bytes, run addr=20001498, run size=00000136 bytes, compression=zero_init
	.vtable: load addr=00005cc0, load size=00000008 bytes, run addr=20000000, run size=0000026c bytes, compression=zero_init


LINKER GENERATED HANDLER TABLE

__TI_handler_table @ 00005ca8 records: 3, size/record: 4, table size: 12
	index: 0, handler: __TI_zero_init
	index: 1, handler: __TI_decompress_rle24
	index: 2, handler: __TI_decompress_none


GLOBAL SYMBOLS: SORTED ALPHABETICALLY BY Name 

address    name
--------   ----
00004fe1   C$$EXIT
0000563d   CPUcpsie
2000140c   DebCwBut
20001404   DebDownBut
20001408   DebLeftBut
20001410   DebSelectBut
20001400   DebUpBut
00005419   GPIODirModeSet
00005171   GPIOIntTypeSet
0000468d   GPIOPadConfigSet
000056d7   GPIOPinIntClear
00005649   GPIOPinIntEnable
000056dd   GPIOPinRead
00005575   GPIOPinTypeGPIOOutput
00005587   GPIOPinTypeSSI
00005599   GPIOPinTypeUART
000056e3   GPIOPinWrite
000054c3   GPIOPortIntRegister
200013f4   HDOP
00004b85   IntEnable
00005679   IntMasterEnable
00005259   IntRegister
00001a15   PinChangeIntHandler
00002605   RIT128x96x4Clear
00002883   RIT128x96x4Disable
000029d5   RIT128x96x4DisplayOff
000029a1   RIT128x96x4DisplayOn
00002829   RIT128x96x4Enable
000027a1   RIT128x96x4ImageDraw
000028fd   RIT128x96x4Init
00002661   RIT128x96x4StringDraw
0000566d   ResetISR
UNDEFED    SHT$$INIT_ARRAY$$Base
UNDEFED    SHT$$INIT_ARRAY$$Limit
000056bf   SSIBusy
000050ad   SSIConfigSetExpClk
000055ab   SSIDataGetNonBlocking
00005683   SSIDataPut
0000568d   SSIDisable
00005697   SSIEnable
00003991   SysCtlClockGet
00003e65   SysCtlClockSet
000056e9   SysCtlDelay
00004d6d   SysCtlPeripheralEnable
00004909   SysCtlPeripheralReset
00005525   SysTickEnable
000055f5   SysTickPeriodSet
00005655   SysTickValueGet
00001919   Timer0IntHandler
00001d77   Timer1IntHandler
00005445   TimerConfigure
00005605   TimerEnable
000056fb   TimerIntClear
000056c7   TimerIntEnable
000055bd   TimerLoadSet
00005613   UARTCharGetNonBlocking
000056a1   UARTCharPut
00005661   UARTCharsAvail
000050ef   UARTConfigSetExpClk
0000548d   UARTDisable
00005539   UARTEnable
000056ab   UARTFIFOEnable
000056ff   UARTIntClear
000056cf   UARTIntEnable
00001b09   UARTIntHandler
000056b5   UARTIntStatus
00003169   UARTSend
20001498   UART_char_data
20001510   UART_char_data_old
0000562f   _Dclass
20001320   _Denorm
000045c9   _Dnorm
000040e5   _Dscale
00005069   _Dtest
20001330   _Eps
2000148c   _Errno
20001484   _Fenv
0000538d   _Feraise
20001340   _Hugeval
20001350   _Inf
20001360   _Nan
20001380   _Rteps
20001370   _Snan
20001488   _Tls_setup__Fenv
20001390   _Xbig
20001398   _Zero
20000a6c   __STACK_END
00000800   __STACK_SIZE
2000046c   __STACK_TOP
00000800   __SYSMEM_SIZE
00005cc8   __TI_CINIT_Base
00005ce0   __TI_CINIT_Limit
00005ca8   __TI_Handler_Table_Base
00005cb4   __TI_Handler_Table_Limit
00000001   __TI_args_main
000047e1   __TI_auto_init
2000147c   __TI_cleanup_ptr
00005621   __TI_decompress_none
000056ef   __TI_decompress_rle24
20001480   __TI_dtors_ptr
00000c5f   __TI_printfi
00000000   __TI_static_base__
000055cf   __TI_zero_init
00004995   __aeabi_cdcmpeq
00004995   __aeabi_cdcmple
00004a13   __aeabi_cdrcmple
00004bed   __aeabi_cfcmpeq
00004bed   __aeabi_cfcmple
00004c4d   __aeabi_cfrcmple
00004f09   __aeabi_d2f
00004f53   __aeabi_d2iz
00005025   __aeabi_d2uiz
00003b63   __aeabi_dadd
00003fad   __aeabi_ddiv
000042f1   __aeabi_dmul
00003b59   __aeabi_dsub
000051af   __aeabi_f2d
000051e7   __aeabi_f2iz
000052f5   __aeabi_f2uiz
000043f1   __aeabi_fadd
00004875   __aeabi_fdiv
00004a91   __aeabi_fmul
000043ed   __aeabi_fsub
000053bd   __aeabi_i2d
0000521f   __aeabi_i2f
000054f5   __aeabi_lmul
00004b0b   __aeabi_memclr
00004b0b   __aeabi_memclr4
00004b0b   __aeabi_memclr8
00004745   __aeabi_memcpy
00004745   __aeabi_memcpy4
00004745   __aeabi_memcpy8
00004b0d   __aeabi_memset
00004b0d   __aeabi_memset4
00004b0d   __aeabi_memset8
0000546d   __aeabi_ui2d
0000379d   __aeabi_uldivmod
ffffffff   __binit__
ffffffff   __c_args__
2000026c   __stack
000054dd   _args_main
0000528d   _c_int00
000058e8   _ctypes_
20001474   _lock
0000555b   _nop
00005553   _register_lock
0000554d   _register_unlock
20000a70   _sys_memory
20001478   _unlock
00004fe5   abort
200013b0   acceleration
200013fc   altitude
00001c5d   analysis_speed
200013ac   angle
000056f5   atof
00004e25   atoi
00004e71   atol
ffffffff   binit
00002fe1   bit_check
200013a4   buffed_speed
200013a8   buffed_speed_1_old
00002dd9   button_choker
20001440   button_pressed
0000102d   calculate_accleration
00000f9d   calculate_distance
00002da1   calloc
00001fc5   clearDisplay
00004f9d   copy_in
200013ec   count
00002e01   debounce_button
0000109d   decode_GGA
000014c9   decode_RMC
000022d5   display
200013bc   distance
20001444   encoder_1
20001448   encoder_2
00002115   enter_fuel_display
00004fed   exit
000052c1   feraiseexcept
200013d0   fix
200013e8   fixquality
200015c4   flag1
00003d11   fmod
00002afb   free
20000000   g_pfnRAMVectors
00000000   g_pfnVectors
200013f8   geoidheight
00000f69   get_speed
20001458   index
00003285   initCircBuf
000030d1   initClock
000031b1   initConsole
0000315f   initDisplay
000030e7   initGPIO
0000310b   initPin
0000321d   initTimer
00002063   init_password
2000143c   last_debounce
200013f0   last_time
200015cc   lat
200013b4   latitude
200013c8   latitudeDegrees
200013c0   latitude_fixed
200015b4   location
200015cd   lon
200013b8   longitude
200013cc   longitudeDegrees
200013c4   longitude_fixed
00004dc9   ltoa
00001df5   main
20001494   main_func_sp
00002a99   malloc
00001c99   max_acc_func
00002cc1   memalign
000054a9   memccpy
00004745   memcpy
00004b13   memset
00002a0d   minit
000021f1   no_fix_screen
00001fcd   password_display
2000144c   prev_state
000053eb   raise
00004ed3   rand
00001cb9   random_at_most
20001420   raw_cw
20001434   raw_cw_p
20001414   raw_down
20001428   raw_down_p
2000141c   raw_left
20001430   raw_left_p
20001424   raw_select
20001438   raw_select_p
20001418   raw_up
2000142c   raw_up_p
00001019   read_acceleration
00001b3d   read_button_screen
2000145c   read_data
00000f97   read_distance
00000f8b   read_fix
00000f81   read_location
00000f91   read_quality
00000f7b   read_satillite
000044e9   read_speed
00000f6f   read_time
200015bc   real_time
00002bbb   realloc
00003095   reset_peripheral
00002f33   return_button
0000215b   review_fuel_display
200013e9   satellites
00001bb5   send_data
00001d19   send_info
0000450d   set_speed
0000207b   set_speed_display
00005131   signal
200013a0   speed
20001588   speed_array
00004591   speed_feedback
00001955   split_data
00004cad   sprintf
00004ebd   srand
0000347d   step
0000340f   step_mode_return
00003503   step_motor_control
00003301   stepper_motor
00003415   stepper_motor_off
00003441   stepper_system
00001ab9   store_char
00001c25   store_speed
0000550d   strchr
000055e1   strcpy
00005561   strlen
0000535b   strncpy
00005329   strstr
00003565   strtod
20001454   thing
20001470   thisStep
200013d4   time_array
2000146c   time_last
20001450   time_last_2
000018d9   update_array


GLOBAL SYMBOLS: SORTED BY Symbol Address 

address    name
--------   ----
00000000   __TI_static_base__
00000000   g_pfnVectors
00000001   __TI_args_main
00000800   __STACK_SIZE
00000800   __SYSMEM_SIZE
00000c5f   __TI_printfi
00000f69   get_speed
00000f6f   read_time
00000f7b   read_satillite
00000f81   read_location
00000f8b   read_fix
00000f91   read_quality
00000f97   read_distance
00000f9d   calculate_distance
00001019   read_acceleration
0000102d   calculate_accleration
0000109d   decode_GGA
000014c9   decode_RMC
000018d9   update_array
00001919   Timer0IntHandler
00001955   split_data
00001a15   PinChangeIntHandler
00001ab9   store_char
00001b09   UARTIntHandler
00001b3d   read_button_screen
00001bb5   send_data
00001c25   store_speed
00001c5d   analysis_speed
00001c99   max_acc_func
00001cb9   random_at_most
00001d19   send_info
00001d77   Timer1IntHandler
00001df5   main
00001fc5   clearDisplay
00001fcd   password_display
00002063   init_password
0000207b   set_speed_display
00002115   enter_fuel_display
0000215b   review_fuel_display
000021f1   no_fix_screen
000022d5   display
00002605   RIT128x96x4Clear
00002661   RIT128x96x4StringDraw
000027a1   RIT128x96x4ImageDraw
00002829   RIT128x96x4Enable
00002883   RIT128x96x4Disable
000028fd   RIT128x96x4Init
000029a1   RIT128x96x4DisplayOn
000029d5   RIT128x96x4DisplayOff
00002a0d   minit
00002a99   malloc
00002afb   free
00002bbb   realloc
00002cc1   memalign
00002da1   calloc
00002dd9   button_choker
00002e01   debounce_button
00002f33   return_button
00002fe1   bit_check
00003095   reset_peripheral
000030d1   initClock
000030e7   initGPIO
0000310b   initPin
0000315f   initDisplay
00003169   UARTSend
000031b1   initConsole
0000321d   initTimer
00003285   initCircBuf
00003301   stepper_motor
0000340f   step_mode_return
00003415   stepper_motor_off
00003441   stepper_system
0000347d   step
00003503   step_motor_control
00003565   strtod
0000379d   __aeabi_uldivmod
00003991   SysCtlClockGet
00003b59   __aeabi_dsub
00003b63   __aeabi_dadd
00003d11   fmod
00003e65   SysCtlClockSet
00003fad   __aeabi_ddiv
000040e5   _Dscale
000042f1   __aeabi_dmul
000043ed   __aeabi_fsub
000043f1   __aeabi_fadd
000044e9   read_speed
0000450d   set_speed
00004591   speed_feedback
000045c9   _Dnorm
0000468d   GPIOPadConfigSet
00004745   __aeabi_memcpy
00004745   __aeabi_memcpy4
00004745   __aeabi_memcpy8
00004745   memcpy
000047e1   __TI_auto_init
00004875   __aeabi_fdiv
00004909   SysCtlPeripheralReset
00004995   __aeabi_cdcmpeq
00004995   __aeabi_cdcmple
00004a13   __aeabi_cdrcmple
00004a91   __aeabi_fmul
00004b0b   __aeabi_memclr
00004b0b   __aeabi_memclr4
00004b0b   __aeabi_memclr8
00004b0d   __aeabi_memset
00004b0d   __aeabi_memset4
00004b0d   __aeabi_memset8
00004b13   memset
00004b85   IntEnable
00004bed   __aeabi_cfcmpeq
00004bed   __aeabi_cfcmple
00004c4d   __aeabi_cfrcmple
00004cad   sprintf
00004d6d   SysCtlPeripheralEnable
00004dc9   ltoa
00004e25   atoi
00004e71   atol
00004ebd   srand
00004ed3   rand
00004f09   __aeabi_d2f
00004f53   __aeabi_d2iz
00004f9d   copy_in
00004fe1   C$$EXIT
00004fe5   abort
00004fed   exit
00005025   __aeabi_d2uiz
00005069   _Dtest
000050ad   SSIConfigSetExpClk
000050ef   UARTConfigSetExpClk
00005131   signal
00005171   GPIOIntTypeSet
000051af   __aeabi_f2d
000051e7   __aeabi_f2iz
0000521f   __aeabi_i2f
00005259   IntRegister
0000528d   _c_int00
000052c1   feraiseexcept
000052f5   __aeabi_f2uiz
00005329   strstr
0000535b   strncpy
0000538d   _Feraise
000053bd   __aeabi_i2d
000053eb   raise
00005419   GPIODirModeSet
00005445   TimerConfigure
0000546d   __aeabi_ui2d
0000548d   UARTDisable
000054a9   memccpy
000054c3   GPIOPortIntRegister
000054dd   _args_main
000054f5   __aeabi_lmul
0000550d   strchr
00005525   SysTickEnable
00005539   UARTEnable
0000554d   _register_unlock
00005553   _register_lock
0000555b   _nop
00005561   strlen
00005575   GPIOPinTypeGPIOOutput
00005587   GPIOPinTypeSSI
00005599   GPIOPinTypeUART
000055ab   SSIDataGetNonBlocking
000055bd   TimerLoadSet
000055cf   __TI_zero_init
000055e1   strcpy
000055f5   SysTickPeriodSet
00005605   TimerEnable
00005613   UARTCharGetNonBlocking
00005621   __TI_decompress_none
0000562f   _Dclass
0000563d   CPUcpsie
00005649   GPIOPinIntEnable
00005655   SysTickValueGet
00005661   UARTCharsAvail
0000566d   ResetISR
00005679   IntMasterEnable
00005683   SSIDataPut
0000568d   SSIDisable
00005697   SSIEnable
000056a1   UARTCharPut
000056ab   UARTFIFOEnable
000056b5   UARTIntStatus
000056bf   SSIBusy
000056c7   TimerIntEnable
000056cf   UARTIntEnable
000056d7   GPIOPinIntClear
000056dd   GPIOPinRead
000056e3   GPIOPinWrite
000056e9   SysCtlDelay
000056ef   __TI_decompress_rle24
000056f5   atof
000056fb   TimerIntClear
000056ff   UARTIntClear
000058e8   _ctypes_
00005ca8   __TI_Handler_Table_Base
00005cb4   __TI_Handler_Table_Limit
00005cc8   __TI_CINIT_Base
00005ce0   __TI_CINIT_Limit
20000000   g_pfnRAMVectors
2000026c   __stack
2000046c   __STACK_TOP
20000a6c   __STACK_END
20000a70   _sys_memory
20001320   _Denorm
20001330   _Eps
20001340   _Hugeval
20001350   _Inf
20001360   _Nan
20001370   _Snan
20001380   _Rteps
20001390   _Xbig
20001398   _Zero
200013a0   speed
200013a4   buffed_speed
200013a8   buffed_speed_1_old
200013ac   angle
200013b0   acceleration
200013b4   latitude
200013b8   longitude
200013bc   distance
200013c0   latitude_fixed
200013c4   longitude_fixed
200013c8   latitudeDegrees
200013cc   longitudeDegrees
200013d0   fix
200013d4   time_array
200013e8   fixquality
200013e9   satellites
200013ec   count
200013f0   last_time
200013f4   HDOP
200013f8   geoidheight
200013fc   altitude
20001400   DebUpBut
20001404   DebDownBut
20001408   DebLeftBut
2000140c   DebCwBut
20001410   DebSelectBut
20001414   raw_down
20001418   raw_up
2000141c   raw_left
20001420   raw_cw
20001424   raw_select
20001428   raw_down_p
2000142c   raw_up_p
20001430   raw_left_p
20001434   raw_cw_p
20001438   raw_select_p
2000143c   last_debounce
20001440   button_pressed
20001444   encoder_1
20001448   encoder_2
2000144c   prev_state
20001450   time_last_2
20001454   thing
20001458   index
2000145c   read_data
2000146c   time_last
20001470   thisStep
20001474   _lock
20001478   _unlock
2000147c   __TI_cleanup_ptr
20001480   __TI_dtors_ptr
20001484   _Fenv
20001488   _Tls_setup__Fenv
2000148c   _Errno
20001494   main_func_sp
20001498   UART_char_data
20001510   UART_char_data_old
20001588   speed_array
200015b4   location
200015bc   real_time
200015c4   flag1
200015cc   lat
200015cd   lon
ffffffff   __binit__
ffffffff   __c_args__
ffffffff   binit
UNDEFED    SHT$$INIT_ARRAY$$Base
UNDEFED    SHT$$INIT_ARRAY$$Limit

[281 symbols]
