<?xml version="1.0"?>
<link_info>
   <banner>TI ARM Linker PC v15.12.1.LTS</banner>
   <copyright>Copyright (c) 1996-2015 Texas Instruments Incorporated</copyright>
   <link_time>0x579c1426</link_time>
   <link_errors>0x0</link_errors>
   <output_file>c_control.out</output_file>
   <entry_point>
      <name>_c_int00</name>
      <address>0x5965</address>
   </entry_point>
   <input_file_list>
      <input_file id="fl-2">
         <path>.\</path>
         <kind>object</kind>
         <file>data_process.obj</file>
         <name>data_process.obj</name>
      </input_file>
      <input_file id="fl-3">
         <path>.\</path>
         <kind>object</kind>
         <file>debounce.obj</file>
         <name>debounce.obj</name>
      </input_file>
      <input_file id="fl-4">
         <path>.\</path>
         <kind>object</kind>
         <file>display.obj</file>
         <name>display.obj</name>
      </input_file>
      <input_file id="fl-5">
         <path>.\</path>
         <kind>object</kind>
         <file>init.obj</file>
         <name>init.obj</name>
      </input_file>
      <input_file id="fl-6">
         <path>.\</path>
         <kind>object</kind>
         <file>lm3s1968_startup_ccs.obj</file>
         <name>lm3s1968_startup_ccs.obj</name>
      </input_file>
      <input_file id="fl-7">
         <path>.\</path>
         <kind>object</kind>
         <file>main.obj</file>
         <name>main.obj</name>
      </input_file>
      <input_file id="fl-8">
         <path>.\</path>
         <kind>object</kind>
         <file>motor_control.obj</file>
         <name>motor_control.obj</name>
      </input_file>
      <input_file id="fl-9">
         <path>.\</path>
         <kind>object</kind>
         <file>rit128x96x4.obj</file>
         <name>rit128x96x4.obj</name>
      </input_file>
      <input_file id="fl-a">
         <path>.\</path>
         <kind>object</kind>
         <file>speed.obj</file>
         <name>speed.obj</name>
      </input_file>
      <input_file id="fl-c5">
         <path>C:\ti\ccsv6\tools\compiler\ti-cgt-arm_15.12.1.LTS\lib\</path>
         <kind>archive</kind>
         <file>rtsv7M3_T_le_eabi.lib</file>
         <name>atof.obj</name>
      </input_file>
      <input_file id="fl-c6">
         <path>C:\ti\ccsv6\tools\compiler\ti-cgt-arm_15.12.1.LTS\lib\</path>
         <kind>archive</kind>
         <file>rtsv7M3_T_le_eabi.lib</file>
         <name>atoi.obj</name>
      </input_file>
      <input_file id="fl-c7">
         <path>C:\ti\ccsv6\tools\compiler\ti-cgt-arm_15.12.1.LTS\lib\</path>
         <kind>archive</kind>
         <file>rtsv7M3_T_le_eabi.lib</file>
         <name>atol.obj</name>
      </input_file>
      <input_file id="fl-c8">
         <path>C:\ti\ccsv6\tools\compiler\ti-cgt-arm_15.12.1.LTS\lib\</path>
         <kind>archive</kind>
         <file>rtsv7M3_T_le_eabi.lib</file>
         <name>boot.obj</name>
      </input_file>
      <input_file id="fl-c9">
         <path>C:\ti\ccsv6\tools\compiler\ti-cgt-arm_15.12.1.LTS\lib\</path>
         <kind>archive</kind>
         <file>rtsv7M3_T_le_eabi.lib</file>
         <name>copy_decompress_none.obj</name>
      </input_file>
      <input_file id="fl-ca">
         <path>C:\ti\ccsv6\tools\compiler\ti-cgt-arm_15.12.1.LTS\lib\</path>
         <kind>archive</kind>
         <file>rtsv7M3_T_le_eabi.lib</file>
         <name>copy_decompress_rle.obj</name>
      </input_file>
      <input_file id="fl-cb">
         <path>C:\ti\ccsv6\tools\compiler\ti-cgt-arm_15.12.1.LTS\lib\</path>
         <kind>archive</kind>
         <file>rtsv7M3_T_le_eabi.lib</file>
         <name>copy_zero_init.obj</name>
      </input_file>
      <input_file id="fl-cc">
         <path>C:\ti\ccsv6\tools\compiler\ti-cgt-arm_15.12.1.LTS\lib\</path>
         <kind>archive</kind>
         <file>rtsv7M3_T_le_eabi.lib</file>
         <name>ctype.obj</name>
      </input_file>
      <input_file id="fl-cd">
         <path>C:\ti\ccsv6\tools\compiler\ti-cgt-arm_15.12.1.LTS\lib\</path>
         <kind>archive</kind>
         <file>rtsv7M3_T_le_eabi.lib</file>
         <name>e_fmod.obj</name>
      </input_file>
      <input_file id="fl-ce">
         <path>C:\ti\ccsv6\tools\compiler\ti-cgt-arm_15.12.1.LTS\lib\</path>
         <kind>archive</kind>
         <file>rtsv7M3_T_le_eabi.lib</file>
         <name>exit.obj</name>
      </input_file>
      <input_file id="fl-cf">
         <path>C:\ti\ccsv6\tools\compiler\ti-cgt-arm_15.12.1.LTS\lib\</path>
         <kind>archive</kind>
         <file>rtsv7M3_T_le_eabi.lib</file>
         <name>fd_add_t2.obj</name>
      </input_file>
      <input_file id="fl-d0">
         <path>C:\ti\ccsv6\tools\compiler\ti-cgt-arm_15.12.1.LTS\lib\</path>
         <kind>archive</kind>
         <file>rtsv7M3_T_le_eabi.lib</file>
         <name>fd_div_t2.obj</name>
      </input_file>
      <input_file id="fl-d1">
         <path>C:\ti\ccsv6\tools\compiler\ti-cgt-arm_15.12.1.LTS\lib\</path>
         <kind>archive</kind>
         <file>rtsv7M3_T_le_eabi.lib</file>
         <name>fd_mul_t2.obj</name>
      </input_file>
      <input_file id="fl-d2">
         <path>C:\ti\ccsv6\tools\compiler\ti-cgt-arm_15.12.1.LTS\lib\</path>
         <kind>archive</kind>
         <file>rtsv7M3_T_le_eabi.lib</file>
         <name>fd_tos_t2.obj</name>
      </input_file>
      <input_file id="fl-d3">
         <path>C:\ti\ccsv6\tools\compiler\ti-cgt-arm_15.12.1.LTS\lib\</path>
         <kind>archive</kind>
         <file>rtsv7M3_T_le_eabi.lib</file>
         <name>fd_tou_t2.obj</name>
      </input_file>
      <input_file id="fl-d4">
         <path>C:\ti\ccsv6\tools\compiler\ti-cgt-arm_15.12.1.LTS\lib\</path>
         <kind>archive</kind>
         <file>rtsv7M3_T_le_eabi.lib</file>
         <name>fs_add_t2.obj</name>
      </input_file>
      <input_file id="fl-d5">
         <path>C:\ti\ccsv6\tools\compiler\ti-cgt-arm_15.12.1.LTS\lib\</path>
         <kind>archive</kind>
         <file>rtsv7M3_T_le_eabi.lib</file>
         <name>fs_cmp_t2.obj</name>
      </input_file>
      <input_file id="fl-d6">
         <path>C:\ti\ccsv6\tools\compiler\ti-cgt-arm_15.12.1.LTS\lib\</path>
         <kind>archive</kind>
         <file>rtsv7M3_T_le_eabi.lib</file>
         <name>fs_div_t2.obj</name>
      </input_file>
      <input_file id="fl-d7">
         <path>C:\ti\ccsv6\tools\compiler\ti-cgt-arm_15.12.1.LTS\lib\</path>
         <kind>archive</kind>
         <file>rtsv7M3_T_le_eabi.lib</file>
         <name>fs_mul_t2.obj</name>
      </input_file>
      <input_file id="fl-d8">
         <path>C:\ti\ccsv6\tools\compiler\ti-cgt-arm_15.12.1.LTS\lib\</path>
         <kind>archive</kind>
         <file>rtsv7M3_T_le_eabi.lib</file>
         <name>fs_tod_t2.obj</name>
      </input_file>
      <input_file id="fl-d9">
         <path>C:\ti\ccsv6\tools\compiler\ti-cgt-arm_15.12.1.LTS\lib\</path>
         <kind>archive</kind>
         <file>rtsv7M3_T_le_eabi.lib</file>
         <name>fs_toi_t2.obj</name>
      </input_file>
      <input_file id="fl-da">
         <path>C:\ti\ccsv6\tools\compiler\ti-cgt-arm_15.12.1.LTS\lib\</path>
         <kind>archive</kind>
         <file>rtsv7M3_T_le_eabi.lib</file>
         <name>fs_tou_t2.obj</name>
      </input_file>
      <input_file id="fl-db">
         <path>C:\ti\ccsv6\tools\compiler\ti-cgt-arm_15.12.1.LTS\lib\</path>
         <kind>archive</kind>
         <file>rtsv7M3_T_le_eabi.lib</file>
         <name>i_tofd_t2.obj</name>
      </input_file>
      <input_file id="fl-dc">
         <path>C:\ti\ccsv6\tools\compiler\ti-cgt-arm_15.12.1.LTS\lib\</path>
         <kind>archive</kind>
         <file>rtsv7M3_T_le_eabi.lib</file>
         <name>i_tofs_t2.obj</name>
      </input_file>
      <input_file id="fl-dd">
         <path>C:\ti\ccsv6\tools\compiler\ti-cgt-arm_15.12.1.LTS\lib\</path>
         <kind>archive</kind>
         <file>rtsv7M3_T_le_eabi.lib</file>
         <name>memcpy_t2.obj</name>
      </input_file>
      <input_file id="fl-de">
         <path>C:\ti\ccsv6\tools\compiler\ti-cgt-arm_15.12.1.LTS\lib\</path>
         <kind>archive</kind>
         <file>rtsv7M3_T_le_eabi.lib</file>
         <name>memory.obj</name>
      </input_file>
      <input_file id="fl-df">
         <path>C:\ti\ccsv6\tools\compiler\ti-cgt-arm_15.12.1.LTS\lib\</path>
         <kind>archive</kind>
         <file>rtsv7M3_T_le_eabi.lib</file>
         <name>memset_t2.obj</name>
      </input_file>
      <input_file id="fl-e0">
         <path>C:\ti\ccsv6\tools\compiler\ti-cgt-arm_15.12.1.LTS\lib\</path>
         <kind>archive</kind>
         <file>rtsv7M3_T_le_eabi.lib</file>
         <name>mpu_init.obj</name>
      </input_file>
      <input_file id="fl-e1">
         <path>C:\ti\ccsv6\tools\compiler\ti-cgt-arm_15.12.1.LTS\lib\</path>
         <kind>archive</kind>
         <file>rtsv7M3_T_le_eabi.lib</file>
         <name>pre_init.obj</name>
      </input_file>
      <input_file id="fl-e2">
         <path>C:\ti\ccsv6\tools\compiler\ti-cgt-arm_15.12.1.LTS\lib\</path>
         <kind>archive</kind>
         <file>rtsv7M3_T_le_eabi.lib</file>
         <name>sprintf.obj</name>
      </input_file>
      <input_file id="fl-e3">
         <path>C:\ti\ccsv6\tools\compiler\ti-cgt-arm_15.12.1.LTS\lib\</path>
         <kind>archive</kind>
         <file>rtsv7M3_T_le_eabi.lib</file>
         <name>stkdepth_vars.obj</name>
      </input_file>
      <input_file id="fl-e4">
         <path>C:\ti\ccsv6\tools\compiler\ti-cgt-arm_15.12.1.LTS\lib\</path>
         <kind>archive</kind>
         <file>rtsv7M3_T_le_eabi.lib</file>
         <name>strchr.obj</name>
      </input_file>
      <input_file id="fl-e5">
         <path>C:\ti\ccsv6\tools\compiler\ti-cgt-arm_15.12.1.LTS\lib\</path>
         <kind>archive</kind>
         <file>rtsv7M3_T_le_eabi.lib</file>
         <name>strcpy.obj</name>
      </input_file>
      <input_file id="fl-e6">
         <path>C:\ti\ccsv6\tools\compiler\ti-cgt-arm_15.12.1.LTS\lib\</path>
         <kind>archive</kind>
         <file>rtsv7M3_T_le_eabi.lib</file>
         <name>strncpy.obj</name>
      </input_file>
      <input_file id="fl-e7">
         <path>C:\ti\ccsv6\tools\compiler\ti-cgt-arm_15.12.1.LTS\lib\</path>
         <kind>archive</kind>
         <file>rtsv7M3_T_le_eabi.lib</file>
         <name>strstr.obj</name>
      </input_file>
      <input_file id="fl-e8">
         <path>C:\ti\ccsv6\tools\compiler\ti-cgt-arm_15.12.1.LTS\lib\</path>
         <kind>archive</kind>
         <file>rtsv7M3_T_le_eabi.lib</file>
         <name>strtod.obj</name>
      </input_file>
      <input_file id="fl-e9">
         <path>C:\ti\ccsv6\tools\compiler\ti-cgt-arm_15.12.1.LTS\lib\</path>
         <kind>archive</kind>
         <file>rtsv7M3_T_le_eabi.lib</file>
         <name>u_tofd_t2.obj</name>
      </input_file>
      <input_file id="fl-ea">
         <path>C:\ti\ccsv6\tools\compiler\ti-cgt-arm_15.12.1.LTS\lib\</path>
         <kind>archive</kind>
         <file>rtsv7M3_T_le_eabi.lib</file>
         <name>_lock.obj</name>
      </input_file>
      <input_file id="fl-eb">
         <path>C:\ti\ccsv6\tools\compiler\ti-cgt-arm_15.12.1.LTS\lib\</path>
         <kind>archive</kind>
         <file>rtsv7M3_T_le_eabi.lib</file>
         <name>_printfi.obj</name>
      </input_file>
      <input_file id="fl-ec">
         <path>C:\ti\ccsv6\tools\compiler\ti-cgt-arm_15.12.1.LTS\lib\</path>
         <kind>archive</kind>
         <file>rtsv7M3_T_le_eabi.lib</file>
         <name>args_main.obj</name>
      </input_file>
      <input_file id="fl-ed">
         <path>C:\ti\ccsv6\tools\compiler\ti-cgt-arm_15.12.1.LTS\lib\</path>
         <kind>archive</kind>
         <file>rtsv7M3_T_le_eabi.lib</file>
         <name>autoinit.obj</name>
      </input_file>
      <input_file id="fl-ee">
         <path>C:\ti\ccsv6\tools\compiler\ti-cgt-arm_15.12.1.LTS\lib\</path>
         <kind>archive</kind>
         <file>rtsv7M3_T_le_eabi.lib</file>
         <name>cpy_tbl.obj</name>
      </input_file>
      <input_file id="fl-ef">
         <path>C:\ti\ccsv6\tools\compiler\ti-cgt-arm_15.12.1.LTS\lib\</path>
         <kind>archive</kind>
         <file>rtsv7M3_T_le_eabi.lib</file>
         <name>errno.obj</name>
      </input_file>
      <input_file id="fl-f0">
         <path>C:\ti\ccsv6\tools\compiler\ti-cgt-arm_15.12.1.LTS\lib\</path>
         <kind>archive</kind>
         <file>rtsv7M3_T_le_eabi.lib</file>
         <name>fd_cmp_t2.obj</name>
      </input_file>
      <input_file id="fl-f1">
         <path>C:\ti\ccsv6\tools\compiler\ti-cgt-arm_15.12.1.LTS\lib\</path>
         <kind>archive</kind>
         <file>rtsv7M3_T_le_eabi.lib</file>
         <name>fd_toi_t2.obj</name>
      </input_file>
      <input_file id="fl-f2">
         <path>C:\ti\ccsv6\tools\compiler\ti-cgt-arm_15.12.1.LTS\lib\</path>
         <kind>archive</kind>
         <file>rtsv7M3_T_le_eabi.lib</file>
         <name>ltoa.obj</name>
      </input_file>
      <input_file id="fl-f3">
         <path>C:\ti\ccsv6\tools\compiler\ti-cgt-arm_15.12.1.LTS\lib\</path>
         <kind>archive</kind>
         <file>rtsv7M3_T_le_eabi.lib</file>
         <name>memccpy.obj</name>
      </input_file>
      <input_file id="fl-f4">
         <path>C:\ti\ccsv6\tools\compiler\ti-cgt-arm_15.12.1.LTS\lib\</path>
         <kind>archive</kind>
         <file>rtsv7M3_T_le_eabi.lib</file>
         <name>s_frexp.obj</name>
      </input_file>
      <input_file id="fl-f5">
         <path>C:\ti\ccsv6\tools\compiler\ti-cgt-arm_15.12.1.LTS\lib\</path>
         <kind>archive</kind>
         <file>rtsv7M3_T_le_eabi.lib</file>
         <name>s_scalbn.obj</name>
      </input_file>
      <input_file id="fl-f6">
         <path>C:\ti\ccsv6\tools\compiler\ti-cgt-arm_15.12.1.LTS\lib\</path>
         <kind>archive</kind>
         <file>rtsv7M3_T_le_eabi.lib</file>
         <name>startup.obj</name>
      </input_file>
      <input_file id="fl-f7">
         <path>C:\ti\ccsv6\tools\compiler\ti-cgt-arm_15.12.1.LTS\lib\</path>
         <kind>archive</kind>
         <file>rtsv7M3_T_le_eabi.lib</file>
         <name>strlen.obj</name>
      </input_file>
      <input_file id="fl-f8">
         <path>C:\ti\ccsv6\tools\compiler\ti-cgt-arm_15.12.1.LTS\lib\</path>
         <kind>archive</kind>
         <file>rtsv7M3_T_le_eabi.lib</file>
         <name>ull_div_t2.obj</name>
      </input_file>
      <input_file id="fl-f9">
         <path>C:\ti\ccsv6\tools\compiler\ti-cgt-arm_15.12.1.LTS\lib\</path>
         <kind>archive</kind>
         <file>rtsv7M3_T_le_eabi.lib</file>
         <name>s_copysign.obj</name>
      </input_file>
      <input_file id="fl-fa">
         <path>C:\ti\StellarisWare\driverlib\ccs-cm3\Debug\</path>
         <kind>archive</kind>
         <file>driverlib-cm3.lib</file>
         <name>uart.obj</name>
      </input_file>
      <input_file id="fl-fb">
         <path>C:\ti\StellarisWare\driverlib\ccs-cm3\Debug\</path>
         <kind>archive</kind>
         <file>driverlib-cm3.lib</file>
         <name>timer.obj</name>
      </input_file>
      <input_file id="fl-fc">
         <path>C:\ti\StellarisWare\driverlib\ccs-cm3\Debug\</path>
         <kind>archive</kind>
         <file>driverlib-cm3.lib</file>
         <name>systick.obj</name>
      </input_file>
      <input_file id="fl-fd">
         <path>C:\ti\StellarisWare\driverlib\ccs-cm3\Debug\</path>
         <kind>archive</kind>
         <file>driverlib-cm3.lib</file>
         <name>sysctl.obj</name>
      </input_file>
      <input_file id="fl-fe">
         <path>C:\ti\StellarisWare\driverlib\ccs-cm3\Debug\</path>
         <kind>archive</kind>
         <file>driverlib-cm3.lib</file>
         <name>ssi.obj</name>
      </input_file>
      <input_file id="fl-ff">
         <path>C:\ti\StellarisWare\driverlib\ccs-cm3\Debug\</path>
         <kind>archive</kind>
         <file>driverlib-cm3.lib</file>
         <name>interrupt.obj</name>
      </input_file>
      <input_file id="fl-100">
         <path>C:\ti\StellarisWare\driverlib\ccs-cm3\Debug\</path>
         <kind>archive</kind>
         <file>driverlib-cm3.lib</file>
         <name>gpio.obj</name>
      </input_file>
      <input_file id="fl-101">
         <path>C:\ti\StellarisWare\driverlib\ccs-cm3\Debug\</path>
         <kind>archive</kind>
         <file>driverlib-cm3.lib</file>
         <name>cpu.obj</name>
      </input_file>
      <input_file id="fl-102">
         <path>C:\ti\StellarisWare\driverlib\ccs-cm3\Debug\</path>
         <kind>archive</kind>
         <file>driverlib-cm3.lib</file>
         <name>adc.obj</name>
      </input_file>
   </input_file_list>
   <object_component_list>
      <object_component id="oc-f">
         <name>.intvecs</name>
         <load_address>0x0</load_address>
         <run_address>0x0</run_address>
         <size>0xf0</size>
         <input_file_ref idref="fl-6"/>
      </object_component>
      <object_component id="oc-26d">
         <name>.text</name>
         <load_address>0xf0</load_address>
         <run_address>0xf0</run_address>
         <size>0x10f0</size>
         <input_file_ref idref="fl-eb"/>
      </object_component>
      <object_component id="oc-3a">
         <name>.text</name>
         <load_address>0x11e0</load_address>
         <run_address>0x11e0</run_address>
         <size>0xac4</size>
         <input_file_ref idref="fl-2"/>
      </object_component>
      <object_component id="oc-34">
         <name>.text</name>
         <load_address>0x1ca4</load_address>
         <run_address>0x1ca4</run_address>
         <size>0x844</size>
         <input_file_ref idref="fl-7"/>
      </object_component>
      <object_component id="oc-b3">
         <name>.text</name>
         <load_address>0x24e8</load_address>
         <run_address>0x24e8</run_address>
         <size>0x692</size>
         <input_file_ref idref="fl-4"/>
      </object_component>
      <object_component id="oc-68">
         <name>.text</name>
         <load_address>0x2b7a</load_address>
         <run_address>0x2b7a</run_address>
         <size>0x2</size>
         <input_file_ref idref="fl-e0"/>
      </object_component>
      <object_component id="oc-1e3">
         <name>.text</name>
         <load_address>0x2b7c</load_address>
         <run_address>0x2b7c</run_address>
         <size>0x510</size>
         <input_file_ref idref="fl-9"/>
      </object_component>
      <object_component id="oc-257">
         <name>.text</name>
         <load_address>0x308c</load_address>
         <run_address>0x308c</run_address>
         <size>0x3dc</size>
         <input_file_ref idref="fl-de"/>
      </object_component>
      <object_component id="oc-b9">
         <name>.text</name>
         <load_address>0x3468</load_address>
         <run_address>0x3468</run_address>
         <size>0x300</size>
         <input_file_ref idref="fl-5"/>
      </object_component>
      <object_component id="oc-ad">
         <name>.text</name>
         <load_address>0x3768</load_address>
         <run_address>0x3768</run_address>
         <size>0x2f8</size>
         <input_file_ref idref="fl-3"/>
      </object_component>
      <object_component id="oc-117">
         <name>.text</name>
         <load_address>0x3a60</load_address>
         <run_address>0x3a60</run_address>
         <size>0x264</size>
         <input_file_ref idref="fl-8"/>
      </object_component>
      <object_component id="oc-2a8">
         <name>.text</name>
         <load_address>0x3cc4</load_address>
         <run_address>0x3cc4</run_address>
         <size>0x238</size>
         <input_file_ref idref="fl-e8"/>
      </object_component>
      <object_component id="oc-159">
         <name>.text</name>
         <load_address>0x3efc</load_address>
         <run_address>0x3efc</run_address>
         <size>0x224</size>
         <input_file_ref idref="fl-cd"/>
      </object_component>
      <object_component id="oc-36a">
         <name>.text</name>
         <load_address>0x4120</load_address>
         <run_address>0x4120</run_address>
         <size>0x1f4</size>
         <input_file_ref idref="fl-f8"/>
      </object_component>
      <object_component id="oc-233">
         <name>.text:SysCtlClockGet</name>
         <load_address>0x4314</load_address>
         <run_address>0x4314</run_address>
         <size>0x1d8</size>
         <input_file_ref idref="fl-fd"/>
      </object_component>
      <object_component id="oc-e8">
         <name>.text</name>
         <load_address>0x44ec</load_address>
         <run_address>0x44ec</run_address>
         <size>0x1b6</size>
         <input_file_ref idref="fl-cf"/>
      </object_component>
      <object_component id="oc-1ac">
         <name>.text</name>
         <load_address>0x46a2</load_address>
         <run_address>0x46a2</run_address>
         <size>0x2</size>
         <input_file_ref idref="fl-f6"/>
      </object_component>
      <object_component id="oc-1ef">
         <name>.text:SysCtlClockSet</name>
         <load_address>0x46a4</load_address>
         <run_address>0x46a4</run_address>
         <size>0x144</size>
         <input_file_ref idref="fl-fd"/>
      </object_component>
      <object_component id="oc-132">
         <name>.text</name>
         <load_address>0x47e8</load_address>
         <run_address>0x47e8</run_address>
         <size>0x136</size>
         <input_file_ref idref="fl-d0"/>
      </object_component>
      <object_component id="oc-10c">
         <name>.text</name>
         <load_address>0x4920</load_address>
         <run_address>0x4920</run_address>
         <size>0x12c</size>
         <input_file_ref idref="fl-a"/>
      </object_component>
      <object_component id="oc-33a">
         <name>.text:GPIOGetIntNumber</name>
         <load_address>0x4a4c</load_address>
         <run_address>0x4a4c</run_address>
         <size>0xfc</size>
         <input_file_ref idref="fl-100"/>
      </object_component>
      <object_component id="oc-13c">
         <name>.text</name>
         <load_address>0x4b48</load_address>
         <run_address>0x4b48</run_address>
         <size>0xfc</size>
         <input_file_ref idref="fl-d1"/>
      </object_component>
      <object_component id="oc-c7">
         <name>.text</name>
         <load_address>0x4c44</load_address>
         <run_address>0x4c44</run_address>
         <size>0xfa</size>
         <input_file_ref idref="fl-d4"/>
      </object_component>
      <object_component id="oc-390">
         <name>.text</name>
         <load_address>0x4d40</load_address>
         <run_address>0x4d40</run_address>
         <size>0xd0</size>
         <input_file_ref idref="fl-f5"/>
      </object_component>
      <object_component id="oc-1ff">
         <name>.text:GPIOPadConfigSet</name>
         <load_address>0x4e10</load_address>
         <run_address>0x4e10</run_address>
         <size>0xc8</size>
         <input_file_ref idref="fl-100"/>
      </object_component>
      <object_component id="oc-43">
         <name>.text</name>
         <load_address>0x4ed8</load_address>
         <run_address>0x4ed8</run_address>
         <size>0x9c</size>
         <input_file_ref idref="fl-dd"/>
      </object_component>
      <object_component id="oc-cc">
         <name>.text</name>
         <load_address>0x4f74</load_address>
         <run_address>0x4f74</run_address>
         <size>0x92</size>
         <input_file_ref idref="fl-d6"/>
      </object_component>
      <object_component id="oc-1eb">
         <name>.text:SysCtlPeripheralReset</name>
         <load_address>0x5008</load_address>
         <run_address>0x5008</run_address>
         <size>0x88</size>
         <input_file_ref idref="fl-fd"/>
      </object_component>
      <object_component id="oc-375">
         <name>.text:__aeabi_cdcmple</name>
         <load_address>0x5090</load_address>
         <run_address>0x5090</run_address>
         <size>0x86</size>
         <input_file_ref idref="fl-f0"/>
      </object_component>
      <object_component id="oc-37a">
         <name>.text:__aeabi_cdrcmple</name>
         <load_address>0x5116</load_address>
         <run_address>0x5116</run_address>
         <size>0x86</size>
         <input_file_ref idref="fl-f0"/>
      </object_component>
      <object_component id="oc-170">
         <name>.text</name>
         <load_address>0x519c</load_address>
         <run_address>0x519c</run_address>
         <size>0x7a</size>
         <input_file_ref idref="fl-d7"/>
      </object_component>
      <object_component id="oc-5c">
         <name>.text</name>
         <load_address>0x5216</load_address>
         <run_address>0x5216</run_address>
         <size>0x7a</size>
         <input_file_ref idref="fl-df"/>
      </object_component>
      <object_component id="oc-74">
         <name>.text</name>
         <load_address>0x5290</load_address>
         <run_address>0x5290</run_address>
         <size>0x70</size>
         <input_file_ref idref="fl-ed"/>
      </object_component>
      <object_component id="oc-ed">
         <name>.text</name>
         <load_address>0x5300</load_address>
         <run_address>0x5300</run_address>
         <size>0x6e</size>
         <input_file_ref idref="fl-d2"/>
      </object_component>
      <object_component id="oc-21f">
         <name>.text:ADCSequenceStepConfigure</name>
         <load_address>0x536e</load_address>
         <run_address>0x536e</run_address>
         <size>0x6c</size>
         <input_file_ref idref="fl-102"/>
      </object_component>
      <object_component id="oc-4f">
         <name>.text</name>
         <load_address>0x53da</load_address>
         <run_address>0x53da</run_address>
         <size>0x6a</size>
         <input_file_ref idref="fl-ca"/>
      </object_component>
      <object_component id="oc-213">
         <name>.text:IntEnable</name>
         <load_address>0x5444</load_address>
         <run_address>0x5444</run_address>
         <size>0x64</size>
         <input_file_ref idref="fl-ff"/>
      </object_component>
      <object_component id="oc-f3">
         <name>.text:__aeabi_cfcmple</name>
         <load_address>0x54a8</load_address>
         <run_address>0x54a8</run_address>
         <size>0x60</size>
         <input_file_ref idref="fl-d5"/>
      </object_component>
      <object_component id="oc-c2">
         <name>.text:__aeabi_cfrcmple</name>
         <load_address>0x5508</load_address>
         <run_address>0x5508</run_address>
         <size>0x60</size>
         <input_file_ref idref="fl-d5"/>
      </object_component>
      <object_component id="oc-d9">
         <name>.text</name>
         <load_address>0x5568</load_address>
         <run_address>0x5568</run_address>
         <size>0x60</size>
         <input_file_ref idref="fl-e2"/>
      </object_component>
      <object_component id="oc-38a">
         <name>.text</name>
         <load_address>0x55c8</load_address>
         <run_address>0x55c8</run_address>
         <size>0x5c</size>
         <input_file_ref idref="fl-f4"/>
      </object_component>
      <object_component id="oc-1fb">
         <name>.text:SysCtlPeripheralEnable</name>
         <load_address>0x5624</load_address>
         <run_address>0x5624</run_address>
         <size>0x58</size>
         <input_file_ref idref="fl-fd"/>
      </object_component>
      <object_component id="oc-384">
         <name>.text</name>
         <load_address>0x567c</load_address>
         <run_address>0x567c</run_address>
         <size>0x56</size>
         <input_file_ref idref="fl-f2"/>
      </object_component>
      <object_component id="oc-80">
         <name>.text</name>
         <load_address>0x56d4</load_address>
         <run_address>0x56d4</run_address>
         <size>0x54</size>
         <input_file_ref idref="fl-ce"/>
      </object_component>
      <object_component id="oc-17a">
         <name>.text</name>
         <load_address>0x5728</load_address>
         <run_address>0x5728</run_address>
         <size>0x4c</size>
         <input_file_ref idref="fl-c6"/>
      </object_component>
      <object_component id="oc-16a">
         <name>.text</name>
         <load_address>0x5774</load_address>
         <run_address>0x5774</run_address>
         <size>0x4c</size>
         <input_file_ref idref="fl-c7"/>
      </object_component>
      <object_component id="oc-1a6">
         <name>.text</name>
         <load_address>0x57c0</load_address>
         <run_address>0x57c0</run_address>
         <size>0x4c</size>
         <input_file_ref idref="fl-ee"/>
      </object_component>
      <object_component id="oc-37f">
         <name>.text</name>
         <load_address>0x580c</load_address>
         <run_address>0x580c</run_address>
         <size>0x48</size>
         <input_file_ref idref="fl-f1"/>
      </object_component>
      <object_component id="oc-20b">
         <name>.text:GPIOIntTypeSet</name>
         <load_address>0x5854</load_address>
         <run_address>0x5854</run_address>
         <size>0x44</size>
         <input_file_ref idref="fl-100"/>
      </object_component>
      <object_component id="oc-304">
         <name>.text:SSIConfigSetExpClk</name>
         <load_address>0x5898</load_address>
         <run_address>0x5898</run_address>
         <size>0x44</size>
         <input_file_ref idref="fl-fe"/>
      </object_component>
      <object_component id="oc-15f">
         <name>.text</name>
         <load_address>0x58dc</load_address>
         <run_address>0x58dc</run_address>
         <size>0x44</size>
         <input_file_ref idref="fl-d3"/>
      </object_component>
      <object_component id="oc-237">
         <name>.text:UARTConfigSetExpClk</name>
         <load_address>0x5920</load_address>
         <run_address>0x5920</run_address>
         <size>0x42</size>
         <input_file_ref idref="fl-fa"/>
      </object_component>
      <object_component id="oc-24">
         <name>.text</name>
         <load_address>0x5964</load_address>
         <run_address>0x5964</run_address>
         <size>0x40</size>
         <input_file_ref idref="fl-c8"/>
      </object_component>
      <object_component id="oc-e3">
         <name>.text</name>
         <load_address>0x59a4</load_address>
         <run_address>0x59a4</run_address>
         <size>0x38</size>
         <input_file_ref idref="fl-d8"/>
      </object_component>
      <object_component id="oc-112">
         <name>.text</name>
         <load_address>0x59dc</load_address>
         <run_address>0x59dc</run_address>
         <size>0x38</size>
         <input_file_ref idref="fl-d9"/>
      </object_component>
      <object_component id="oc-11d">
         <name>.text</name>
         <load_address>0x5a14</load_address>
         <run_address>0x5a14</run_address>
         <size>0x38</size>
         <input_file_ref idref="fl-dc"/>
      </object_component>
      <object_component id="oc-33e">
         <name>.text:IntRegister</name>
         <load_address>0x5a4c</load_address>
         <run_address>0x5a4c</run_address>
         <size>0x34</size>
         <input_file_ref idref="fl-ff"/>
      </object_component>
      <object_component id="oc-154">
         <name>.text</name>
         <load_address>0x5a80</load_address>
         <run_address>0x5a80</run_address>
         <size>0x34</size>
         <input_file_ref idref="fl-da"/>
      </object_component>
      <object_component id="oc-182">
         <name>.text</name>
         <load_address>0x5ab4</load_address>
         <run_address>0x5ab4</run_address>
         <size>0x34</size>
         <input_file_ref idref="fl-e7"/>
      </object_component>
      <object_component id="oc-164">
         <name>.text</name>
         <load_address>0x5ae8</load_address>
         <run_address>0x5ae8</run_address>
         <size>0x30</size>
         <input_file_ref idref="fl-e6"/>
      </object_component>
      <object_component id="oc-ff">
         <name>.text:ADCIntStatus</name>
         <load_address>0x5b18</load_address>
         <run_address>0x5b18</run_address>
         <size>0x2e</size>
         <input_file_ref idref="fl-102"/>
      </object_component>
      <object_component id="oc-335">
         <name>.text:GPIODirModeSet</name>
         <load_address>0x5b46</load_address>
         <run_address>0x5b46</run_address>
         <size>0x2e</size>
         <input_file_ref idref="fl-100"/>
      </object_component>
      <object_component id="oc-137">
         <name>.text</name>
         <load_address>0x5b74</load_address>
         <run_address>0x5b74</run_address>
         <size>0x2e</size>
         <input_file_ref idref="fl-db"/>
      </object_component>
      <object_component id="oc-21b">
         <name>.text:ADCSequenceConfigure</name>
         <load_address>0x5ba2</load_address>
         <run_address>0x5ba2</run_address>
         <size>0x2a</size>
         <input_file_ref idref="fl-102"/>
      </object_component>
      <object_component id="oc-247">
         <name>.text:TimerConfigure</name>
         <load_address>0x5bcc</load_address>
         <run_address>0x5bcc</run_address>
         <size>0x24</size>
         <input_file_ref idref="fl-fb"/>
      </object_component>
      <object_component id="oc-103">
         <name>.text:ADCSequenceDataGet</name>
         <load_address>0x5bf0</load_address>
         <run_address>0x5bf0</run_address>
         <size>0x20</size>
         <input_file_ref idref="fl-102"/>
      </object_component>
      <object_component id="oc-175">
         <name>.text</name>
         <load_address>0x5c10</load_address>
         <run_address>0x5c10</run_address>
         <size>0x20</size>
         <input_file_ref idref="fl-e9"/>
      </object_component>
      <object_component id="oc-353">
         <name>.text:UARTDisable</name>
         <load_address>0x5c30</load_address>
         <run_address>0x5c30</run_address>
         <size>0x1c</size>
         <input_file_ref idref="fl-fa"/>
      </object_component>
      <object_component id="oc-396">
         <name>.text</name>
         <load_address>0x5c4c</load_address>
         <run_address>0x5c4c</run_address>
         <size>0x1a</size>
         <input_file_ref idref="fl-f3"/>
      </object_component>
      <object_component id="oc-207">
         <name>.text:GPIOPortIntRegister</name>
         <load_address>0x5c66</load_address>
         <run_address>0x5c66</run_address>
         <size>0x18</size>
         <input_file_ref idref="fl-100"/>
      </object_component>
      <object_component id="oc-7a">
         <name>.text</name>
         <load_address>0x5c80</load_address>
         <run_address>0x5c80</run_address>
         <size>0x18</size>
         <input_file_ref idref="fl-ec"/>
      </object_component>
      <object_component id="oc-fb">
         <name>.text:ADCProcessorTrigger</name>
         <load_address>0x5c98</load_address>
         <run_address>0x5c98</run_address>
         <size>0x16</size>
         <input_file_ref idref="fl-102"/>
      </object_component>
      <object_component id="oc-148">
         <name>.text</name>
         <load_address>0x5cae</load_address>
         <run_address>0x5cae</run_address>
         <size>0x16</size>
         <input_file_ref idref="fl-e4"/>
      </object_component>
      <object_component id="oc-97">
         <name>.text</name>
         <load_address>0x5cc4</load_address>
         <run_address>0x5cc4</run_address>
         <size>0x16</size>
         <input_file_ref idref="fl-e5"/>
      </object_component>
      <object_component id="oc-1f7">
         <name>.text:SysTickEnable</name>
         <load_address>0x5cdc</load_address>
         <run_address>0x5cdc</run_address>
         <size>0x14</size>
         <input_file_ref idref="fl-fc"/>
      </object_component>
      <object_component id="oc-243">
         <name>.text:UARTEnable</name>
         <load_address>0x5cf0</load_address>
         <run_address>0x5cf0</run_address>
         <size>0x14</size>
         <input_file_ref idref="fl-fa"/>
      </object_component>
      <object_component id="oc-2e1">
         <name>.text</name>
         <load_address>0x5d04</load_address>
         <run_address>0x5d04</run_address>
         <size>0x14</size>
         <input_file_ref idref="fl-ea"/>
      </object_component>
      <object_component id="oc-36f">
         <name>.text</name>
         <load_address>0x5d18</load_address>
         <run_address>0x5d18</run_address>
         <size>0x14</size>
         <input_file_ref idref="fl-f7"/>
      </object_component>
      <object_component id="oc-217">
         <name>.text:GPIOPinTypeADC</name>
         <load_address>0x5d2c</load_address>
         <run_address>0x5d2c</run_address>
         <size>0x12</size>
         <input_file_ref idref="fl-100"/>
      </object_component>
      <object_component id="oc-203">
         <name>.text:GPIOPinTypeGPIOOutput</name>
         <load_address>0x5d3e</load_address>
         <run_address>0x5d3e</run_address>
         <size>0x12</size>
         <input_file_ref idref="fl-100"/>
      </object_component>
      <object_component id="oc-308">
         <name>.text:GPIOPinTypeSSI</name>
         <load_address>0x5d50</load_address>
         <run_address>0x5d50</run_address>
         <size>0x12</size>
         <input_file_ref idref="fl-100"/>
      </object_component>
      <object_component id="oc-22f">
         <name>.text:GPIOPinTypeUART</name>
         <load_address>0x5d62</load_address>
         <run_address>0x5d62</run_address>
         <size>0x12</size>
         <input_file_ref idref="fl-100"/>
      </object_component>
      <object_component id="oc-310">
         <name>.text:SSIDataGetNonBlocking</name>
         <load_address>0x5d74</load_address>
         <run_address>0x5d74</run_address>
         <size>0x12</size>
         <input_file_ref idref="fl-fe"/>
      </object_component>
      <object_component id="oc-24b">
         <name>.text:TimerLoadSet</name>
         <load_address>0x5d86</load_address>
         <run_address>0x5d86</run_address>
         <size>0x12</size>
         <input_file_ref idref="fl-fb"/>
      </object_component>
      <object_component id="oc-1f3">
         <name>.text:SysTickPeriodSet</name>
         <load_address>0x5d98</load_address>
         <run_address>0x5d98</run_address>
         <size>0x10</size>
         <input_file_ref idref="fl-fc"/>
      </object_component>
      <object_component id="oc-a5">
         <name>.text:UARTCharGetNonBlocking</name>
         <load_address>0x5da8</load_address>
         <run_address>0x5da8</run_address>
         <size>0x10</size>
         <input_file_ref idref="fl-fa"/>
      </object_component>
      <object_component id="oc-223">
         <name>.text:ADCSequenceEnable</name>
         <load_address>0x5db8</load_address>
         <run_address>0x5db8</run_address>
         <size>0xe</size>
         <input_file_ref idref="fl-102"/>
      </object_component>
      <object_component id="oc-253">
         <name>.text:TimerEnable</name>
         <load_address>0x5dc6</load_address>
         <run_address>0x5dc6</run_address>
         <size>0xe</size>
         <input_file_ref idref="fl-fb"/>
      </object_component>
      <object_component id="oc-12">
         <name>.text:decompress:none</name>
         <load_address>0x5dd4</load_address>
         <run_address>0x5dd4</run_address>
         <size>0xe</size>
         <input_file_ref idref="fl-c9"/>
      </object_component>
      <object_component id="oc-286">
         <name>.text:CPUcpsie</name>
         <load_address>0x5de2</load_address>
         <run_address>0x5de2</run_address>
         <size>0xc</size>
         <input_file_ref idref="fl-101"/>
      </object_component>
      <object_component id="oc-20f">
         <name>.text:GPIOPinIntEnable</name>
         <load_address>0x5dee</load_address>
         <run_address>0x5dee</run_address>
         <size>0xc</size>
         <input_file_ref idref="fl-100"/>
      </object_component>
      <object_component id="oc-d5">
         <name>.text:SysTickValueGet</name>
         <load_address>0x5dfc</load_address>
         <run_address>0x5dfc</run_address>
         <size>0xc</size>
         <input_file_ref idref="fl-fc"/>
      </object_component>
      <object_component id="oc-a9">
         <name>.text:UARTCharsAvail</name>
         <load_address>0x5e08</load_address>
         <run_address>0x5e08</run_address>
         <size>0xc</size>
         <input_file_ref idref="fl-fa"/>
      </object_component>
      <object_component id="oc-2e">
         <name>.text</name>
         <load_address>0x5e14</load_address>
         <run_address>0x5e14</run_address>
         <size>0xc</size>
         <input_file_ref idref="fl-6"/>
      </object_component>
      <object_component id="oc-227">
         <name>.text:ADCIntClear</name>
         <load_address>0x5e20</load_address>
         <run_address>0x5e20</run_address>
         <size>0xa</size>
         <input_file_ref idref="fl-102"/>
      </object_component>
      <object_component id="oc-108">
         <name>.text:IntMasterEnable</name>
         <load_address>0x5e2a</load_address>
         <run_address>0x5e2a</run_address>
         <size>0xa</size>
         <input_file_ref idref="fl-ff"/>
      </object_component>
      <object_component id="oc-2f9">
         <name>.text:SSIDataPut</name>
         <load_address>0x5e34</load_address>
         <run_address>0x5e34</run_address>
         <size>0xa</size>
         <input_file_ref idref="fl-fe"/>
      </object_component>
      <object_component id="oc-300">
         <name>.text:SSIDisable</name>
         <load_address>0x5e3e</load_address>
         <run_address>0x5e3e</run_address>
         <size>0xa</size>
         <input_file_ref idref="fl-fe"/>
      </object_component>
      <object_component id="oc-30c">
         <name>.text:SSIEnable</name>
         <load_address>0x5e48</load_address>
         <run_address>0x5e48</run_address>
         <size>0xa</size>
         <input_file_ref idref="fl-fe"/>
      </object_component>
      <object_component id="oc-22b">
         <name>.text:UARTCharPut</name>
         <load_address>0x5e52</load_address>
         <run_address>0x5e52</run_address>
         <size>0xa</size>
         <input_file_ref idref="fl-fa"/>
      </object_component>
      <object_component id="oc-23f">
         <name>.text:UARTFIFOEnable</name>
         <load_address>0x5e5c</load_address>
         <run_address>0x5e5c</run_address>
         <size>0xa</size>
         <input_file_ref idref="fl-fa"/>
      </object_component>
      <object_component id="oc-9d">
         <name>.text:UARTIntStatus</name>
         <load_address>0x5e66</load_address>
         <run_address>0x5e66</run_address>
         <size>0xa</size>
         <input_file_ref idref="fl-fa"/>
      </object_component>
      <object_component id="oc-2f5">
         <name>.text:SSIBusy</name>
         <load_address>0x5e70</load_address>
         <run_address>0x5e70</run_address>
         <size>0x8</size>
         <input_file_ref idref="fl-fe"/>
      </object_component>
      <object_component id="oc-24f">
         <name>.text:TimerIntEnable</name>
         <load_address>0x5e78</load_address>
         <run_address>0x5e78</run_address>
         <size>0x8</size>
         <input_file_ref idref="fl-fb"/>
      </object_component>
      <object_component id="oc-23b">
         <name>.text:UARTIntEnable</name>
         <load_address>0x5e80</load_address>
         <run_address>0x5e80</run_address>
         <size>0x8</size>
         <input_file_ref idref="fl-fa"/>
      </object_component>
      <object_component id="oc-418">
         <name>.text</name>
         <load_address>0x5e88</load_address>
         <run_address>0x5e88</run_address>
         <size>0x8</size>
         <input_file_ref idref="fl-f9"/>
      </object_component>
      <object_component id="oc-8f">
         <name>.text:GPIOPinIntClear</name>
         <load_address>0x5e90</load_address>
         <run_address>0x5e90</run_address>
         <size>0x6</size>
         <input_file_ref idref="fl-100"/>
      </object_component>
      <object_component id="oc-93">
         <name>.text:GPIOPinRead</name>
         <load_address>0x5e96</load_address>
         <run_address>0x5e96</run_address>
         <size>0x6</size>
         <input_file_ref idref="fl-100"/>
      </object_component>
      <object_component id="oc-291">
         <name>.text:GPIOPinWrite</name>
         <load_address>0x5e9c</load_address>
         <run_address>0x5e9c</run_address>
         <size>0x6</size>
         <input_file_ref idref="fl-100"/>
      </object_component>
      <object_component id="oc-32e">
         <name>.text:SysCtlDelay</name>
         <load_address>0x5ea2</load_address>
         <run_address>0x5ea2</run_address>
         <size>0x6</size>
         <input_file_ref idref="fl-fd"/>
      </object_component>
      <object_component id="oc-18">
         <name>.text:decompress:rle24</name>
         <load_address>0x5ea8</load_address>
         <run_address>0x5ea8</run_address>
         <size>0x6</size>
         <input_file_ref idref="fl-ca"/>
      </object_component>
      <object_component id="oc-14e">
         <name>.text</name>
         <load_address>0x5eae</load_address>
         <run_address>0x5eae</run_address>
         <size>0x6</size>
         <input_file_ref idref="fl-c5"/>
      </object_component>
      <object_component id="oc-df">
         <name>.text:TimerIntClear</name>
         <load_address>0x5eb4</load_address>
         <run_address>0x5eb4</run_address>
         <size>0x4</size>
         <input_file_ref idref="fl-fb"/>
      </object_component>
      <object_component id="oc-a1">
         <name>.text:UARTIntClear</name>
         <load_address>0x5eb8</load_address>
         <run_address>0x5eb8</run_address>
         <size>0x4</size>
         <input_file_ref idref="fl-fa"/>
      </object_component>
      <object_component id="oc-6e">
         <name>.text</name>
         <load_address>0x5ebc</load_address>
         <run_address>0x5ebc</run_address>
         <size>0x4</size>
         <input_file_ref idref="fl-e1"/>
      </object_component>
      <object_component id="oc-31f">
         <name>.const:g_pucFont</name>
         <load_address>0x5ec0</load_address>
         <run_address>0x5ec0</run_address>
         <size>0x1e0</size>
         <input_file_ref idref="fl-9"/>
      </object_component>
      <object_component id="oc-2be">
         <name>.const:.string:_ctypes_</name>
         <load_address>0x60a0</load_address>
         <run_address>0x60a0</run_address>
         <size>0x101</size>
         <input_file_ref idref="fl-cc"/>
      </object_component>
      <object_component id="oc-317">
         <name>.const:.string:pucCommand1$1</name>
         <load_address>0x61a1</load_address>
         <run_address>0x61a1</run_address>
         <size>0x3</size>
         <input_file_ref idref="fl-9"/>
      </object_component>
      <object_component id="oc-318">
         <name>.const:.string:pucCommand2$2</name>
         <load_address>0x61a4</load_address>
         <run_address>0x61a4</run_address>
         <size>0x3</size>
         <input_file_ref idref="fl-9"/>
      </object_component>
      <object_component id="oc-3bb">
         <name>.const:$O1$$</name>
         <load_address>0x61a8</load_address>
         <run_address>0x61a8</run_address>
         <size>0x98</size>
         <input_file_ref idref="fl-e8"/>
      </object_component>
      <object_component id="oc-345">
         <name>.const</name>
         <load_address>0x6240</load_address>
         <run_address>0x6240</run_address>
         <size>0x70</size>
         <input_file_ref idref="fl-ff"/>
      </object_component>
      <object_component id="oc-350">
         <name>.const:g_pulXtals</name>
         <load_address>0x62b0</load_address>
         <run_address>0x62b0</run_address>
         <size>0x6c</size>
         <input_file_ref idref="fl-fd"/>
      </object_component>
      <object_component id="oc-322">
         <name>.const:.string:g_pucRIT128x96x4Init</name>
         <load_address>0x631c</load_address>
         <run_address>0x631c</run_address>
         <size>0x4f</size>
         <input_file_ref idref="fl-9"/>
      </object_component>
      <object_component id="oc-32a">
         <name>.const</name>
         <load_address>0x636c</load_address>
         <run_address>0x636c</run_address>
         <size>0x40</size>
         <input_file_ref idref="fl-fd"/>
      </object_component>
      <object_component id="oc-319">
         <name>.const:.string:g_pucRIT128x96x4HorizontalInc</name>
         <load_address>0x63ac</load_address>
         <run_address>0x63ac</run_address>
         <size>0x2</size>
         <input_file_ref idref="fl-9"/>
      </object_component>
      <object_component id="oc-31c">
         <name>.const:.string:g_pucRIT128x96x4VerticalInc</name>
         <load_address>0x63ae</load_address>
         <run_address>0x63ae</run_address>
         <size>0x2</size>
         <input_file_ref idref="fl-9"/>
      </object_component>
      <object_component id="oc-2b1">
         <name>.const:Zero</name>
         <load_address>0x63b0</load_address>
         <run_address>0x63b0</run_address>
         <size>0x10</size>
         <input_file_ref idref="fl-cd"/>
      </object_component>
      <object_component id="oc-325">
         <name>.const:.string:pucCommand1$3</name>
         <load_address>0x63c0</load_address>
         <run_address>0x63c0</run_address>
         <size>0x2</size>
         <input_file_ref idref="fl-9"/>
      </object_component>
      <object_component id="oc-462">
         <name>.cinit..data.load</name>
         <load_address>0x63c8</load_address>
         <run_address>0x63c8</run_address>
         <size>0x3d</size>
      </object_component>
      <object_component id="oc-463">
         <name>.cinit..bss.load</name>
         <load_address>0x6408</load_address>
         <run_address>0x6408</run_address>
         <size>0xb</size>
      </object_component>
      <object_component id="oc-461">
         <name>.cinit..vtable.load</name>
         <load_address>0x6418</load_address>
         <run_address>0x6418</run_address>
         <size>0xb</size>
      </object_component>
      <object_component id="oc-45f">
         <name>__TI_handler_table</name>
         <load_address>0x6424</load_address>
         <run_address>0x6424</run_address>
         <size>0x8</size>
      </object_component>
      <object_component id="oc-460">
         <name>__TI_cinit_table</name>
         <load_address>0x642c</load_address>
         <run_address>0x642c</run_address>
         <size>0x18</size>
      </object_component>
      <object_component id="oc-3fd">
         <name>.vtable</name>
         <uninitialized>true</uninitialized>
         <run_address>0x20000000</run_address>
         <size>0x26c</size>
         <input_file_ref idref="fl-ff"/>
      </object_component>
      <object_component id="oc-141">
         <name>.data</name>
         <load_address>0x200013c4</load_address>
         <run_address>0x200013c4</run_address>
         <size>0x48</size>
         <input_file_ref idref="fl-2"/>
      </object_component>
      <object_component id="oc-1df">
         <name>.data</name>
         <load_address>0x20001438</load_address>
         <run_address>0x20001438</run_address>
         <size>0x15</size>
         <input_file_ref idref="fl-3"/>
      </object_component>
      <object_component id="oc-bf">
         <name>.data</name>
         <load_address>0x2000140c</load_address>
         <run_address>0x2000140c</run_address>
         <size>0x2c</size>
         <input_file_ref idref="fl-7"/>
      </object_component>
      <object_component id="oc-295">
         <name>.data</name>
         <load_address>0x20001470</load_address>
         <run_address>0x20001470</run_address>
         <size>0x8</size>
         <input_file_ref idref="fl-8"/>
      </object_component>
      <object_component id="oc-1b6">
         <name>.data:$O1$$</name>
         <load_address>0x20001450</load_address>
         <run_address>0x20001450</run_address>
         <size>0xc</size>
         <input_file_ref idref="fl-ce"/>
      </object_component>
      <object_component id="oc-35f">
         <name>.data:$O1$$</name>
         <load_address>0x2000145c</load_address>
         <run_address>0x2000145c</run_address>
         <size>0xc</size>
         <input_file_ref idref="fl-de"/>
      </object_component>
      <object_component id="oc-86">
         <name>.data</name>
         <load_address>0x2000147c</load_address>
         <run_address>0x2000147c</run_address>
         <size>0x4</size>
         <input_file_ref idref="fl-e3"/>
      </object_component>
      <object_component id="oc-1b9">
         <name>.data:$O1$$</name>
         <load_address>0x20001468</load_address>
         <run_address>0x20001468</run_address>
         <size>0x8</size>
         <input_file_ref idref="fl-ea"/>
      </object_component>
      <object_component id="oc-3be">
         <name>.data</name>
         <load_address>0x20001478</load_address>
         <run_address>0x20001478</run_address>
         <size>0x4</size>
         <input_file_ref idref="fl-ef"/>
      </object_component>
      <object_component id="oc-f8">
         <name>.bss:speed_buffer</name>
         <uninitialized>true</uninitialized>
         <run_address>0x20001388</run_address>
         <size>0x10</size>
         <input_file_ref idref="fl-7"/>
      </object_component>
      <object_component id="oc-2fd">
         <name>.bss</name>
         <uninitialized>true</uninitialized>
         <run_address>0x200013bc</run_address>
         <size>0x4</size>
         <input_file_ref idref="fl-9"/>
      </object_component>
      <object_component id="oc-314">
         <name>.bss:g_pucBuffer</name>
         <uninitialized>true</uninitialized>
         <run_address>0x200013a4</run_address>
         <size>0x8</size>
         <input_file_ref idref="fl-9"/>
      </object_component>
      <object_component id="oc-180">
         <name>.common:lat</name>
         <uninitialized>true</uninitialized>
         <run_address>0x200013c2</run_address>
         <size>0x1</size>
      </object_component>
      <object_component id="oc-181">
         <name>.common:lon</name>
         <uninitialized>true</uninitialized>
         <run_address>0x200013c3</run_address>
         <size>0x1</size>
      </object_component>
      <object_component id="oc-188">
         <name>.common:speed_array</name>
         <uninitialized>true</uninitialized>
         <run_address>0x20001374</run_address>
         <size>0x14</size>
      </object_component>
      <object_component id="oc-144">
         <name>.common:real_time</name>
         <uninitialized>true</uninitialized>
         <run_address>0x200013b4</run_address>
         <size>0x8</size>
      </object_component>
      <object_component id="oc-147">
         <name>.common:location</name>
         <uninitialized>true</uninitialized>
         <run_address>0x200013ac</run_address>
         <size>0x8</size>
      </object_component>
      <object_component id="oc-f2">
         <name>.common:speed_set_data</name>
         <uninitialized>true</uninitialized>
         <run_address>0x20001398</run_address>
         <size>0xc</size>
      </object_component>
      <object_component id="oc-d4">
         <name>.common:UART_char_data</name>
         <uninitialized>true</uninitialized>
         <run_address>0x20001270</run_address>
         <size>0x78</size>
      </object_component>
      <object_component id="oc-d1">
         <name>.common:UART_char_data_old</name>
         <uninitialized>true</uninitialized>
         <run_address>0x200012e8</run_address>
         <size>0x78</size>
      </object_component>
      <object_component id="oc-107">
         <name>.common:acc_times</name>
         <uninitialized>true</uninitialized>
         <run_address>0x20001360</run_address>
         <size>0x14</size>
      </object_component>
      <object_component id="oc-28e">
         <name>.common:flag1</name>
         <uninitialized>true</uninitialized>
         <run_address>0x200013c0</run_address>
         <size>0x1</size>
      </object_component>
      <object_component id="oc-28b">
         <name>.common:flag2</name>
         <uninitialized>true</uninitialized>
         <run_address>0x200013c1</run_address>
         <size>0x1</size>
      </object_component>
      <object_component id="oc-2b">
         <name>.sysmem</name>
         <uninitialized>true</uninitialized>
         <run_address>0x20000a70</run_address>
         <size>0x8</size>
         <input_file_ref idref="fl-de"/>
      </object_component>
      <object_component id="oc-465">
         <name>.sysmem</name>
         <uninitialized>true</uninitialized>
         <run_address>0x20000a70</run_address>
         <size>0x0</size>
      </object_component>
      <object_component id="oc-2a">
         <name>.stack</name>
         <uninitialized>true</uninitialized>
         <run_address>0x2000026c</run_address>
         <size>0x0</size>
         <input_file_ref idref="fl-c8"/>
      </object_component>
      <object_component id="oc-464">
         <name>.stack</name>
         <uninitialized>true</uninitialized>
         <run_address>0x2000026c</run_address>
         <size>0x0</size>
      </object_component>
      <object_component id="oc-145">
         <name>.debug_info</name>
         <load_address>0x0</load_address>
         <run_address>0x0</run_address>
         <size>0x365</size>
         <input_file_ref idref="fl-2"/>
      </object_component>
      <object_component id="oc-142">
         <name>.debug_info</name>
         <load_address>0x365</load_address>
         <run_address>0x365</run_address>
         <size>0x399</size>
         <input_file_ref idref="fl-2"/>
      </object_component>
      <object_component id="oc-3b">
         <name>.debug_info</name>
         <load_address>0x6fe</load_address>
         <run_address>0x6fe</run_address>
         <size>0x12e8</size>
         <input_file_ref idref="fl-2"/>
      </object_component>
      <object_component id="oc-12d">
         <name>.debug_info</name>
         <load_address>0x19e6</load_address>
         <run_address>0x19e6</run_address>
         <size>0x236</size>
         <input_file_ref idref="fl-2"/>
      </object_component>
      <object_component id="oc-2a1">
         <name>.debug_info</name>
         <load_address>0x1c1c</load_address>
         <run_address>0x1c1c</run_address>
         <size>0xc8</size>
         <input_file_ref idref="fl-2"/>
      </object_component>
      <object_component id="oc-123">
         <name>.debug_info</name>
         <load_address>0x1ce4</load_address>
         <run_address>0x1ce4</run_address>
         <size>0x8b</size>
         <input_file_ref idref="fl-2"/>
      </object_component>
      <object_component id="oc-128">
         <name>.debug_info</name>
         <load_address>0x1d6f</load_address>
         <run_address>0x1d6f</run_address>
         <size>0x18b</size>
         <input_file_ref idref="fl-2"/>
      </object_component>
      <object_component id="oc-267">
         <name>.debug_info</name>
         <load_address>0x1efa</load_address>
         <run_address>0x1efa</run_address>
         <size>0x2c</size>
         <input_file_ref idref="fl-2"/>
      </object_component>
      <object_component id="oc-275">
         <name>.debug_info</name>
         <load_address>0x1f26</load_address>
         <run_address>0x1f26</run_address>
         <size>0x4e</size>
         <input_file_ref idref="fl-2"/>
      </object_component>
      <object_component id="oc-1e0">
         <name>.debug_info</name>
         <load_address>0x1f74</load_address>
         <run_address>0x1f74</run_address>
         <size>0x31a</size>
         <input_file_ref idref="fl-3"/>
      </object_component>
      <object_component id="oc-ae">
         <name>.debug_info</name>
         <load_address>0x228e</load_address>
         <run_address>0x228e</run_address>
         <size>0x426</size>
         <input_file_ref idref="fl-3"/>
      </object_component>
      <object_component id="oc-1ea">
         <name>.debug_info</name>
         <load_address>0x26b4</load_address>
         <run_address>0x26b4</run_address>
         <size>0x184</size>
         <input_file_ref idref="fl-4"/>
      </object_component>
      <object_component id="oc-b4">
         <name>.debug_info</name>
         <load_address>0x2838</load_address>
         <run_address>0x2838</run_address>
         <size>0x13c2</size>
         <input_file_ref idref="fl-4"/>
      </object_component>
      <object_component id="oc-25e">
         <name>.debug_info</name>
         <load_address>0x3bfa</load_address>
         <run_address>0x3bfa</run_address>
         <size>0x74e</size>
         <input_file_ref idref="fl-5"/>
      </object_component>
      <object_component id="oc-bc">
         <name>.debug_info</name>
         <load_address>0x4348</load_address>
         <run_address>0x4348</run_address>
         <size>0xb23</size>
         <input_file_ref idref="fl-5"/>
      </object_component>
      <object_component id="oc-365">
         <name>.debug_info</name>
         <load_address>0x4e6b</load_address>
         <run_address>0x4e6b</run_address>
         <size>0x110</size>
         <input_file_ref idref="fl-5"/>
      </object_component>
      <object_component id="oc-42">
         <name>.debug_info</name>
         <load_address>0x4f7b</load_address>
         <run_address>0x4f7b</run_address>
         <size>0x174</size>
         <input_file_ref idref="fl-6"/>
      </object_component>
      <object_component id="oc-10">
         <name>.debug_info</name>
         <load_address>0x50ef</load_address>
         <run_address>0x50ef</run_address>
         <size>0xec</size>
         <input_file_ref idref="fl-6"/>
      </object_component>
      <object_component id="oc-2f">
         <name>.debug_info</name>
         <load_address>0x51db</load_address>
         <run_address>0x51db</run_address>
         <size>0x23f</size>
         <input_file_ref idref="fl-6"/>
      </object_component>
      <object_component id="oc-194">
         <name>.debug_info</name>
         <load_address>0x541a</load_address>
         <run_address>0x541a</run_address>
         <size>0x84</size>
         <input_file_ref idref="fl-6"/>
      </object_component>
      <object_component id="oc-d2">
         <name>.debug_info</name>
         <load_address>0x549e</load_address>
         <run_address>0x549e</run_address>
         <size>0x9d7</size>
         <input_file_ref idref="fl-7"/>
      </object_component>
      <object_component id="oc-c0">
         <name>.debug_info</name>
         <load_address>0x5e75</load_address>
         <run_address>0x5e75</run_address>
         <size>0x267</size>
         <input_file_ref idref="fl-7"/>
      </object_component>
      <object_component id="oc-f9">
         <name>.debug_info</name>
         <load_address>0x60dc</load_address>
         <run_address>0x60dc</run_address>
         <size>0xdb</size>
         <input_file_ref idref="fl-7"/>
      </object_component>
      <object_component id="oc-36">
         <name>.debug_info</name>
         <load_address>0x61b7</load_address>
         <run_address>0x61b7</run_address>
         <size>0x109f</size>
         <input_file_ref idref="fl-7"/>
      </object_component>
      <object_component id="oc-296">
         <name>.debug_info</name>
         <load_address>0x7256</load_address>
         <run_address>0x7256</run_address>
         <size>0x100</size>
         <input_file_ref idref="fl-8"/>
      </object_component>
      <object_component id="oc-118">
         <name>.debug_info</name>
         <load_address>0x7356</load_address>
         <run_address>0x7356</run_address>
         <size>0x766</size>
         <input_file_ref idref="fl-8"/>
      </object_component>
      <object_component id="oc-327">
         <name>.debug_info</name>
         <load_address>0x7abc</load_address>
         <run_address>0x7abc</run_address>
         <size>0x3b0</size>
         <input_file_ref idref="fl-9"/>
      </object_component>
      <object_component id="oc-2fe">
         <name>.debug_info</name>
         <load_address>0x7e6c</load_address>
         <run_address>0x7e6c</run_address>
         <size>0xe2</size>
         <input_file_ref idref="fl-9"/>
      </object_component>
      <object_component id="oc-315">
         <name>.debug_info</name>
         <load_address>0x7f4e</load_address>
         <run_address>0x7f4e</run_address>
         <size>0xe0</size>
         <input_file_ref idref="fl-9"/>
      </object_component>
      <object_component id="oc-31d">
         <name>.debug_info</name>
         <load_address>0x802e</load_address>
         <run_address>0x802e</run_address>
         <size>0x100</size>
         <input_file_ref idref="fl-9"/>
      </object_component>
      <object_component id="oc-31a">
         <name>.debug_info</name>
         <load_address>0x812e</load_address>
         <run_address>0x812e</run_address>
         <size>0x104</size>
         <input_file_ref idref="fl-9"/>
      </object_component>
      <object_component id="oc-320">
         <name>.debug_info</name>
         <load_address>0x8232</load_address>
         <run_address>0x8232</run_address>
         <size>0xdc</size>
         <input_file_ref idref="fl-9"/>
      </object_component>
      <object_component id="oc-323">
         <name>.debug_info</name>
         <load_address>0x830e</load_address>
         <run_address>0x830e</run_address>
         <size>0xf2</size>
         <input_file_ref idref="fl-9"/>
      </object_component>
      <object_component id="oc-1e4">
         <name>.debug_info</name>
         <load_address>0x8400</load_address>
         <run_address>0x8400</run_address>
         <size>0xc14</size>
         <input_file_ref idref="fl-9"/>
      </object_component>
      <object_component id="oc-28c">
         <name>.debug_info</name>
         <load_address>0x9014</load_address>
         <run_address>0x9014</run_address>
         <size>0x20a</size>
         <input_file_ref idref="fl-a"/>
      </object_component>
      <object_component id="oc-10f">
         <name>.debug_info</name>
         <load_address>0x921e</load_address>
         <run_address>0x921e</run_address>
         <size>0x3e3</size>
         <input_file_ref idref="fl-a"/>
      </object_component>
      <object_component id="oc-2af">
         <name>.debug_info</name>
         <load_address>0x9601</load_address>
         <run_address>0x9601</run_address>
         <size>0x132</size>
         <input_file_ref idref="fl-c5"/>
      </object_component>
      <object_component id="oc-152">
         <name>.debug_info</name>
         <load_address>0x9733</load_address>
         <run_address>0x9733</run_address>
         <size>0x155</size>
         <input_file_ref idref="fl-c5"/>
      </object_component>
      <object_component id="oc-2c6">
         <name>.debug_info</name>
         <load_address>0x9888</load_address>
         <run_address>0x9888</run_address>
         <size>0x130</size>
         <input_file_ref idref="fl-c6"/>
      </object_component>
      <object_component id="oc-17b">
         <name>.debug_info</name>
         <load_address>0x99b8</load_address>
         <run_address>0x99b8</run_address>
         <size>0x18d</size>
         <input_file_ref idref="fl-c6"/>
      </object_component>
      <object_component id="oc-2c2">
         <name>.debug_info</name>
         <load_address>0x9b45</load_address>
         <run_address>0x9b45</run_address>
         <size>0x130</size>
         <input_file_ref idref="fl-c7"/>
      </object_component>
      <object_component id="oc-16b">
         <name>.debug_info</name>
         <load_address>0x9c75</load_address>
         <run_address>0x9c75</run_address>
         <size>0x18d</size>
         <input_file_ref idref="fl-c7"/>
      </object_component>
      <object_component id="oc-27">
         <name>.debug_info</name>
         <load_address>0x9e02</load_address>
         <run_address>0x9e02</run_address>
         <size>0x17c</size>
         <input_file_ref idref="fl-c8"/>
      </object_component>
      <object_component id="oc-4e">
         <name>.debug_info</name>
         <load_address>0x9f7e</load_address>
         <run_address>0x9f7e</run_address>
         <size>0x15c</size>
         <input_file_ref idref="fl-c9"/>
      </object_component>
      <object_component id="oc-13">
         <name>.debug_info</name>
         <load_address>0xa0da</load_address>
         <run_address>0xa0da</run_address>
         <size>0x1fb</size>
         <input_file_ref idref="fl-c9"/>
      </object_component>
      <object_component id="oc-49">
         <name>.debug_info</name>
         <load_address>0xa2d5</load_address>
         <run_address>0xa2d5</run_address>
         <size>0x46</size>
         <input_file_ref idref="fl-c9"/>
      </object_component>
      <object_component id="oc-18d">
         <name>.debug_info</name>
         <load_address>0xa31b</load_address>
         <run_address>0xa31b</run_address>
         <size>0x2c</size>
         <input_file_ref idref="fl-c9"/>
      </object_component>
      <object_component id="oc-56">
         <name>.debug_info</name>
         <load_address>0xa347</load_address>
         <run_address>0xa347</run_address>
         <size>0x150</size>
         <input_file_ref idref="fl-ca"/>
      </object_component>
      <object_component id="oc-50">
         <name>.debug_info</name>
         <load_address>0xa497</load_address>
         <run_address>0xa497</run_address>
         <size>0x263</size>
         <input_file_ref idref="fl-ca"/>
      </object_component>
      <object_component id="oc-19">
         <name>.debug_info</name>
         <load_address>0xa6fa</load_address>
         <run_address>0xa6fa</run_address>
         <size>0x1cd</size>
         <input_file_ref idref="fl-ca"/>
      </object_component>
      <object_component id="oc-57">
         <name>.debug_info</name>
         <load_address>0xa8c7</load_address>
         <run_address>0xa8c7</run_address>
         <size>0x39</size>
         <input_file_ref idref="fl-ca"/>
      </object_component>
      <object_component id="oc-19c">
         <name>.debug_info</name>
         <load_address>0xa900</load_address>
         <run_address>0xa900</run_address>
         <size>0x2c</size>
         <input_file_ref idref="fl-ca"/>
      </object_component>
      <object_component id="oc-3ce">
         <name>.debug_info</name>
         <load_address>0xa92c</load_address>
         <run_address>0xa92c</run_address>
         <size>0x10a</size>
         <input_file_ref idref="fl-cc"/>
      </object_component>
      <object_component id="oc-2bf">
         <name>.debug_info</name>
         <load_address>0xaa36</load_address>
         <run_address>0xaa36</run_address>
         <size>0x116</size>
         <input_file_ref idref="fl-cc"/>
      </object_component>
      <object_component id="oc-2b5">
         <name>.debug_info</name>
         <load_address>0xab4c</load_address>
         <run_address>0xab4c</run_address>
         <size>0x15d</size>
         <input_file_ref idref="fl-cd"/>
      </object_component>
      <object_component id="oc-2b2">
         <name>.debug_info</name>
         <load_address>0xaca9</load_address>
         <run_address>0xaca9</run_address>
         <size>0x10e</size>
         <input_file_ref idref="fl-cd"/>
      </object_component>
      <object_component id="oc-15a">
         <name>.debug_info</name>
         <load_address>0xadb7</load_address>
         <run_address>0xadb7</run_address>
         <size>0x2a9</size>
         <input_file_ref idref="fl-cd"/>
      </object_component>
      <object_component id="oc-2b6">
         <name>.debug_info</name>
         <load_address>0xb060</load_address>
         <run_address>0xb060</run_address>
         <size>0x39</size>
         <input_file_ref idref="fl-cd"/>
      </object_component>
      <object_component id="oc-1bd">
         <name>.debug_info</name>
         <load_address>0xb099</load_address>
         <run_address>0xb099</run_address>
         <size>0x250</size>
         <input_file_ref idref="fl-ce"/>
      </object_component>
      <object_component id="oc-1b7">
         <name>.debug_info</name>
         <load_address>0xb2e9</load_address>
         <run_address>0xb2e9</run_address>
         <size>0x1a1</size>
         <input_file_ref idref="fl-ce"/>
      </object_component>
      <object_component id="oc-81">
         <name>.debug_info</name>
         <load_address>0xb48a</load_address>
         <run_address>0xb48a</run_address>
         <size>0x230</size>
         <input_file_ref idref="fl-ce"/>
      </object_component>
      <object_component id="oc-e9">
         <name>.debug_info</name>
         <load_address>0xb6ba</load_address>
         <run_address>0xb6ba</run_address>
         <size>0x160</size>
         <input_file_ref idref="fl-cf"/>
      </object_component>
      <object_component id="oc-133">
         <name>.debug_info</name>
         <load_address>0xb81a</load_address>
         <run_address>0xb81a</run_address>
         <size>0x14e</size>
         <input_file_ref idref="fl-d0"/>
      </object_component>
      <object_component id="oc-13d">
         <name>.debug_info</name>
         <load_address>0xb968</load_address>
         <run_address>0xb968</run_address>
         <size>0x14e</size>
         <input_file_ref idref="fl-d1"/>
      </object_component>
      <object_component id="oc-ef">
         <name>.debug_info</name>
         <load_address>0xbab6</load_address>
         <run_address>0xbab6</run_address>
         <size>0x152</size>
         <input_file_ref idref="fl-d2"/>
      </object_component>
      <object_component id="oc-162">
         <name>.debug_info</name>
         <load_address>0xbc08</load_address>
         <run_address>0xbc08</run_address>
         <size>0x14d</size>
         <input_file_ref idref="fl-d3"/>
      </object_component>
      <object_component id="oc-c9">
         <name>.debug_info</name>
         <load_address>0xbd55</load_address>
         <run_address>0xbd55</run_address>
         <size>0x154</size>
         <input_file_ref idref="fl-d4"/>
      </object_component>
      <object_component id="oc-f4">
         <name>.debug_info</name>
         <load_address>0xbea9</load_address>
         <run_address>0xbea9</run_address>
         <size>0x160</size>
         <input_file_ref idref="fl-d5"/>
      </object_component>
      <object_component id="oc-c4">
         <name>.debug_info</name>
         <load_address>0xc009</load_address>
         <run_address>0xc009</run_address>
         <size>0x162</size>
         <input_file_ref idref="fl-d5"/>
      </object_component>
      <object_component id="oc-cf">
         <name>.debug_info</name>
         <load_address>0xc16b</load_address>
         <run_address>0xc16b</run_address>
         <size>0x14e</size>
         <input_file_ref idref="fl-d6"/>
      </object_component>
      <object_component id="oc-171">
         <name>.debug_info</name>
         <load_address>0xc2b9</load_address>
         <run_address>0xc2b9</run_address>
         <size>0x14e</size>
         <input_file_ref idref="fl-d7"/>
      </object_component>
      <object_component id="oc-e4">
         <name>.debug_info</name>
         <load_address>0xc407</load_address>
         <run_address>0xc407</run_address>
         <size>0x140</size>
         <input_file_ref idref="fl-d8"/>
      </object_component>
      <object_component id="oc-115">
         <name>.debug_info</name>
         <load_address>0xc547</load_address>
         <run_address>0xc547</run_address>
         <size>0x142</size>
         <input_file_ref idref="fl-d9"/>
      </object_component>
      <object_component id="oc-155">
         <name>.debug_info</name>
         <load_address>0xc689</load_address>
         <run_address>0xc689</run_address>
         <size>0x15d</size>
         <input_file_ref idref="fl-da"/>
      </object_component>
      <object_component id="oc-13a">
         <name>.debug_info</name>
         <load_address>0xc7e6</load_address>
         <run_address>0xc7e6</run_address>
         <size>0x140</size>
         <input_file_ref idref="fl-db"/>
      </object_component>
      <object_component id="oc-11f">
         <name>.debug_info</name>
         <load_address>0xc926</load_address>
         <run_address>0xc926</run_address>
         <size>0x13d</size>
         <input_file_ref idref="fl-dc"/>
      </object_component>
      <object_component id="oc-46">
         <name>.debug_info</name>
         <load_address>0xca63</load_address>
         <run_address>0xca63</run_address>
         <size>0x12d</size>
         <input_file_ref idref="fl-dd"/>
      </object_component>
      <object_component id="oc-8c">
         <name>.debug_info</name>
         <load_address>0xcb90</load_address>
         <run_address>0xcb90</run_address>
         <size>0x23e</size>
         <input_file_ref idref="fl-de"/>
      </object_component>
      <object_component id="oc-2c">
         <name>.debug_info</name>
         <load_address>0xcdce</load_address>
         <run_address>0xcdce</run_address>
         <size>0x11d</size>
         <input_file_ref idref="fl-de"/>
      </object_component>
      <object_component id="oc-360">
         <name>.debug_info</name>
         <load_address>0xceeb</load_address>
         <run_address>0xceeb</run_address>
         <size>0x168</size>
         <input_file_ref idref="fl-de"/>
      </object_component>
      <object_component id="oc-258">
         <name>.debug_info</name>
         <load_address>0xd053</load_address>
         <run_address>0xd053</run_address>
         <size>0x8a7</size>
         <input_file_ref idref="fl-de"/>
      </object_component>
      <object_component id="oc-1c3">
         <name>.debug_info</name>
         <load_address>0xd8fa</load_address>
         <run_address>0xd8fa</run_address>
         <size>0x2c</size>
         <input_file_ref idref="fl-de"/>
      </object_component>
      <object_component id="oc-1c8">
         <name>.debug_info</name>
         <load_address>0xd926</load_address>
         <run_address>0xd926</run_address>
         <size>0x62</size>
         <input_file_ref idref="fl-de"/>
      </object_component>
      <object_component id="oc-5e">
         <name>.debug_info</name>
         <load_address>0xd988</load_address>
         <run_address>0xd988</run_address>
         <size>0x15b</size>
         <input_file_ref idref="fl-df"/>
      </object_component>
      <object_component id="oc-69">
         <name>.debug_info</name>
         <load_address>0xdae3</load_address>
         <run_address>0xdae3</run_address>
         <size>0x154</size>
         <input_file_ref idref="fl-e0"/>
      </object_component>
      <object_component id="oc-70">
         <name>.debug_info</name>
         <load_address>0xdc37</load_address>
         <run_address>0xdc37</run_address>
         <size>0x164</size>
         <input_file_ref idref="fl-e1"/>
      </object_component>
      <object_component id="oc-274">
         <name>.debug_info</name>
         <load_address>0xdd9b</load_address>
         <run_address>0xdd9b</run_address>
         <size>0x1d7</size>
         <input_file_ref idref="fl-e2"/>
      </object_component>
      <object_component id="oc-da">
         <name>.debug_info</name>
         <load_address>0xdf72</load_address>
         <run_address>0xdf72</run_address>
         <size>0x300</size>
         <input_file_ref idref="fl-e2"/>
      </object_component>
      <object_component id="oc-3a3">
         <name>.debug_info</name>
         <load_address>0xe272</load_address>
         <run_address>0xe272</run_address>
         <size>0x2c</size>
         <input_file_ref idref="fl-e2"/>
      </object_component>
      <object_component id="oc-87">
         <name>.debug_info</name>
         <load_address>0xe29e</load_address>
         <run_address>0xe29e</run_address>
         <size>0x125</size>
         <input_file_ref idref="fl-e3"/>
      </object_component>
      <object_component id="oc-2a7">
         <name>.debug_info</name>
         <load_address>0xe3c3</load_address>
         <run_address>0xe3c3</run_address>
         <size>0x111</size>
         <input_file_ref idref="fl-e4"/>
[...]
         <name>__aeabi_ddiv</name>
         <value>0x47e9</value>
         <object_component_ref idref="oc-132"/>
      </symbol>
      <symbol id="sm-531">
         <name>__aeabi_dmul</name>
         <value>0x4b49</value>
         <object_component_ref idref="oc-13c"/>
      </symbol>
      <symbol id="sm-53d">
         <name>__aeabi_d2f</name>
         <value>0x5301</value>
         <object_component_ref idref="oc-ed"/>
      </symbol>
      <symbol id="sm-547">
         <name>__aeabi_d2uiz</name>
         <value>0x58dd</value>
         <object_component_ref idref="oc-15f"/>
      </symbol>
      <symbol id="sm-558">
         <name>__aeabi_fadd</name>
         <value>0x4c49</value>
         <object_component_ref idref="oc-c7"/>
      </symbol>
      <symbol id="sm-559">
         <name>__aeabi_fsub</name>
         <value>0x4c45</value>
         <object_component_ref idref="oc-c7"/>
      </symbol>
      <symbol id="sm-573">
         <name>__aeabi_cfrcmple</name>
         <value>0x5509</value>
         <object_component_ref idref="oc-c2"/>
      </symbol>
      <symbol id="sm-574">
         <name>__aeabi_cfcmpeq</name>
         <value>0x54a9</value>
         <object_component_ref idref="oc-f3"/>
      </symbol>
      <symbol id="sm-575">
         <name>__aeabi_cfcmple</name>
         <value>0x54a9</value>
         <object_component_ref idref="oc-f3"/>
      </symbol>
      <symbol id="sm-582">
         <name>__aeabi_fdiv</name>
         <value>0x4f75</value>
         <object_component_ref idref="oc-cc"/>
      </symbol>
      <symbol id="sm-58c">
         <name>__aeabi_fmul</name>
         <value>0x519d</value>
         <object_component_ref idref="oc-170"/>
      </symbol>
      <symbol id="sm-597">
         <name>__aeabi_f2d</name>
         <value>0x59a5</value>
         <object_component_ref idref="oc-e3"/>
      </symbol>
      <symbol id="sm-5a1">
         <name>__aeabi_f2iz</name>
         <value>0x59dd</value>
         <object_component_ref idref="oc-112"/>
      </symbol>
      <symbol id="sm-5ac">
         <name>__aeabi_f2uiz</name>
         <value>0x5a81</value>
         <object_component_ref idref="oc-154"/>
      </symbol>
      <symbol id="sm-5b6">
         <name>__aeabi_i2d</name>
         <value>0x5b75</value>
         <object_component_ref idref="oc-137"/>
      </symbol>
      <symbol id="sm-5c1">
         <name>__aeabi_i2f</name>
         <value>0x5a15</value>
         <object_component_ref idref="oc-11d"/>
      </symbol>
      <symbol id="sm-5dc">
         <name>memcpy</name>
         <value>0x4ed9</value>
         <object_component_ref idref="oc-43"/>
      </symbol>
      <symbol id="sm-5dd">
         <name>__aeabi_memcpy</name>
         <value>0x4ed9</value>
         <object_component_ref idref="oc-43"/>
      </symbol>
      <symbol id="sm-5de">
         <name>__aeabi_memcpy8</name>
         <value>0x4ed9</value>
         <object_component_ref idref="oc-43"/>
      </symbol>
      <symbol id="sm-5df">
         <name>__aeabi_memcpy4</name>
         <value>0x4ed9</value>
         <object_component_ref idref="oc-43"/>
      </symbol>
      <symbol id="sm-653">
         <name>_sys_memory</name>
         <value>0x20000a70</value>
         <object_component_ref idref="oc-2b"/>
      </symbol>
      <symbol id="sm-654">
         <name>free</name>
         <value>0x3183</value>
         <object_component_ref idref="oc-257"/>
      </symbol>
      <symbol id="sm-655">
         <name>realloc</name>
         <value>0x3245</value>
         <object_component_ref idref="oc-257"/>
      </symbol>
      <symbol id="sm-656">
         <name>memalign</name>
         <value>0x3351</value>
         <object_component_ref idref="oc-257"/>
      </symbol>
      <symbol id="sm-657">
         <name>calloc</name>
         <value>0x3435</value>
         <object_component_ref idref="oc-257"/>
      </symbol>
      <symbol id="sm-658">
         <name>malloc</name>
         <value>0x311b</value>
         <object_component_ref idref="oc-257"/>
      </symbol>
      <symbol id="sm-659">
         <name>minit</name>
         <value>0x308d</value>
         <object_component_ref idref="oc-257"/>
      </symbol>
      <symbol id="sm-668">
         <name>__aeabi_memset</name>
         <value>0x5219</value>
         <object_component_ref idref="oc-5c"/>
      </symbol>
      <symbol id="sm-669">
         <name>memset</name>
         <value>0x521f</value>
         <object_component_ref idref="oc-5c"/>
      </symbol>
      <symbol id="sm-66a">
         <name>__aeabi_memset8</name>
         <value>0x5219</value>
         <object_component_ref idref="oc-5c"/>
      </symbol>
      <symbol id="sm-66b">
         <name>__aeabi_memset4</name>
         <value>0x5219</value>
         <object_component_ref idref="oc-5c"/>
      </symbol>
      <symbol id="sm-66c">
         <name>__aeabi_memclr8</name>
         <value>0x5217</value>
         <object_component_ref idref="oc-5c"/>
      </symbol>
      <symbol id="sm-66d">
         <name>__aeabi_memclr4</name>
         <value>0x5217</value>
         <object_component_ref idref="oc-5c"/>
      </symbol>
      <symbol id="sm-66e">
         <name>__aeabi_memclr</name>
         <value>0x5217</value>
         <object_component_ref idref="oc-5c"/>
      </symbol>
      <symbol id="sm-678">
         <name>__mpu_init</name>
         <value>0x2b7b</value>
         <object_component_ref idref="oc-68"/>
      </symbol>
      <symbol id="sm-682">
         <name>_system_pre_init</name>
         <value>0x5ebd</value>
         <object_component_ref idref="oc-6e"/>
      </symbol>
      <symbol id="sm-69b">
         <name>sprintf</name>
         <value>0x5569</value>
         <object_component_ref idref="oc-d9"/>
      </symbol>
      <symbol id="sm-6a3">
         <name>main_func_sp</name>
         <value>0x2000147c</value>
         <object_component_ref idref="oc-86"/>
      </symbol>
      <symbol id="sm-6b3">
         <name>strchr</name>
         <value>0x5caf</value>
         <object_component_ref idref="oc-148"/>
      </symbol>
      <symbol id="sm-6c1">
         <name>strcpy</name>
         <value>0x5cc5</value>
         <object_component_ref idref="oc-97"/>
      </symbol>
      <symbol id="sm-6d1">
         <name>strncpy</name>
         <value>0x5ae9</value>
         <object_component_ref idref="oc-164"/>
      </symbol>
      <symbol id="sm-6e4">
         <name>strstr</name>
         <value>0x5ab5</value>
         <object_component_ref idref="oc-182"/>
      </symbol>
      <symbol id="sm-721">
         <name>strtold</name>
         <value>0x3cc5</value>
         <object_component_ref idref="oc-2a8"/>
      </symbol>
      <symbol id="sm-722">
         <name>strtod</name>
         <value>0x3cc5</value>
         <object_component_ref idref="oc-2a8"/>
      </symbol>
      <symbol id="sm-72c">
         <name>__aeabi_ui2d</name>
         <value>0x5c11</value>
         <object_component_ref idref="oc-175"/>
      </symbol>
      <symbol id="sm-745">
         <name>_nop</name>
         <value>0x5d13</value>
         <object_component_ref idref="oc-2e1"/>
      </symbol>
      <symbol id="sm-746">
         <name>_lock</name>
         <value>0x20001468</value>
         <object_component_ref idref="oc-1b9"/>
      </symbol>
      <symbol id="sm-747">
         <name>_unlock</name>
         <value>0x2000146c</value>
         <object_component_ref idref="oc-1b9"/>
      </symbol>
      <symbol id="sm-748">
         <name>_register_lock</name>
         <value>0x5d0b</value>
         <object_component_ref idref="oc-2e1"/>
      </symbol>
      <symbol id="sm-749">
         <name>_register_unlock</name>
         <value>0x5d05</value>
         <object_component_ref idref="oc-2e1"/>
      </symbol>
      <symbol id="sm-850">
         <name>__TI_printfi</name>
         <value>0xedb</value>
         <object_component_ref idref="oc-26d"/>
      </symbol>
      <symbol id="sm-864">
         <name>_args_main</name>
         <value>0x5c81</value>
         <object_component_ref idref="oc-7a"/>
      </symbol>
      <symbol id="sm-889">
         <name>__TI_auto_init</name>
         <value>0x5291</value>
         <object_component_ref idref="oc-74"/>
      </symbol>
      <symbol id="sm-8a3">
         <name>copy_in</name>
         <value>0x57c1</value>
         <object_component_ref idref="oc-1a6"/>
      </symbol>
      <symbol id="sm-8ab">
         <name>errno</name>
         <value>0x20001478</value>
         <object_component_ref idref="oc-3be"/>
      </symbol>
      <symbol id="sm-8cd">
         <name>__aeabi_cdcmpeq</name>
         <value>0x5091</value>
         <object_component_ref idref="oc-375"/>
      </symbol>
      <symbol id="sm-8ce">
         <name>__aeabi_cdcmple</name>
         <value>0x5091</value>
         <object_component_ref idref="oc-375"/>
      </symbol>
      <symbol id="sm-8cf">
         <name>__aeabi_cdrcmple</name>
         <value>0x5117</value>
         <object_component_ref idref="oc-37a"/>
      </symbol>
      <symbol id="sm-8d9">
         <name>__aeabi_d2iz</name>
         <value>0x580d</value>
         <object_component_ref idref="oc-37f"/>
      </symbol>
      <symbol id="sm-8e8">
         <name>ltoa</name>
         <value>0x567d</value>
         <object_component_ref idref="oc-384"/>
      </symbol>
      <symbol id="sm-8f8">
         <name>memccpy</name>
         <value>0x5c4d</value>
         <object_component_ref idref="oc-396"/>
      </symbol>
      <symbol id="sm-911">
         <name>frexpl</name>
         <value>0x55c9</value>
         <object_component_ref idref="oc-38a"/>
      </symbol>
      <symbol id="sm-912">
         <name>frexp</name>
         <value>0x55c9</value>
         <object_component_ref idref="oc-38a"/>
      </symbol>
      <symbol id="sm-930">
         <name>scalbn</name>
         <value>0x4d41</value>
         <object_component_ref idref="oc-390"/>
      </symbol>
      <symbol id="sm-931">
         <name>scalbnl</name>
         <value>0x4d41</value>
         <object_component_ref idref="oc-390"/>
      </symbol>
      <symbol id="sm-932">
         <name>ldexpl</name>
         <value>0x4d41</value>
         <object_component_ref idref="oc-390"/>
      </symbol>
      <symbol id="sm-933">
         <name>ldexp</name>
         <value>0x4d41</value>
         <object_component_ref idref="oc-390"/>
      </symbol>
      <symbol id="sm-93d">
         <name>_system_post_cinit</name>
         <value>0x46a3</value>
         <object_component_ref idref="oc-1ac"/>
      </symbol>
      <symbol id="sm-94b">
         <name>strlen</name>
         <value>0x5d19</value>
         <object_component_ref idref="oc-36f"/>
      </symbol>
      <symbol id="sm-967">
         <name>__aeabi_uldivmod</name>
         <value>0x4121</value>
         <object_component_ref idref="oc-36a"/>
      </symbol>
      <symbol id="sm-971">
         <name>copysign</name>
         <value>0x5e89</value>
         <object_component_ref idref="oc-418"/>
      </symbol>
      <symbol id="sm-972">
         <name>copysignl</name>
         <value>0x5e89</value>
         <object_component_ref idref="oc-418"/>
      </symbol>
      <symbol id="sm-9c9">
         <name>UARTConfigSetExpClk</name>
         <value>0x5921</value>
         <object_component_ref idref="oc-237"/>
      </symbol>
      <symbol id="sm-9ca">
         <name>UARTDisable</name>
         <value>0x5c31</value>
         <object_component_ref idref="oc-353"/>
      </symbol>
      <symbol id="sm-9cb">
         <name>UARTIntEnable</name>
         <value>0x5e81</value>
         <object_component_ref idref="oc-23b"/>
      </symbol>
      <symbol id="sm-9cc">
         <name>UARTCharsAvail</name>
         <value>0x5e09</value>
         <object_component_ref idref="oc-a9"/>
      </symbol>
      <symbol id="sm-9cd">
         <name>UARTCharGetNonBlocking</name>
         <value>0x5da9</value>
         <object_component_ref idref="oc-a5"/>
      </symbol>
      <symbol id="sm-9ce">
         <name>UARTCharPut</name>
         <value>0x5e53</value>
         <object_component_ref idref="oc-22b"/>
      </symbol>
      <symbol id="sm-9cf">
         <name>UARTEnable</name>
         <value>0x5cf1</value>
         <object_component_ref idref="oc-243"/>
      </symbol>
      <symbol id="sm-9d0">
         <name>UARTFIFOEnable</name>
         <value>0x5e5d</value>
         <object_component_ref idref="oc-23f"/>
      </symbol>
      <symbol id="sm-9d1">
         <name>UARTIntClear</name>
         <value>0x5eb9</value>
         <object_component_ref idref="oc-a1"/>
      </symbol>
      <symbol id="sm-9d2">
         <name>UARTIntStatus</name>
         <value>0x5e67</value>
         <object_component_ref idref="oc-9d"/>
      </symbol>
      <symbol id="sm-9f9">
         <name>TimerLoadSet</name>
         <value>0x5d87</value>
         <object_component_ref idref="oc-24b"/>
      </symbol>
      <symbol id="sm-9fa">
         <name>TimerEnable</name>
         <value>0x5dc7</value>
         <object_component_ref idref="oc-253"/>
      </symbol>
      <symbol id="sm-9fb">
         <name>TimerIntEnable</name>
         <value>0x5e79</value>
         <object_component_ref idref="oc-24f"/>
      </symbol>
      <symbol id="sm-9fc">
         <name>TimerConfigure</name>
         <value>0x5bcd</value>
         <object_component_ref idref="oc-247"/>
      </symbol>
      <symbol id="sm-9fd">
         <name>TimerIntClear</name>
         <value>0x5eb5</value>
         <object_component_ref idref="oc-df"/>
      </symbol>
      <symbol id="sm-a1a">
         <name>SysTickEnable</name>
         <value>0x5cdd</value>
         <object_component_ref idref="oc-1f7"/>
      </symbol>
      <symbol id="sm-a1b">
         <name>SysTickValueGet</name>
         <value>0x5dfd</value>
         <object_component_ref idref="oc-d5"/>
      </symbol>
      <symbol id="sm-a1c">
         <name>SysTickPeriodSet</name>
         <value>0x5d99</value>
         <object_component_ref idref="oc-1f3"/>
      </symbol>
      <symbol id="sm-aa6">
         <name>SysCtlClockSet</name>
         <value>0x46a5</value>
         <object_component_ref idref="oc-1ef"/>
      </symbol>
      <symbol id="sm-aa7">
         <name>SysCtlDelay</name>
         <value>0x5ea3</value>
         <object_component_ref idref="oc-32e"/>
      </symbol>
      <symbol id="sm-aa8">
         <name>SysCtlPeripheralEnable</name>
         <value>0x5625</value>
         <object_component_ref idref="oc-1fb"/>
      </symbol>
      <symbol id="sm-aa9">
         <name>SysCtlClockGet</name>
         <value>0x4315</value>
         <object_component_ref idref="oc-233"/>
      </symbol>
      <symbol id="sm-aaa">
         <name>SysCtlPeripheralReset</name>
         <value>0x5009</value>
         <object_component_ref idref="oc-1eb"/>
      </symbol>
      <symbol id="sm-ade">
         <name>SSIDataPut</name>
         <value>0x5e35</value>
         <object_component_ref idref="oc-2f9"/>
      </symbol>
      <symbol id="sm-adf">
         <name>SSIDataGetNonBlocking</name>
         <value>0x5d75</value>
         <object_component_ref idref="oc-310"/>
      </symbol>
      <symbol id="sm-ae0">
         <name>SSIConfigSetExpClk</name>
         <value>0x5899</value>
         <object_component_ref idref="oc-304"/>
      </symbol>
      <symbol id="sm-ae1">
         <name>SSIEnable</name>
         <value>0x5e49</value>
         <object_component_ref idref="oc-30c"/>
      </symbol>
      <symbol id="sm-ae2">
         <name>SSIBusy</name>
         <value>0x5e71</value>
         <object_component_ref idref="oc-2f5"/>
      </symbol>
      <symbol id="sm-ae3">
         <name>SSIDisable</name>
         <value>0x5e3f</value>
         <object_component_ref idref="oc-300"/>
      </symbol>
      <symbol id="sm-b1c">
         <name>IntEnable</name>
         <value>0x5445</value>
         <object_component_ref idref="oc-213"/>
      </symbol>
      <symbol id="sm-b1d">
         <name>IntRegister</name>
         <value>0x5a4d</value>
         <object_component_ref idref="oc-33e"/>
      </symbol>
      <symbol id="sm-b1e">
         <name>g_pfnRAMVectors</name>
         <value>0x20000000</value>
         <object_component_ref idref="oc-3fd"/>
      </symbol>
      <symbol id="sm-b1f">
         <name>IntMasterEnable</name>
         <value>0x5e2b</value>
         <object_component_ref idref="oc-108"/>
      </symbol>
      <symbol id="sm-bab">
         <name>GPIOPinIntClear</name>
         <value>0x5e91</value>
         <object_component_ref idref="oc-8f"/>
      </symbol>
      <symbol id="sm-bac">
         <name>GPIOIntTypeSet</name>
         <value>0x5855</value>
         <object_component_ref idref="oc-20b"/>
      </symbol>
      <symbol id="sm-bad">
         <name>GPIOPinTypeADC</name>
         <value>0x5d2d</value>
         <object_component_ref idref="oc-217"/>
      </symbol>
      <symbol id="sm-bae">
         <name>GPIOPinIntEnable</name>
         <value>0x5def</value>
         <object_component_ref idref="oc-20f"/>
      </symbol>
      <symbol id="sm-baf">
         <name>GPIOPinTypeUART</name>
         <value>0x5d63</value>
         <object_component_ref idref="oc-22f"/>
      </symbol>
      <symbol id="sm-bb0">
         <name>GPIOPinTypeGPIOOutput</name>
         <value>0x5d3f</value>
         <object_component_ref idref="oc-203"/>
      </symbol>
      <symbol id="sm-bb1">
         <name>GPIOPinRead</name>
         <value>0x5e97</value>
         <object_component_ref idref="oc-93"/>
      </symbol>
      <symbol id="sm-bb2">
         <name>GPIODirModeSet</name>
         <value>0x5b47</value>
         <object_component_ref idref="oc-335"/>
      </symbol>
      <symbol id="sm-bb3">
         <name>GPIOPinWrite</name>
         <value>0x5e9d</value>
         <object_component_ref idref="oc-291"/>
      </symbol>
      <symbol id="sm-bb4">
         <name>GPIOPadConfigSet</name>
         <value>0x4e11</value>
         <object_component_ref idref="oc-1ff"/>
      </symbol>
      <symbol id="sm-bb5">
         <name>GPIOPinTypeSSI</name>
         <value>0x5d51</value>
         <object_component_ref idref="oc-308"/>
      </symbol>
      <symbol id="sm-bb6">
         <name>GPIOPortIntRegister</name>
         <value>0x5c67</value>
         <object_component_ref idref="oc-207"/>
      </symbol>
      <symbol id="sm-bbe">
         <name>CPUcpsie</name>
         <value>0x5de3</value>
         <object_component_ref idref="oc-286"/>
      </symbol>
      <symbol id="sm-bfa">
         <name>ADCProcessorTrigger</name>
         <value>0x5c99</value>
         <object_component_ref idref="oc-fb"/>
      </symbol>
      <symbol id="sm-bfb">
         <name>ADCSequenceEnable</name>
         <value>0x5db9</value>
         <object_component_ref idref="oc-223"/>
      </symbol>
      <symbol id="sm-bfc">
         <name>ADCSequenceConfigure</name>
         <value>0x5ba3</value>
         <object_component_ref idref="oc-21b"/>
      </symbol>
      <symbol id="sm-bfd">
         <name>ADCSequenceStepConfigure</name>
         <value>0x536f</value>
         <object_component_ref idref="oc-21f"/>
      </symbol>
      <symbol id="sm-bfe">
         <name>ADCIntClear</name>
         <value>0x5e21</value>
         <object_component_ref idref="oc-227"/>
      </symbol>
      <symbol id="sm-bff">
         <name>ADCIntStatus</name>
         <value>0x5b19</value>
         <object_component_ref idref="oc-ff"/>
      </symbol>
      <symbol id="sm-c00">
         <name>ADCSequenceDataGet</name>
         <value>0x5bf1</value>
         <object_component_ref idref="oc-103"/>
      </symbol>
      <symbol id="sm-c01">
         <name>__TI_static_base__</name>
         <value>0x0</value>
      </symbol>
      <symbol id="sm-c04">
         <name>SHT$$INIT_ARRAY$$Limit</name>
         <value>0x0</value>
      </symbol>
      <symbol id="sm-c05">
         <name>SHT$$INIT_ARRAY$$Base</name>
         <value>0x0</value>
      </symbol>
   </symbol_table>
   <title>Link successful</title>
</link_info>
