******************************************************************************
                  TI ARM Linker PC v5.1.1                      
******************************************************************************
>> Linked Mon Oct 05 15:47:22 2015

OUTPUT FILE NAME:   <c_control.out>
ENTRY POINT SYMBOL: "_c_int00"  address: 000061dd


MEMORY CONFIGURATION

         name            origin    length      used     unused   attr    fill
----------------------  --------  ---------  --------  --------  ----  --------
  FLASH                 00000000   00040000  00006d80  00039280  R  X
  SRAM                  20000000   00010000  000015c2  0000ea3e  RW X


SEGMENT ALLOCATION MAP

run origin  load origin   length   init length attrs members
----------  ----------- ---------- ----------- ----- -------
00000000    00000000    00006d88   00006d88    r-x
  00000000    00000000    000000f0   000000f0    r-- .intvecs
  000000f0    000000f0    00006564   00006564    r-x .text
  00006658    00006658    00000654   00000654    r-- .const
  00006cb0    00006cb0    000000d8   000000d8    r-- .cinit
20000000    20000000    000015c6   00000000    rw-
  20000000    20000000    0000026c   00000000    rw- .vtable
  2000026c    2000026c    00000800   00000000    rw- .stack
  20000a70    20000a70    00000800   00000000    rw- .sysmem
  20001270    20001270    00000220   00000000    rw- .data
  20001490    20001490    00000136   00000000    rw- .bss


SECTION ALLOCATION MAP

 output                                  attributes/
section   page    origin      length       input sections
--------  ----  ----------  ----------   ----------------
.intvecs   0    00000000    000000f0     
                  00000000    000000f0     lm3s1968_startup_ccs.obj (.intvecs)

.init_array 
*          0    00000000    00000000     UNINITIALIZED

.text      0    000000f0    00006564     
                  000000f0    00000e78     rtsv7M3_T_le_eabi.lib : _printfi.obj (.text)
                  00000f68    00000aac     data_process.obj (.text)
                  00001a14    00000850     speed.obj (.text)
                  00002264    00000546     display.obj (.text)
                  000027aa    00000002     --HOLE-- [fill = 0]
                  000027ac    00000510     rit128x96x4.obj (.text)
                  00002cbc    00000478     main.obj (.text)
                  00003134    000003cc     rtsv7M3_T_le_eabi.lib : memory.obj (.text)
                  00003500    000002bc     debounce.obj (.text)
                  000037bc    00000294     rtsv7M3_T_le_eabi.lib : xsin.obj (.text)
                  00003a50    00000268     motor_control.obj (.text)
                  00003cb8    00000238     rtsv7M3_T_le_eabi.lib : strtod.obj (.text)
                  00003ef0    00000238                           : tan.obj (.text)
                  00004128    0000020c     init.obj (.text)
                  00004334    000001f4     rtsv7M3_T_le_eabi.lib : ull_div_t2.obj (.text)
                  00004528    000001c8     driverlib-cm3.lib : sysctl.obj (.text:SysCtlClockGet)
                  000046f0    000001b6     rtsv7M3_T_le_eabi.lib : fd_add_t2.obj (.text)
                  000048a6    00000002     --HOLE-- [fill = 0]
                  000048a8    00000190                           : xatan.obj (.text)
                  00004a38    00000154                           : fmod.obj (.text)
                  00004b8c    00000148     driverlib-cm3.lib : sysctl.obj (.text:SysCtlClockSet)
                  00004cd4    00000140     rtsv7M3_T_le_eabi.lib : sqrt.obj (.text)
                  00004e14    00000136                           : fd_div_t2.obj (.text)
                  00004f4a    00000002     --HOLE-- [fill = 0]
                  00004f4c    00000110                           : xdscale.obj (.text)
                  0000505c    00000104                           : atan2.obj (.text)
                  00005160    000000fc     driverlib-cm3.lib : gpio.obj (.text:GPIOGetIntNumber)
                  0000525c    000000fc     rtsv7M3_T_le_eabi.lib : fd_mul_t2.obj (.text)
                  00005358    000000fa                           : fs_add_t2.obj (.text)
                  00005452    000000c4                           : xdnorm.obj (.text)
                  00005516    000000b8     driverlib-cm3.lib : gpio.obj (.text:GPIOPadConfigSet)
                  000055ce    00000002     --HOLE-- [fill = 0]
                  000055d0    000000ac     rtsv7M3_T_le_eabi.lib : atan.obj (.text)
                  0000567c    0000009c                           : memcpy_t2.obj (.text)
                  00005718    00000094                           : auto_init.obj (.text)
                  000057ac    00000092                           : fs_div_t2.obj (.text)
                  0000583e    00000002     --HOLE-- [fill = 0]
                  00005840    0000008c     driverlib-cm3.lib : sysctl.obj (.text:SysCtlPeripheralReset)
                  000058cc    0000007e     rtsv7M3_T_le_eabi.lib : fd_cmp_t2.obj (.text:__aeabi_cdcmple)
                  0000594a    0000007e                           : fd_cmp_t2.obj (.text:__aeabi_cdrcmple)
                  000059c8    0000007a                           : fs_mul_t2.obj (.text)
                  00005a42    00000078                           : memset_t2.obj (.text)
                  00005aba    00000002     --HOLE-- [fill = 0]
                  00005abc    00000068     driverlib-cm3.lib : interrupt.obj (.text:IntEnable)
                  00005b24    00000064     rtsv7M3_T_le_eabi.lib : xdunscal.obj (.text)
                  00005b88    00000060                           : fs_cmp_t2.obj (.text:__aeabi_cfcmple)
                  00005be8    00000060                           : fs_cmp_t2.obj (.text:__aeabi_cfrcmple)
                  00005c48    00000060                           : sprintf.obj (.text)
                  00005ca8    0000005e                           : copy_decompress_rle.obj (.text)
                  00005d06    00000002     --HOLE-- [fill = 0]
                  00005d08    0000005c     driverlib-cm3.lib : sysctl.obj (.text:SysCtlPeripheralEnable)
                  00005d64    0000005a     rtsv7M3_T_le_eabi.lib : ltoa.obj (.text)
                  00005dbe    00000002     --HOLE-- [fill = 0]
                  00005dc0    0000004c                           : atoi.obj (.text)
                  00005e0c    0000004c                           : atol.obj (.text)
                  00005e58    0000004a                           : fd_tos_t2.obj (.text)
                  00005ea2    00000048                           : fd_toi_t2.obj (.text)
                  00005eea    00000002     --HOLE-- [fill = 0]
                  00005eec    00000044                           : cpy_tbl.obj (.text)
                  00005f30    00000044                           : exit.obj (.text)
                  00005f74    00000044                           : fd_tou_t2.obj (.text)
                  00005fb8    00000044                           : xdtest.obj (.text)
                  00005ffc    00000042     driverlib-cm3.lib : ssi.obj (.text:SSIConfigSetExpClk)
                  0000603e    00000042                       : uart.obj (.text:UARTConfigSetExpClk)
                  00006080    00000040     rtsv7M3_T_le_eabi.lib : signal.obj (.text)
                  000060c0    0000003e     driverlib-cm3.lib : gpio.obj (.text:GPIOIntTypeSet)
                  000060fe    00000038     rtsv7M3_T_le_eabi.lib : fs_tod_t2.obj (.text)
                  00006136    00000038                           : fs_toi_t2.obj (.text)
                  0000616e    00000038                           : i_tofs_t2.obj (.text)
                  000061a6    00000002     --HOLE-- [fill = 0]
                  000061a8    00000034     driverlib-cm3.lib : interrupt.obj (.text:IntRegister)
                  000061dc    00000034     rtsv7M3_T_le_eabi.lib : boot.obj (.text)
                  00006210    00000034                           : feraiseexcept.obj (.text)
                  00006244    00000034                           : fs_tou_t2.obj (.text)
                  00006278    00000032                           : strstr.obj (.text)
                  000062aa    00000030                           : strncpy.obj (.text)
                  000062da    00000002     --HOLE-- [fill = 0]
                  000062dc    00000030                           : xferaise.obj (.text)
                  0000630c    0000002e                           : i_tofd_t2.obj (.text)
                  0000633a    0000002e                           : raise.obj (.text)
                  00006368    0000002a     driverlib-cm3.lib : gpio.obj (.text:GPIODirModeSet)
                  00006392    00000002     --HOLE-- [fill = 0]
                  00006394    00000028                       : timer.obj (.text:TimerConfigure)
                  000063bc    00000020     rtsv7M3_T_le_eabi.lib : u_tofd_t2.obj (.text)
                  000063dc    0000001c     driverlib-cm3.lib : uart.obj (.text:UARTDisable)
                  000063f8    0000001a     rtsv7M3_T_le_eabi.lib : memccpy.obj (.text)
                  00006412    00000018     driverlib-cm3.lib : gpio.obj (.text:GPIOPortIntRegister)
                  0000642a    00000002     --HOLE-- [fill = 0]
                  0000642c    00000018     rtsv7M3_T_le_eabi.lib : args_main.obj (.text)
                  00006444    00000018                           : ll_mul_t2.obj (.text)
                  0000645c    00000016                           : strchr.obj (.text)
                  00006472    00000002     --HOLE-- [fill = 0]
                  00006474    00000014     driverlib-cm3.lib : systick.obj (.text:SysTickEnable)
                  00006488    00000014                       : uart.obj (.text:UARTEnable)
                  0000649c    00000014     rtsv7M3_T_le_eabi.lib : _lock.obj (.text)
                  000064b0    00000014                           : strlen.obj (.text)
                  000064c4    00000012     driverlib-cm3.lib : gpio.obj (.text:GPIOPinTypeGPIOOutput)
                  000064d6    00000012                       : gpio.obj (.text:GPIOPinTypeSSI)
                  000064e8    00000012                       : gpio.obj (.text:GPIOPinTypeUART)
                  000064fa    00000012                       : ssi.obj (.text:SSIDataGetNonBlocking)
                  0000650c    00000012                       : timer.obj (.text:TimerLoadSet)
                  0000651e    00000012     rtsv7M3_T_le_eabi.lib : copy_zero_init.obj (.text:decompress:ZI)
                  00006530    00000012                           : strcpy.obj (.text)
                  00006542    00000002     --HOLE-- [fill = 0]
                  00006544    00000010     driverlib-cm3.lib : systick.obj (.text:SysTickPeriodSet)
                  00006554    0000000e                       : timer.obj (.text:TimerEnable)
                  00006562    0000000e                       : uart.obj (.text:UARTCharGetNonBlocking)
                  00006570    0000000e     rtsv7M3_T_le_eabi.lib : copy_decompress_none.obj (.text:decompress:none)
                  0000657e    0000000e                           : xdclass.obj (.text)
                  0000658c    0000000c     driverlib-cm3.lib : cpu.obj (.text:CPUcpsie)
                  00006598    0000000c                       : gpio.obj (.text:GPIOPinIntEnable)
                  000065a4    0000000c                       : systick.obj (.text:SysTickValueGet)
                  000065b0    0000000c                       : uart.obj (.text:UARTCharsAvail)
                  000065bc    0000000c     lm3s1968_startup_ccs.obj (.text)
                  000065c8    0000000a     driverlib-cm3.lib : interrupt.obj (.text:IntMasterEnable)
                  000065d2    0000000a                       : ssi.obj (.text:SSIDataPut)
                  000065dc    0000000a                       : ssi.obj (.text:SSIDisable)
                  000065e6    0000000a                       : ssi.obj (.text:SSIEnable)
                  000065f0    0000000a                       : uart.obj (.text:UARTCharPut)
                  000065fa    0000000a                       : uart.obj (.text:UARTIntStatus)
                  00006604    00000008                       : ssi.obj (.text:SSIBusy)
                  0000660c    00000008                       : timer.obj (.text:TimerIntEnable)
                  00006614    00000008                       : uart.obj (.text:UARTIntEnable)
                  0000661c    00000006                       : gpio.obj (.text:GPIOPinIntClear)
                  00006622    00000006                       : gpio.obj (.text:GPIOPinRead)
                  00006628    00000006                       : gpio.obj (.text:GPIOPinWrite)
                  0000662e    00000006                       : sysctl.obj (.text:SysCtlDelay)
                  00006634    00000006     rtsv7M3_T_le_eabi.lib : copy_decompress_rle.obj (.text:decompress:rle24)
                  0000663a    00000006                           : atof.obj (.text)
                  00006640    00000006                           : cos.obj (.text)
                  00006646    00000006                           : sin.obj (.text)
                  0000664c    00000004     driverlib-cm3.lib : timer.obj (.text:TimerIntClear)
                  00006650    00000004                       : uart.obj (.text:UARTIntClear)

.const     0    00006658    00000654     
                  00006658    000001e0     rit128x96x4.obj (.const:g_pucFont)
                  00006838    00000102     rtsv7M3_T_le_eabi.lib : ctype.obj (.const:.string:_ctypes_)
                  0000693a    00000006     --HOLE-- [fill = 0]
                  00006940    00000098                           : strtod.obj (.const)
                  000069d8    00000088                           : xatan.obj (.const)
                  00006a60    00000080                           : xsin.obj (.const)
                  00006ae0    00000070     driverlib-cm3.lib : interrupt.obj (.const)
                  00006b50    0000006c                       : sysctl.obj (.const:g_pulXtals)
                  00006bbc    00000004     --HOLE-- [fill = 0]
                  00006bc0    00000050     rtsv7M3_T_le_eabi.lib : tan.obj (.const)
                  00006c10    0000004f     rit128x96x4.obj (.const:.string:g_pucRIT128x96x4Init)
                  00006c5f    00000001     --HOLE-- [fill = 0]
                  00006c60    00000040     driverlib-cm3.lib : sysctl.obj (.const)
                  00006ca0    0000000c     rit128x96x4.obj (.const:.string)

.cinit     0    00006cb0    000000d8     
                  00006cb0    000000a1     (.cinit..data.load) [load image, compression = rle]
                  00006d51    00000003     --HOLE-- [fill = 0]
                  00006d54    0000000c     (__TI_handler_table)
                  00006d60    00000008     (.cinit..bss.load) [load image, compression = zero_init]
                  00006d68    00000008     (.cinit..vtable.load) [load image, compression = zero_init]
                  00006d70    00000018     (__TI_cinit_table)

.vtable    0    20000000    0000026c     UNINITIALIZED
                  20000000    0000026c     driverlib-cm3.lib : interrupt.obj (.vtable)

.stack     0    2000026c    00000800     UNINITIALIZED
                  2000026c    00000800     --HOLE--

.sysmem    0    20000a70    00000800     UNINITIALIZED
                  20000a70    00000008     rtsv7M3_T_le_eabi.lib : memory.obj (.sysmem)
                  20000a78    000007f8     --HOLE--

.data      0    20001270    00000220     UNINITIALIZED
                  20001270    000000b0     rtsv7M3_T_le_eabi.lib : signal.obj (.data:sigtable)
                  20001320    00000080                           : xvalues.obj (.data)
                  200013a0    00000060     data_process.obj (.data)
                  20001400    00000044     debounce.obj (.data)
                  20001444    00000018     main.obj (.data)
                  2000145c    0000000c     rtsv7M3_T_le_eabi.lib : memory.obj (.data)
                  20001468    00000008     motor_control.obj (.data)
                  20001470    00000008     rtsv7M3_T_le_eabi.lib : _lock.obj (.data)
                  20001478    00000008                           : exit.obj (.data)
                  20001480    00000008                           : feraiseexcept.obj (.data)
                  20001488    00000004                           : errno.obj (.data)
                  2000148c    00000004                           : stkdepth_vars.obj (.data)

.bss       0    20001490    00000136     UNINITIALIZED
                  20001490    00000078     main.obj (.bss:UART_char_data)
                  20001508    00000078     main.obj (.bss:UART_char_data_old)
                  20001580    00000014     (.common:speed_array)
                  20001594    00000010     (.common:speed_buffer)
                  200015a4    00000008     (.common:g_pucBuffer)
                  200015ac    00000008     (.common:location)
                  200015b4    00000008     (.common:real_time)
                  200015bc    00000004     (.common:flag1)
                  200015c0    00000004     (.common:g_ulSSIFlags)
                  200015c4    00000001     (.common:lat)
                  200015c5    00000001     (.common:lon)


LINKER GENERATED COPY TABLES

__TI_cinit_table @ 00006d70 records: 3, size/record: 8, table size: 24
	.data: load addr=00006cb0, load size=000000a1 bytes, run addr=20001270, run size=00000220 bytes, compression=rle
	.bss: load addr=00006d60, load size=00000008 bytes, run addr=20001490, run size=00000136 bytes, compression=zero_init
	.vtable: load addr=00006d68, load size=00000008 bytes, run addr=20000000, run size=0000026c bytes, compression=zero_init


LINKER GENERATED HANDLER TABLE

__TI_handler_table @ 00006d54 records: 3, size/record: 4, table size: 12
	index: 0, handler: __TI_zero_init
	index: 1, handler: __TI_decompress_rle24
	index: 2, handler: __TI_decompress_none


GLOBAL SYMBOLS: SORTED ALPHABETICALLY BY Name 

address    name
--------   ----
00005f31   C$$EXIT
0000658d   CPUcpsie
2000140c   DebCwBut
20001404   DebDownBut
20001408   DebLeftBut
20001410   DebSelectBut
20001400   DebUpBut
00006369   GPIODirModeSet
000060c1   GPIOIntTypeSet
00005517   GPIOPadConfigSet
0000661d   GPIOPinIntClear
00006599   GPIOPinIntEnable
00006623   GPIOPinRead
000064c5   GPIOPinTypeGPIOOutput
000064d7   GPIOPinTypeSSI
000064e9   GPIOPinTypeUART
00006629   GPIOPinWrite
00006413   GPIOPortIntRegister
200013f4   HDOP
00005abd   IntEnable
000065c9   IntMasterEnable
000061a9   IntRegister
00002cbd   PinChangeIntHandler
000028b5   RIT128x96x4Clear
00002b33   RIT128x96x4Disable
00002c85   RIT128x96x4DisplayOff
00002c51   RIT128x96x4DisplayOn
00002ad9   RIT128x96x4Enable
00002a51   RIT128x96x4ImageDraw
00002bad   RIT128x96x4Init
00002911   RIT128x96x4StringDraw
000065bd   ResetISR
UNDEFED    SHT$$INIT_ARRAY$$Base
UNDEFED    SHT$$INIT_ARRAY$$Limit
00006605   SSIBusy
00005ffd   SSIConfigSetExpClk
000064fb   SSIDataGetNonBlocking
000065d3   SSIDataPut
000065dd   SSIDisable
000065e7   SSIEnable
00004529   SysCtlClockGet
00004b8d   SysCtlClockSet
0000662f   SysCtlDelay
00005d09   SysCtlPeripheralEnable
00005841   SysCtlPeripheralReset
00006475   SysTickEnable
00006545   SysTickPeriodSet
000065a5   SysTickValueGet
00001919   Timer0IntHandler
00003c91   Timer1IntHandler
00006395   TimerConfigure
00006555   TimerEnable
0000664d   TimerIntClear
0000660d   TimerIntEnable
0000650d   TimerLoadSet
00006563   UARTCharGetNonBlocking
000065f1   UARTCharPut
000065b1   UARTCharsAvail
0000603f   UARTConfigSetExpClk
000063dd   UARTDisable
00006489   UARTEnable
00006651   UARTIntClear
00006615   UARTIntEnable
00002db1   UARTIntHandler
000065fb   UARTIntStatus
000041fd   UARTSend
20001490   UART_char_data
20001508   UART_char_data_old
000048a9   _Atan
0000657f   _Dclass
20001320   _Denorm
00005453   _Dnorm
00004f4d   _Dscale
00005fb9   _Dtest
00005b25   _Dunscale
20001330   _Eps
20001488   _Errno
20001480   _Fenv
000062dd   _Feraise
20001340   _Hugeval
20001350   _Inf
20001360   _Nan
20001380   _Rteps
000037bd   _Sin
20001370   _Snan
20001484   _Tls_setup__Fenv
20001390   _Xbig
20001398   _Zero
20000a6c   __STACK_END
00000800   __STACK_SIZE
2000046c   __STACK_TOP
00000800   __SYSMEM_SIZE
00006d70   __TI_CINIT_Base
00006d88   __TI_CINIT_Limit
00006d54   __TI_Handler_Table_Base
00006d60   __TI_Handler_Table_Limit
00000001   __TI_args_main
00005719   __TI_auto_init
20001478   __TI_cleanup_ptr
00006571   __TI_decompress_none
00006635   __TI_decompress_rle24
2000147c   __TI_dtors_ptr
00000c5f   __TI_printfi
00000000   __TI_static_base__
0000651f   __TI_zero_init
000058cd   __aeabi_cdcmpeq
000058cd   __aeabi_cdcmple
0000594b   __aeabi_cdrcmple
00005b89   __aeabi_cfcmpeq
00005b89   __aeabi_cfcmple
00005be9   __aeabi_cfrcmple
00005e59   __aeabi_d2f
00005ea3   __aeabi_d2iz
00005f75   __aeabi_d2uiz
000046fb   __aeabi_dadd
00004e15   __aeabi_ddiv
0000525d   __aeabi_dmul
000046f1   __aeabi_dsub
000060ff   __aeabi_f2d
00006137   __aeabi_f2iz
00006245   __aeabi_f2uiz
0000535d   __aeabi_fadd
000057ad   __aeabi_fdiv
000059c9   __aeabi_fmul
00005359   __aeabi_fsub
0000630d   __aeabi_i2d
0000616f   __aeabi_i2f
00006445   __aeabi_lmul
00005a43   __aeabi_memclr
00005a43   __aeabi_memclr4
00005a43   __aeabi_memclr8
0000567d   __aeabi_memcpy
0000567d   __aeabi_memcpy4
0000567d   __aeabi_memcpy8
00005a45   __aeabi_memset
00005a45   __aeabi_memset4
00005a45   __aeabi_memset8
000063bd   __aeabi_ui2d
00004335   __aeabi_uldivmod
ffffffff   __binit__
ffffffff   __c_args__
2000026c   __stack
0000642d   _args_main
000061dd   _c_int00
00006838   _ctypes_
20001470   _lock
000064ab   _nop
000064a3   _register_lock
0000649d   _register_unlock
20000a70   _sys_memory
20001474   _unlock
00005f35   abort
200013b0   acceleration
200013fc   altitude
00002efd   analysis_speed
200013ac   angle
000055d1   atan
0000505d   atan2
0000663b   atof
00005dc1   atoi
00005e0d   atol
ffffffff   binit
00003709   bit_check
200013a4   buffed_speed
200013a8   buffed_speed_1_old
00003501   button_choker
20001440   button_pressed
0000102d   calculate_accleration
00000f9d   calculate_distance
000034c9   calloc
00002265   clearDisplay
00005eed   copy_in
00006641   cos
200013ec   count
00003529   debounce_button
0000109d   decode_GGA
000014c9   decode_RMC
0000257d   display
200013bc   distance
20001444   encoder_1
20001448   encoder_2
000023b5   enter_fuel_display
00005f3d   exit
00006211   feraiseexcept
200013d0   fix
200013e8   fixquality
200015bc   flag1
00004a39   fmod
00003223   free
20000000   g_pfnRAMVectors
00000000   g_pfnVectors
200013f8   geoidheight
00001b09   getDistance
00000f69   get_speed
20001454   index
000042c7   initCircBuf
00004165   initClock
00004225   initConsole
000041f3   initDisplay
0000417b   initGPIO
0000419f   initPin
0000425f   initTimer
00002303   init_password
2000143c   last_debounce
200013f0   last_time
200015c4   lat
200013b4   latitude
200013c8   latitudeDegrees
200013c0   latitude_fixed
200015ac   location
200015c5   lon
200013b8   longitude
200013cc   longitudeDegrees
200013c4   longitude_fixed
00005d65   ltoa
00002f65   main
2000148c   main_func_sp
000031c1   malloc
00002f39   max_acc_func
000033e9   memalign
000063f9   memccpy
0000567d   memcpy
00005a4b   memset
00003135   minit
00002491   no_fix_screen
0000226d   password_display
2000144c   prev_state
0000633b   raise
20001420   raw_cw
20001434   raw_cw_p
20001414   raw_down
20001428   raw_down_p
2000141c   raw_left
20001430   raw_left_p
20001424   raw_select
20001438   raw_select_p
20001418   raw_up
2000142c   raw_up_p
00001019   read_acceleration
00002de5   read_button_screen
20001458   read_data
00000f97   read_distance
00000f8b   read_fix
00000f81   read_location
00000f91   read_quality
00000f7b   read_satillite
00001a15   read_speed
00000f6f   read_time
200015b4   real_time
000032e3   realloc
00004129   reset_peripheral
0000365b   return_button
000023fb   review_fuel_display
200013e9   satellites
00002e5d   send_data
00001a39   set_speed
0000231b   set_speed_display
00006081   signal
00006647   sin
200013a0   speed
20001580   speed_array
00001955   split_data
00005c49   sprintf
00004cd5   sqrt
00003bdb   step
00003b81   step_mode_return
00003c57   step_motor_control
00003a51   stepper_motor
00003b87   stepper_motor_off
00003bbb   stepper_system
00002d61   store_char
00002ec7   store_speed
0000645d   strchr
00006531   strcpy
000064b1   strlen
000062ab   strncpy
00006279   strstr
00003cb9   strtod
00003ef1   tan
20001450   thing
2000146c   thisStep
200013d4   time_array
20001468   time_last
00001abd   toRadians
000018d9   update_array


GLOBAL SYMBOLS: SORTED BY Symbol Address 

address    name
--------   ----
00000000   __TI_static_base__
00000000   g_pfnVectors
00000001   __TI_args_main
00000800   __STACK_SIZE
00000800   __SYSMEM_SIZE
00000c5f   __TI_printfi
00000f69   get_speed
00000f6f   read_time
00000f7b   read_satillite
00000f81   read_location
00000f8b   read_fix
00000f91   read_quality
00000f97   read_distance
00000f9d   calculate_distance
00001019   read_acceleration
0000102d   calculate_accleration
0000109d   decode_GGA
000014c9   decode_RMC
000018d9   update_array
00001919   Timer0IntHandler
00001955   split_data
00001a15   read_speed
00001a39   set_speed
00001abd   toRadians
00001b09   getDistance
00002265   clearDisplay
0000226d   password_display
00002303   init_password
0000231b   set_speed_display
000023b5   enter_fuel_display
000023fb   review_fuel_display
00002491   no_fix_screen
0000257d   display
000028b5   RIT128x96x4Clear
00002911   RIT128x96x4StringDraw
00002a51   RIT128x96x4ImageDraw
00002ad9   RIT128x96x4Enable
00002b33   RIT128x96x4Disable
00002bad   RIT128x96x4Init
00002c51   RIT128x96x4DisplayOn
00002c85   RIT128x96x4DisplayOff
00002cbd   PinChangeIntHandler
00002d61   store_char
00002db1   UARTIntHandler
00002de5   read_button_screen
00002e5d   send_data
00002ec7   store_speed
00002efd   analysis_speed
00002f39   max_acc_func
00002f65   main
00003135   minit
000031c1   malloc
00003223   free
000032e3   realloc
000033e9   memalign
000034c9   calloc
00003501   button_choker
00003529   debounce_button
0000365b   return_button
00003709   bit_check
000037bd   _Sin
00003a51   stepper_motor
00003b81   step_mode_return
00003b87   stepper_motor_off
00003bbb   stepper_system
00003bdb   step
00003c57   step_motor_control
00003c91   Timer1IntHandler
00003cb9   strtod
00003ef1   tan
00004129   reset_peripheral
00004165   initClock
0000417b   initGPIO
0000419f   initPin
000041f3   initDisplay
000041fd   UARTSend
00004225   initConsole
0000425f   initTimer
000042c7   initCircBuf
00004335   __aeabi_uldivmod
00004529   SysCtlClockGet
000046f1   __aeabi_dsub
000046fb   __aeabi_dadd
000048a9   _Atan
00004a39   fmod
00004b8d   SysCtlClockSet
00004cd5   sqrt
00004e15   __aeabi_ddiv
00004f4d   _Dscale
0000505d   atan2
0000525d   __aeabi_dmul
00005359   __aeabi_fsub
0000535d   __aeabi_fadd
00005453   _Dnorm
00005517   GPIOPadConfigSet
000055d1   atan
0000567d   __aeabi_memcpy
0000567d   __aeabi_memcpy4
0000567d   __aeabi_memcpy8
0000567d   memcpy
00005719   __TI_auto_init
000057ad   __aeabi_fdiv
00005841   SysCtlPeripheralReset
000058cd   __aeabi_cdcmpeq
000058cd   __aeabi_cdcmple
0000594b   __aeabi_cdrcmple
000059c9   __aeabi_fmul
00005a43   __aeabi_memclr
00005a43   __aeabi_memclr4
00005a43   __aeabi_memclr8
00005a45   __aeabi_memset
00005a45   __aeabi_memset4
00005a45   __aeabi_memset8
00005a4b   memset
00005abd   IntEnable
00005b25   _Dunscale
00005b89   __aeabi_cfcmpeq
00005b89   __aeabi_cfcmple
00005be9   __aeabi_cfrcmple
00005c49   sprintf
00005d09   SysCtlPeripheralEnable
00005d65   ltoa
00005dc1   atoi
00005e0d   atol
00005e59   __aeabi_d2f
00005ea3   __aeabi_d2iz
00005eed   copy_in
00005f31   C$$EXIT
00005f35   abort
00005f3d   exit
00005f75   __aeabi_d2uiz
00005fb9   _Dtest
00005ffd   SSIConfigSetExpClk
0000603f   UARTConfigSetExpClk
00006081   signal
000060c1   GPIOIntTypeSet
000060ff   __aeabi_f2d
00006137   __aeabi_f2iz
0000616f   __aeabi_i2f
000061a9   IntRegister
000061dd   _c_int00
00006211   feraiseexcept
00006245   __aeabi_f2uiz
00006279   strstr
000062ab   strncpy
000062dd   _Feraise
0000630d   __aeabi_i2d
0000633b   raise
00006369   GPIODirModeSet
00006395   TimerConfigure
000063bd   __aeabi_ui2d
000063dd   UARTDisable
000063f9   memccpy
00006413   GPIOPortIntRegister
0000642d   _args_main
00006445   __aeabi_lmul
0000645d   strchr
00006475   SysTickEnable
00006489   UARTEnable
0000649d   _register_unlock
000064a3   _register_lock
000064ab   _nop
000064b1   strlen
000064c5   GPIOPinTypeGPIOOutput
000064d7   GPIOPinTypeSSI
000064e9   GPIOPinTypeUART
000064fb   SSIDataGetNonBlocking
0000650d   TimerLoadSet
0000651f   __TI_zero_init
00006531   strcpy
00006545   SysTickPeriodSet
00006555   TimerEnable
00006563   UARTCharGetNonBlocking
00006571   __TI_decompress_none
0000657f   _Dclass
0000658d   CPUcpsie
00006599   GPIOPinIntEnable
000065a5   SysTickValueGet
000065b1   UARTCharsAvail
000065bd   ResetISR
000065c9   IntMasterEnable
000065d3   SSIDataPut
000065dd   SSIDisable
000065e7   SSIEnable
000065f1   UARTCharPut
000065fb   UARTIntStatus
00006605   SSIBusy
0000660d   TimerIntEnable
00006615   UARTIntEnable
0000661d   GPIOPinIntClear
00006623   GPIOPinRead
00006629   GPIOPinWrite
0000662f   SysCtlDelay
00006635   __TI_decompress_rle24
0000663b   atof
00006641   cos
00006647   sin
0000664d   TimerIntClear
00006651   UARTIntClear
00006838   _ctypes_
00006d54   __TI_Handler_Table_Base
00006d60   __TI_Handler_Table_Limit
00006d70   __TI_CINIT_Base
00006d88   __TI_CINIT_Limit
20000000   g_pfnRAMVectors
2000026c   __stack
2000046c   __STACK_TOP
20000a6c   __STACK_END
20000a70   _sys_memory
20001320   _Denorm
20001330   _Eps
20001340   _Hugeval
20001350   _Inf
20001360   _Nan
20001370   _Snan
20001380   _Rteps
20001390   _Xbig
20001398   _Zero
200013a0   speed
200013a4   buffed_speed
200013a8   buffed_speed_1_old
200013ac   angle
200013b0   acceleration
200013b4   latitude
200013b8   longitude
200013bc   distance
200013c0   latitude_fixed
200013c4   longitude_fixed
200013c8   latitudeDegrees
200013cc   longitudeDegrees
200013d0   fix
200013d4   time_array
200013e8   fixquality
200013e9   satellites
200013ec   count
200013f0   last_time
200013f4   HDOP
200013f8   geoidheight
200013fc   altitude
20001400   DebUpBut
20001404   DebDownBut
20001408   DebLeftBut
2000140c   DebCwBut
20001410   DebSelectBut
20001414   raw_down
20001418   raw_up
2000141c   raw_left
20001420   raw_cw
20001424   raw_select
20001428   raw_down_p
2000142c   raw_up_p
20001430   raw_left_p
20001434   raw_cw_p
20001438   raw_select_p
2000143c   last_debounce
20001440   button_pressed
20001444   encoder_1
20001448   encoder_2
2000144c   prev_state
20001450   thing
20001454   index
20001458   read_data
20001468   time_last
2000146c   thisStep
20001470   _lock
20001474   _unlock
20001478   __TI_cleanup_ptr
2000147c   __TI_dtors_ptr
20001480   _Fenv
20001484   _Tls_setup__Fenv
20001488   _Errno
2000148c   main_func_sp
20001490   UART_char_data
20001508   UART_char_data_old
20001580   speed_array
200015ac   location
200015b4   real_time
200015bc   flag1
200015c4   lat
200015c5   lon
ffffffff   __binit__
ffffffff   __c_args__
ffffffff   binit
UNDEFED    SHT$$INIT_ARRAY$$Base
UNDEFED    SHT$$INIT_ARRAY$$Limit

[285 symbols]
