******************************************************************************
                  TI ARM Linker PC v5.0.1                      
******************************************************************************
>> Linked Sun Feb 17 12:49:12 2013

OUTPUT FILE NAME:   <Week-2_ADC.out>
ENTRY POINT SYMBOL: "_c_int00"  address: 00001845


MEMORY CONFIGURATION

         name            origin    length      used     unused   attr    fill
----------------------  --------  ---------  --------  --------  ----  --------
  FLASH                 00000000   00040000  00001d78  0003e288  R  X
  SRAM                  20000000   00010000  0000014c  0000feb4  RW X


SEGMENT ALLOCATION MAP

run origin  load origin   length   init length attrs members
----------  ----------- ---------- ----------- ----- -------
00000000    00000000    00001d78   00001d78    r-x
  00000000    00000000    000000f0   000000f0    r-- .intvecs
  000000f0    000000f0    00001938   00001938    r-x .text
  00001a28    00001a28    00000318   00000318    r-- .const
  00001d40    00001d40    00000038   00000038    r-- .cinit
20000000    20000000    00000134   00000000    rw-
  20000000    20000000    00000100   00000000    rw- .stack
  20000100    20000100    00000034   00000000    rw- .bss
20000134    20000134    00000018   00000018    rw-
  20000134    20000134    00000018   00000018    rw- .data


SECTION ALLOCATION MAP

 output                                  attributes/
section   page    origin      length       input sections
--------  ----  ----------  ----------   ----------------
.intvecs   0    00000000    000000f0     
                  00000000    000000f0     startup_ccs.obj (.intvecs)

.text      0    000000f0    00001938     
                  000000f0    00000a18     ustdlib.obj (.text)
                  00000b08    00000510     rit128x96x4.obj (.text)
                  00001018    000001d8     driverlib-cm3.lib : sysctl.obj (.text:SysCtlClockGet)
                  000011f0    00000144                       : sysctl.obj (.text:SysCtlClockSet)
                  00001334    000000e8     my_adc.obj (.text)
                  0000141c    000000c8     driverlib-cm3.lib : gpio.obj (.text:GPIOPadConfigSet)
                  000014e4    0000009c     rtsv7M3_T_le_eabi.lib : memcpy_t2.obj (.text)
                  00001580    00000094                           : auto_init.obj (.text)
                  00001614    0000006c     driverlib-cm3.lib : adc.obj (.text:ADCSequenceStepConfigure)
                  00001680    0000005e     rtsv7M3_T_le_eabi.lib : copy_decompress_rle.obj (.text)
                  000016de    00000002     --HOLE-- [fill = 0]
                  000016e0    00000058     driverlib-cm3.lib : sysctl.obj (.text:SysCtlPeripheralEnable)
                  00001738    00000044                       : ssi.obj (.text:SSIConfigSetExpClk)
                  0000177c    00000044     rtsv7M3_T_le_eabi.lib : cpy_tbl.obj (.text)
                  000017c0    00000042                           : u_divt2.obj (.text)
                  00001802    00000002     --HOLE-- [fill = 0]
                  00001804    00000040                           : exit.obj (.text)
                  00001844    00000034                           : boot.obj (.text)
                  00001878    0000002e     driverlib-cm3.lib : adc.obj (.text:ADCIntStatus)
                  000018a6    0000002e                       : gpio.obj (.text:GPIODirModeSet)
                  000018d4    0000002a                       : adc.obj (.text:ADCSequenceConfigure)
                  000018fe    00000020                       : adc.obj (.text:ADCSequenceDataGet)
                  0000191e    00000002     --HOLE-- [fill = 0]
                  00001920    00000018     rtsv7M3_T_le_eabi.lib : args_main.obj (.text)
                  00001938    00000016     driverlib-cm3.lib : adc.obj (.text:ADCProcessorTrigger)
                  0000194e    00000002     --HOLE-- [fill = 0]
                  00001950    00000014     rtsv7M3_T_le_eabi.lib : _lock.obj (.text)
                  00001964    00000012     driverlib-cm3.lib : gpio.obj (.text:GPIOPinTypeADC)
                  00001976    00000012                       : gpio.obj (.text:GPIOPinTypeGPIOOutput)
                  00001988    00000012                       : gpio.obj (.text:GPIOPinTypeSSI)
                  0000199a    00000012                       : ssi.obj (.text:SSIDataGetNonBlocking)
                  000019ac    00000012     rtsv7M3_T_le_eabi.lib : copy_zero_init.obj (.text:decompress:ZI)
                  000019be    0000000e     driverlib-cm3.lib : adc.obj (.text:ADCSequenceEnable)
                  000019cc    0000000e     rtsv7M3_T_le_eabi.lib : copy_decompress_none.obj (.text:decompress:none)
                  000019da    0000000c     startup_ccs.obj (.text)
                  000019e6    0000000a     driverlib-cm3.lib : adc.obj (.text:ADCIntClear)
                  000019f0    0000000a                       : ssi.obj (.text:SSIDataPut)
                  000019fa    0000000a                       : ssi.obj (.text:SSIDisable)
                  00001a04    0000000a                       : ssi.obj (.text:SSIEnable)
                  00001a0e    00000008                       : ssi.obj (.text:SSIBusy)
                  00001a16    00000006                       : gpio.obj (.text:GPIOPinWrite)
                  00001a1c    00000006                       : sysctl.obj (.text:SysCtlDelay)
                  00001a22    00000006     rtsv7M3_T_le_eabi.lib : copy_decompress_rle.obj (.text:decompress:rle24)

.const     0    00001a28    00000318     
                  00001a28    000001e0     rit128x96x4.obj (.const:g_pucFont)
                  00001c08    0000006c     driverlib-cm3.lib : sysctl.obj (.const:g_pulXtals)
                  00001c74    0000004f     rit128x96x4.obj (.const:.string:g_pucRIT128x96x4Init)
                  00001cc3    00000001     --HOLE-- [fill = 0]
                  00001cc4    00000040     driverlib-cm3.lib : sysctl.obj (.const)
                  00001d04    0000001c     ustdlib.obj (.const)
                  00001d20    00000012     ustdlib.obj (.const:.string)
                  00001d32    00000002     --HOLE-- [fill = 0]
                  00001d34    0000000c     rit128x96x4.obj (.const:.string)

.cinit     0    00001d40    00000038     
                  00001d40    00000013     (.cinit..data.load) [load image, compression = rle]
                  00001d53    00000001     --HOLE-- [fill = 0]
                  00001d54    0000000c     (__TI_handler_table)
                  00001d60    00000008     (.cinit..bss.load) [load image, compression = zero_init]
                  00001d68    00000010     (__TI_cinit_table)

.stack     0    20000000    00000100     UNINITIALIZED
                  20000000    00000100     --HOLE--

.bss       0    20000100    00000034     UNINITIALIZED
                  20000100    00000028     my_adc.obj (.bss:strBuf)
                  20000128    0000000c     rit128x96x4.obj (.bss)

.data      0    20000134    00000018     
                  20000134    00000008     rtsv7M3_T_le_eabi.lib : _lock.obj (.data)
                  2000013c    00000008                           : exit.obj (.data)
                  20000144    00000004                           : stkdepth_vars.obj (.data)
                  20000148    00000004     ustdlib.obj (.data)


LINKER GENERATED COPY TABLES

__TI_cinit_table @ 00001d68 records: 2, size/record: 8, table size: 16
	.data: load addr=00001d40, load size=00000013 bytes, run addr=20000134, run size=00000018 bytes, compression=rle
	.bss: load addr=00001d60, load size=00000008 bytes, run addr=20000100, run size=00000034 bytes, compression=zero_init


LINKER GENERATED HANDLER TABLE

__TI_handler_table @ 00001d54 records: 3, size/record: 4, table size: 12
	index: 0, handler: __TI_decompress_rle24
	index: 1, handler: __TI_decompress_none
	index: 2, handler: __TI_zero_init


GLOBAL SYMBOLS: SORTED ALPHABETICALLY BY Name 

address    name
--------   ----
000019e7   ADCIntClear
00001879   ADCIntStatus
00001939   ADCProcessorTrigger
000018d5   ADCSequenceConfigure
000018ff   ADCSequenceDataGet
000019bf   ADCSequenceEnable
00001615   ADCSequenceStepConfigure
00001805   C$$EXIT
000018a7   GPIODirModeSet
0000141d   GPIOPadConfigSet
00001965   GPIOPinTypeADC
00001977   GPIOPinTypeGPIOOutput
00001989   GPIOPinTypeSSI
00001a17   GPIOPinWrite
00000c11   RIT128x96x4Clear
00000ea3   RIT128x96x4Disable
00000fe5   RIT128x96x4DisplayOff
00000fb1   RIT128x96x4DisplayOn
00000e49   RIT128x96x4Enable
00000dad   RIT128x96x4ImageDraw
00000f11   RIT128x96x4Init
00000c7d   RIT128x96x4StringDraw
000019db   ResetISR
UNDEFED    SHT$$INIT_ARRAY$$Base
UNDEFED    SHT$$INIT_ARRAY$$Limit
00001a0f   SSIBusy
00001739   SSIConfigSetExpClk
0000199b   SSIDataGetNonBlocking
000019f1   SSIDataPut
000019fb   SSIDisable
00001a05   SSIEnable
00001019   SysCtlClockGet
000011f1   SysCtlClockSet
00001a1d   SysCtlDelay
000016e1   SysCtlPeripheralEnable
20000100   __STACK_END
00000100   __STACK_SIZE
20000100   __STACK_TOP
00001d68   __TI_CINIT_Base
00001d78   __TI_CINIT_Limit
00001d54   __TI_Handler_Table_Base
00001d60   __TI_Handler_Table_Limit
00000001   __TI_args_main
00001581   __TI_auto_init
000019cd   __TI_decompress_none
00001a23   __TI_decompress_rle24
00000000   __TI_static_base__
000019ad   __TI_zero_init
000014e5   __aeabi_memcpy
000014e5   __aeabi_memcpy4
000014e5   __aeabi_memcpy8
000017c1   __aeabi_uidivmod
ffffffff   __binit__
ffffffff   __c_args__
20000000   __stack
00001921   _args_main
00001845   _c_int00
2000013c   _cleanup_ptr
20000140   _dtors_ptr
20000134   _lock
0000195f   _nop
00001957   _register_lock
00001951   _register_unlock
20000138   _unlock
00001809   abort
ffffffff   binit
0000177d   copy_in
00001811   exit
00000000   g_pfnVectors
00001335   initialise
000013a5   main
20000144   main_func_sp
000014e5   memcpy
20000100   strBuf
000005a9   ulocaltime
000007a9   umktime
00001381   updateDisplay
00000ae5   urand
00000573   usnprintf
00000541   usprintf
00000ad5   usrand
00000a4d   ustrcasecmp
00000ac1   ustrcmp
00000959   ustrlen
00000a61   ustrncmp
000000f1   ustrncpy
000009ad   ustrnicmp
0000097b   ustrstr
00000821   ustrtoul
00000149   uvsnprintf


GLOBAL SYMBOLS: SORTED BY Symbol Address 

address    name
--------   ----
00000000   __TI_static_base__
00000000   g_pfnVectors
00000001   __TI_args_main
000000f1   ustrncpy
00000100   __STACK_SIZE
00000149   uvsnprintf
00000541   usprintf
00000573   usnprintf
000005a9   ulocaltime
000007a9   umktime
00000821   ustrtoul
00000959   ustrlen
0000097b   ustrstr
000009ad   ustrnicmp
00000a4d   ustrcasecmp
00000a61   ustrncmp
00000ac1   ustrcmp
00000ad5   usrand
00000ae5   urand
00000c11   RIT128x96x4Clear
00000c7d   RIT128x96x4StringDraw
00000dad   RIT128x96x4ImageDraw
00000e49   RIT128x96x4Enable
00000ea3   RIT128x96x4Disable
00000f11   RIT128x96x4Init
00000fb1   RIT128x96x4DisplayOn
00000fe5   RIT128x96x4DisplayOff
00001019   SysCtlClockGet
000011f1   SysCtlClockSet
00001335   initialise
00001381   updateDisplay
000013a5   main
0000141d   GPIOPadConfigSet
000014e5   __aeabi_memcpy
000014e5   __aeabi_memcpy4
000014e5   __aeabi_memcpy8
000014e5   memcpy
00001581   __TI_auto_init
00001615   ADCSequenceStepConfigure
000016e1   SysCtlPeripheralEnable
00001739   SSIConfigSetExpClk
0000177d   copy_in
000017c1   __aeabi_uidivmod
00001805   C$$EXIT
00001809   abort
00001811   exit
00001845   _c_int00
00001879   ADCIntStatus
000018a7   GPIODirModeSet
000018d5   ADCSequenceConfigure
000018ff   ADCSequenceDataGet
00001921   _args_main
00001939   ADCProcessorTrigger
00001951   _register_unlock
00001957   _register_lock
0000195f   _nop
00001965   GPIOPinTypeADC
00001977   GPIOPinTypeGPIOOutput
00001989   GPIOPinTypeSSI
0000199b   SSIDataGetNonBlocking
000019ad   __TI_zero_init
000019bf   ADCSequenceEnable
000019cd   __TI_decompress_none
000019db   ResetISR
000019e7   ADCIntClear
000019f1   SSIDataPut
000019fb   SSIDisable
00001a05   SSIEnable
00001a0f   SSIBusy
00001a17   GPIOPinWrite
00001a1d   SysCtlDelay
00001a23   __TI_decompress_rle24
00001d54   __TI_Handler_Table_Base
00001d60   __TI_Handler_Table_Limit
00001d68   __TI_CINIT_Base
00001d78   __TI_CINIT_Limit
20000000   __stack
20000100   __STACK_END
20000100   __STACK_TOP
20000100   strBuf
20000134   _lock
20000138   _unlock
2000013c   _cleanup_ptr
20000140   _dtors_ptr
20000144   main_func_sp
ffffffff   __binit__
ffffffff   __c_args__
ffffffff   binit
UNDEFED    SHT$$INIT_ARRAY$$Base
UNDEFED    SHT$$INIT_ARRAY$$Limit

[90 symbols]
